<?xml version="1.0" encoding="ISO-8859-1" ?>
<link_info>
   <banner>TI ARM Linker PC v20.2.4.LTS</banner>
   <copyright>Copyright (c) 1996-2018 Texas Instruments Incorporated</copyright>
   <link_time>0x61523e08</link_time>
   <link_errors>0x0</link_errors>
   <output_file>Lab_3.out</output_file>
   <entry_point>
      <name>_c_int00_noargs</name>
      <address>0x42ad</address>
   </entry_point>
   <input_file_list>
      <input_file id="fl-2">
         <path>.\</path>
         <kind>object</kind>
         <file>Timer.obj</file>
         <name>Timer.obj</name>
      </input_file>
      <input_file id="fl-3">
         <path>.\</path>
         <kind>object</kind>
         <file>lcd.obj</file>
         <name>lcd.obj</name>
      </input_file>
      <input_file id="fl-4">
         <path>.\</path>
         <kind>object</kind>
         <file>main.obj</file>
         <name>main.obj</name>
      </input_file>
      <input_file id="fl-5">
         <path>.\</path>
         <kind>object</kind>
         <file>movement.obj</file>
         <name>movement.obj</name>
      </input_file>
      <input_file id="fl-6">
         <path>.\</path>
         <kind>object</kind>
         <file>open_interface.obj</file>
         <name>open_interface.obj</name>
      </input_file>
      <input_file id="fl-7">
         <path>.\</path>
         <kind>object</kind>
         <file>tm4c123gh6pm_startup_ccs.obj</file>
         <name>tm4c123gh6pm_startup_ccs.obj</name>
      </input_file>
      <input_file id="fl-e">
         <kind>object</kind>
         <file>&lt;internal&gt;</file>
         <name>&lt;internal&gt;</name>
      </input_file>
      <input_file id="fl-f">
         <path>..\</path>
         <kind>archive</kind>
         <file>libcybotScan.lib</file>
         <name>cyBot_Scan.obj</name>
      </input_file>
      <input_file id="fl-10">
         <path>..\</path>
         <kind>archive</kind>
         <file>libcybotScan.lib</file>
         <name>ir.obj</name>
      </input_file>
      <input_file id="fl-11">
         <path>..\</path>
         <kind>archive</kind>
         <file>libcybotScan.lib</file>
         <name>ping.obj</name>
      </input_file>
      <input_file id="fl-12">
         <path>..\</path>
         <kind>archive</kind>
         <file>libcybotScan.lib</file>
         <name>servo.obj</name>
      </input_file>
      <input_file id="fl-13">
         <path>..\</path>
         <kind>archive</kind>
         <file>libcybotUART.lib</file>
         <name>uart.obj</name>
      </input_file>
      <input_file id="fl-c9">
         <path>C:\ti\ccs1031\ccs\tools\compiler\ti-cgt-arm_20.2.4.LTS\lib\</path>
         <kind>archive</kind>
         <file>rtsv7M4_T_le_v4SPD16_eabi.lib</file>
         <name>sprintf.c.obj</name>
      </input_file>
      <input_file id="fl-ca">
         <path>C:\ti\ccs1031\ccs\tools\compiler\ti-cgt-arm_20.2.4.LTS\lib\</path>
         <kind>archive</kind>
         <file>rtsv7M4_T_le_v4SPD16_eabi.lib</file>
         <name>vsnprintf.c.obj</name>
      </input_file>
      <input_file id="fl-cb">
         <path>C:\ti\ccs1031\ccs\tools\compiler\ti-cgt-arm_20.2.4.LTS\lib\</path>
         <kind>archive</kind>
         <file>rtsv7M4_T_le_v4SPD16_eabi.lib</file>
         <name>fd_add_t2.asm.obj</name>
      </input_file>
      <input_file id="fl-cc">
         <path>C:\ti\ccs1031\ccs\tools\compiler\ti-cgt-arm_20.2.4.LTS\lib\</path>
         <kind>archive</kind>
         <file>rtsv7M4_T_le_v4SPD16_eabi.lib</file>
         <name>fd_cmp_t2.asm.obj</name>
      </input_file>
      <input_file id="fl-cd">
         <path>C:\ti\ccs1031\ccs\tools\compiler\ti-cgt-arm_20.2.4.LTS\lib\</path>
         <kind>archive</kind>
         <file>rtsv7M4_T_le_v4SPD16_eabi.lib</file>
         <name>fd_div_t2.asm.obj</name>
      </input_file>
      <input_file id="fl-ce">
         <path>C:\ti\ccs1031\ccs\tools\compiler\ti-cgt-arm_20.2.4.LTS\lib\</path>
         <kind>archive</kind>
         <file>rtsv7M4_T_le_v4SPD16_eabi.lib</file>
         <name>fd_mul_t2.asm.obj</name>
      </input_file>
      <input_file id="fl-cf">
         <path>C:\ti\ccs1031\ccs\tools\compiler\ti-cgt-arm_20.2.4.LTS\lib\</path>
         <kind>archive</kind>
         <file>rtsv7M4_T_le_v4SPD16_eabi.lib</file>
         <name>fd_toi_t2.asm.obj</name>
      </input_file>
      <input_file id="fl-d0">
         <path>C:\ti\ccs1031\ccs\tools\compiler\ti-cgt-arm_20.2.4.LTS\lib\</path>
         <kind>archive</kind>
         <file>rtsv7M4_T_le_v4SPD16_eabi.lib</file>
         <name>fd_tos_t2.asm.obj</name>
      </input_file>
      <input_file id="fl-d1">
         <path>C:\ti\ccs1031\ccs\tools\compiler\ti-cgt-arm_20.2.4.LTS\lib\</path>
         <kind>archive</kind>
         <file>rtsv7M4_T_le_v4SPD16_eabi.lib</file>
         <name>fs_tod_t2.asm.obj</name>
      </input_file>
      <input_file id="fl-d2">
         <path>C:\ti\ccs1031\ccs\tools\compiler\ti-cgt-arm_20.2.4.LTS\lib\</path>
         <kind>archive</kind>
         <file>rtsv7M4_T_le_v4SPD16_eabi.lib</file>
         <name>i_tofd_t2.asm.obj</name>
      </input_file>
      <input_file id="fl-d3">
         <path>C:\ti\ccs1031\ccs\tools\compiler\ti-cgt-arm_20.2.4.LTS\lib\</path>
         <kind>archive</kind>
         <file>rtsv7M4_T_le_v4SPD16_eabi.lib</file>
         <name>memcpy_t2.asm.obj</name>
      </input_file>
      <input_file id="fl-d4">
         <path>C:\ti\ccs1031\ccs\tools\compiler\ti-cgt-arm_20.2.4.LTS\lib\</path>
         <kind>archive</kind>
         <file>rtsv7M4_T_le_v4SPD16_eabi.lib</file>
         <name>copy_zero_init.c.obj</name>
      </input_file>
      <input_file id="fl-d5">
         <path>C:\ti\ccs1031\ccs\tools\compiler\ti-cgt-arm_20.2.4.LTS\lib\</path>
         <kind>archive</kind>
         <file>rtsv7M4_T_le_v4SPD16_eabi.lib</file>
         <name>copy_decompress_none.c.obj</name>
      </input_file>
      <input_file id="fl-d6">
         <path>C:\ti\ccs1031\ccs\tools\compiler\ti-cgt-arm_20.2.4.LTS\lib\</path>
         <kind>archive</kind>
         <file>rtsv7M4_T_le_v4SPD16_eabi.lib</file>
         <name>copy_decompress_lzss.c.obj</name>
      </input_file>
      <input_file id="fl-d7">
         <path>C:\ti\ccs1031\ccs\tools\compiler\ti-cgt-arm_20.2.4.LTS\lib\</path>
         <kind>archive</kind>
         <file>rtsv7M4_T_le_v4SPD16_eabi.lib</file>
         <name>memory.c.obj</name>
      </input_file>
      <input_file id="fl-d8">
         <path>C:\ti\ccs1031\ccs\tools\compiler\ti-cgt-arm_20.2.4.LTS\lib\</path>
         <kind>archive</kind>
         <file>rtsv7M4_T_le_v4SPD16_eabi.lib</file>
         <name>strcmp.c.obj</name>
      </input_file>
      <input_file id="fl-d9">
         <path>C:\ti\ccs1031\ccs\tools\compiler\ti-cgt-arm_20.2.4.LTS\lib\</path>
         <kind>archive</kind>
         <file>rtsv7M4_T_le_v4SPD16_eabi.lib</file>
         <name>strcpy.c.obj</name>
      </input_file>
      <input_file id="fl-da">
         <path>C:\ti\ccs1031\ccs\tools\compiler\ti-cgt-arm_20.2.4.LTS\lib\</path>
         <kind>archive</kind>
         <file>rtsv7M4_T_le_v4SPD16_eabi.lib</file>
         <name>strlen.c.obj</name>
      </input_file>
      <input_file id="fl-db">
         <path>C:\ti\ccs1031\ccs\tools\compiler\ti-cgt-arm_20.2.4.LTS\lib\</path>
         <kind>archive</kind>
         <file>rtsv7M4_T_le_v4SPD16_eabi.lib</file>
         <name>boot_cortex_m.c.obj</name>
      </input_file>
      <input_file id="fl-dc">
         <path>C:\ti\ccs1031\ccs\tools\compiler\ti-cgt-arm_20.2.4.LTS\lib\</path>
         <kind>archive</kind>
         <file>rtsv7M4_T_le_v4SPD16_eabi.lib</file>
         <name>_printfi.c.obj</name>
      </input_file>
      <input_file id="fl-dd">
         <path>C:\ti\ccs1031\ccs\tools\compiler\ti-cgt-arm_20.2.4.LTS\lib\</path>
         <kind>archive</kind>
         <file>rtsv7M4_T_le_v4SPD16_eabi.lib</file>
         <name>s_frexp.c.obj</name>
      </input_file>
      <input_file id="fl-de">
         <path>C:\ti\ccs1031\ccs\tools\compiler\ti-cgt-arm_20.2.4.LTS\lib\</path>
         <kind>archive</kind>
         <file>rtsv7M4_T_le_v4SPD16_eabi.lib</file>
         <name>s_scalbn.c.obj</name>
      </input_file>
      <input_file id="fl-df">
         <path>C:\ti\ccs1031\ccs\tools\compiler\ti-cgt-arm_20.2.4.LTS\lib\</path>
         <kind>archive</kind>
         <file>rtsv7M4_T_le_v4SPD16_eabi.lib</file>
         <name>s_copysign.c.obj</name>
      </input_file>
      <input_file id="fl-e0">
         <path>C:\ti\ccs1031\ccs\tools\compiler\ti-cgt-arm_20.2.4.LTS\lib\</path>
         <kind>archive</kind>
         <file>rtsv7M4_T_le_v4SPD16_eabi.lib</file>
         <name>ull_div_t2.asm.obj</name>
      </input_file>
      <input_file id="fl-e1">
         <path>C:\ti\ccs1031\ccs\tools\compiler\ti-cgt-arm_20.2.4.LTS\lib\</path>
         <kind>archive</kind>
         <file>rtsv7M4_T_le_v4SPD16_eabi.lib</file>
         <name>memset_t2.asm.obj</name>
      </input_file>
      <input_file id="fl-e2">
         <path>C:\ti\ccs1031\ccs\tools\compiler\ti-cgt-arm_20.2.4.LTS\lib\</path>
         <kind>archive</kind>
         <file>rtsv7M4_T_le_v4SPD16_eabi.lib</file>
         <name>autoinit.c.obj</name>
      </input_file>
      <input_file id="fl-e3">
         <path>C:\ti\ccs1031\ccs\tools\compiler\ti-cgt-arm_20.2.4.LTS\lib\</path>
         <kind>archive</kind>
         <file>rtsv7M4_T_le_v4SPD16_eabi.lib</file>
         <name>pre_init.c.obj</name>
      </input_file>
      <input_file id="fl-e4">
         <path>C:\ti\ccs1031\ccs\tools\compiler\ti-cgt-arm_20.2.4.LTS\lib\</path>
         <kind>archive</kind>
         <file>rtsv7M4_T_le_v4SPD16_eabi.lib</file>
         <name>cpy_tbl.c.obj</name>
      </input_file>
      <input_file id="fl-e5">
         <path>C:\ti\ccs1031\ccs\tools\compiler\ti-cgt-arm_20.2.4.LTS\lib\</path>
         <kind>archive</kind>
         <file>rtsv7M4_T_le_v4SPD16_eabi.lib</file>
         <name>exit.c.obj</name>
      </input_file>
      <input_file id="fl-e6">
         <path>C:\ti\ccs1031\ccs\tools\compiler\ti-cgt-arm_20.2.4.LTS\lib\</path>
         <kind>archive</kind>
         <file>rtsv7M4_T_le_v4SPD16_eabi.lib</file>
         <name>_lock.c.obj</name>
      </input_file>
      <input_file id="fl-e7">
         <path>C:\ti\ccs1031\ccs\tools\compiler\ti-cgt-arm_20.2.4.LTS\lib\</path>
         <kind>archive</kind>
         <file>rtsv7M4_T_le_v4SPD16_eabi.lib</file>
         <name>_ltoa.c.obj</name>
      </input_file>
      <input_file id="fl-e8">
         <path>C:\ti\ccs1031\ccs\tools\compiler\ti-cgt-arm_20.2.4.LTS\lib\</path>
         <kind>archive</kind>
         <file>rtsv7M4_T_le_v4SPD16_eabi.lib</file>
         <name>args_main.c.obj</name>
      </input_file>
      <input_file id="fl-e9">
         <path>C:\ti\ccs1031\ccs\tools\compiler\ti-cgt-arm_20.2.4.LTS\lib\</path>
         <kind>archive</kind>
         <file>rtsv7M4_T_le_v4SPD16_eabi.lib</file>
         <name>atoi.c.obj</name>
      </input_file>
      <input_file id="fl-ea">
         <path>C:\ti\ccs1031\ccs\tools\compiler\ti-cgt-arm_20.2.4.LTS\lib\</path>
         <kind>archive</kind>
         <file>rtsv7M4_T_le_v4SPD16_eabi.lib</file>
         <name>ctype.c.obj</name>
      </input_file>
      <input_file id="fl-eb">
         <path>C:\ti\ccs1031\ccs\tools\compiler\ti-cgt-arm_20.2.4.LTS\lib\</path>
         <kind>archive</kind>
         <file>rtsv7M4_T_le_v4SPD16_eabi.lib</file>
         <name>memccpy.c.obj</name>
      </input_file>
      <input_file id="fl-ec">
         <path>C:\ti\ccs1031\ccs\tools\compiler\ti-cgt-arm_20.2.4.LTS\lib\</path>
         <kind>archive</kind>
         <file>rtsv7M4_T_le_v4SPD16_eabi.lib</file>
         <name>strchr.c.obj</name>
      </input_file>
      <input_file id="fl-ed">
         <path>C:\ti\ccs1031\ccs\tools\compiler\ti-cgt-arm_20.2.4.LTS\lib\</path>
         <kind>archive</kind>
         <file>rtsv7M4_T_le_v4SPD16_eabi.lib</file>
         <name>errno.c.obj</name>
      </input_file>
      <input_file id="fl-ee">
         <path>C:\ti\ccs1031\ccs\tools\compiler\ti-cgt-arm_20.2.4.LTS\lib\</path>
         <kind>archive</kind>
         <file>rtsv7M4_T_le_v4SPD16_eabi.lib</file>
         <name>wcslen.c.obj</name>
      </input_file>
      <input_file id="fl-ef">
         <path>C:\ti\ccs1031\ccs\tools\compiler\ti-cgt-arm_20.2.4.LTS\lib\</path>
         <kind>archive</kind>
         <file>rtsv7M4_T_le_v4SPD16_eabi.lib</file>
         <name>div0.asm.obj</name>
      </input_file>
      <input_file id="fl-f0">
         <path>C:\ti\TivaWare_C_Series-2.1.4.178\driverlib\ccs\Debug\</path>
         <kind>archive</kind>
         <file>driverlib.lib</file>
         <name>interrupt.obj</name>
      </input_file>
      <input_file id="fl-f1">
         <path>C:\ti\TivaWare_C_Series-2.1.4.178\driverlib\ccs\Debug\</path>
         <kind>archive</kind>
         <file>driverlib.lib</file>
         <name>cpu.obj</name>
      </input_file>
   </input_file_list>
   <object_component_list>
      <object_component id="oc-12">
         <name>.intvecs</name>
         <load_address>0x0</load_address>
         <run_address>0x0</run_address>
         <size>0x26c</size>
         <input_file_ref idref="fl-7"/>
      </object_component>
      <object_component id="oc-d7">
         <name>.text</name>
         <load_address>0x26c</load_address>
         <run_address>0x26c</run_address>
         <size>0xc20</size>
         <input_file_ref idref="fl-6"/>
      </object_component>
      <object_component id="oc-1f0">
         <name>.text:__TI_printfi</name>
         <load_address>0xe8c</load_address>
         <run_address>0xe8c</run_address>
         <size>0xa4e</size>
         <input_file_ref idref="fl-dc"/>
      </object_component>
      <object_component id="oc-2f6">
         <name>.text:_nop</name>
         <load_address>0x18da</load_address>
         <run_address>0x18da</run_address>
         <size>0x2</size>
         <input_file_ref idref="fl-e6"/>
      </object_component>
      <object_component id="oc-a2">
         <name>.text</name>
         <load_address>0x18dc</load_address>
         <run_address>0x18dc</run_address>
         <size>0x4d4</size>
         <input_file_ref idref="fl-4"/>
      </object_component>
      <object_component id="oc-dd">
         <name>.text</name>
         <load_address>0x1db0</load_address>
         <run_address>0x1db0</run_address>
         <size>0x374</size>
         <input_file_ref idref="fl-5"/>
      </object_component>
      <object_component id="oc-ef">
         <name>.text</name>
         <load_address>0x2124</load_address>
         <run_address>0x2124</run_address>
         <size>0x328</size>
         <input_file_ref idref="fl-3"/>
      </object_component>
      <object_component id="oc-2c9">
         <name>.text:_pconv_a</name>
         <load_address>0x244c</load_address>
         <run_address>0x244c</run_address>
         <size>0x270</size>
         <input_file_ref idref="fl-dc"/>
      </object_component>
      <object_component id="oc-168">
         <name>.text</name>
         <load_address>0x26bc</load_address>
         <run_address>0x26bc</run_address>
         <size>0x248</size>
         <input_file_ref idref="fl-2"/>
      </object_component>
      <object_component id="oc-1e1">
         <name>.text</name>
         <load_address>0x2904</load_address>
         <run_address>0x2904</run_address>
         <size>0x1ec</size>
         <input_file_ref idref="fl-11"/>
      </object_component>
      <object_component id="oc-2b7">
         <name>.text:_pconv_g</name>
         <load_address>0x2af0</load_address>
         <run_address>0x2af0</run_address>
         <size>0x1d0</size>
         <input_file_ref idref="fl-dc"/>
      </object_component>
      <object_component id="oc-194">
         <name>.text</name>
         <load_address>0x2cc0</load_address>
         <run_address>0x2cc0</run_address>
         <size>0x1b6</size>
         <input_file_ref idref="fl-cb"/>
      </object_component>
      <object_component id="oc-3ac">
         <name>.text</name>
         <load_address>0x2e76</load_address>
         <run_address>0x2e76</run_address>
         <size>0x2</size>
         <input_file_ref idref="fl-ef"/>
      </object_component>
      <object_component id="oc-e3">
         <name>.text</name>
         <load_address>0x2e78</load_address>
         <run_address>0x2e78</run_address>
         <size>0x15c</size>
         <input_file_ref idref="fl-13"/>
      </object_component>
      <object_component id="oc-2c3">
         <name>.text:_pconv_e</name>
         <load_address>0x2fd4</load_address>
         <run_address>0x2fd4</run_address>
         <size>0x13c</size>
         <input_file_ref idref="fl-dc"/>
      </object_component>
      <object_component id="oc-18f">
         <name>.text</name>
         <load_address>0x3110</load_address>
         <run_address>0x3110</run_address>
         <size>0x136</size>
         <input_file_ref idref="fl-cd"/>
      </object_component>
      <object_component id="oc-354">
         <name>.text:fcvt</name>
         <load_address>0x3248</load_address>
         <run_address>0x3248</run_address>
         <size>0x124</size>
         <input_file_ref idref="fl-dc"/>
      </object_component>
      <object_component id="oc-1db">
         <name>.text</name>
         <load_address>0x336c</load_address>
         <run_address>0x336c</run_address>
         <size>0x124</size>
         <input_file_ref idref="fl-12"/>
      </object_component>
      <object_component id="oc-1e7">
         <name>.text</name>
         <load_address>0x3490</load_address>
         <run_address>0x3490</run_address>
         <size>0x118</size>
         <input_file_ref idref="fl-10"/>
      </object_component>
      <object_component id="oc-368">
         <name>.text:scalbn</name>
         <load_address>0x35a8</load_address>
         <run_address>0x35a8</run_address>
         <size>0x110</size>
         <input_file_ref idref="fl-de"/>
      </object_component>
      <object_component id="oc-317">
         <name>.text:aligned_alloc</name>
         <load_address>0x36b8</load_address>
         <run_address>0x36b8</run_address>
         <size>0x100</size>
         <input_file_ref idref="fl-d7"/>
      </object_component>
      <object_component id="oc-18a">
         <name>.text</name>
         <load_address>0x37b8</load_address>
         <run_address>0x37b8</run_address>
         <size>0xfc</size>
         <input_file_ref idref="fl-ce"/>
      </object_component>
      <object_component id="oc-10b">
         <name>.text:free</name>
         <load_address>0x38b4</load_address>
         <run_address>0x38b4</run_address>
         <size>0xe4</size>
         <input_file_ref idref="fl-d7"/>
      </object_component>
      <object_component id="oc-2b1">
         <name>.text:_ltostr</name>
         <load_address>0x3998</load_address>
         <run_address>0x3998</run_address>
         <size>0xb1</size>
         <input_file_ref idref="fl-dc"/>
      </object_component>
      <object_component id="oc-3e">
         <name>.text</name>
         <load_address>0x3a4a</load_address>
         <run_address>0x3a4a</run_address>
         <size>0x9c</size>
         <input_file_ref idref="fl-d3"/>
      </object_component>
      <object_component id="oc-33b">
         <name>.text</name>
         <load_address>0x3ae6</load_address>
         <run_address>0x3ae6</run_address>
         <size>0x96</size>
         <input_file_ref idref="fl-e0"/>
      </object_component>
      <object_component id="oc-1a4">
         <name>.text:__aeabi_cdcmple</name>
         <load_address>0x3b7c</load_address>
         <run_address>0x3b7c</run_address>
         <size>0x86</size>
         <input_file_ref idref="fl-cc"/>
      </object_component>
      <object_component id="oc-1a9">
         <name>.text:__aeabi_cdrcmple</name>
         <load_address>0x3c02</load_address>
         <run_address>0x3c02</run_address>
         <size>0x86</size>
         <input_file_ref idref="fl-cc"/>
      </object_component>
      <object_component id="oc-96">
         <name>.text</name>
         <load_address>0x3c88</load_address>
         <run_address>0x3c88</run_address>
         <size>0x7a</size>
         <input_file_ref idref="fl-e1"/>
      </object_component>
      <object_component id="oc-3a0">
         <name>.text:split</name>
         <load_address>0x3d04</load_address>
         <run_address>0x3d04</run_address>
         <size>0x70</size>
         <input_file_ref idref="fl-d7"/>
      </object_component>
      <object_component id="oc-34d">
         <name>.text:_mcpy</name>
         <load_address>0x3d74</load_address>
         <run_address>0x3d74</run_address>
         <size>0x6e</size>
         <input_file_ref idref="fl-dc"/>
      </object_component>
      <object_component id="oc-19c">
         <name>.text</name>
         <load_address>0x3de2</load_address>
         <run_address>0x3de2</run_address>
         <size>0x6e</size>
         <input_file_ref idref="fl-d0"/>
      </object_component>
      <object_component id="oc-15">
         <name>.text:decompress:lzss:__TI_decompress_lzss</name>
         <load_address>0x3e50</load_address>
         <run_address>0x3e50</run_address>
         <size>0x68</size>
         <input_file_ref idref="fl-d6"/>
      </object_component>
      <object_component id="oc-362">
         <name>.text:frexp</name>
         <load_address>0x3eb8</load_address>
         <run_address>0x3eb8</run_address>
         <size>0x64</size>
         <input_file_ref idref="fl-dd"/>
      </object_component>
      <object_component id="oc-f5">
         <name>.text</name>
         <load_address>0x3f1c</load_address>
         <run_address>0x3f1c</run_address>
         <size>0x58</size>
         <input_file_ref idref="fl-f"/>
      </object_component>
      <object_component id="oc-2bd">
         <name>.text:_pconv_f</name>
         <load_address>0x3f74</load_address>
         <run_address>0x3f74</run_address>
         <size>0x56</size>
         <input_file_ref idref="fl-dc"/>
      </object_component>
      <object_component id="oc-341">
         <name>.text:__TI_ltoa</name>
         <load_address>0x3fca</load_address>
         <run_address>0x3fca</run_address>
         <size>0x54</size>
         <input_file_ref idref="fl-e7"/>
      </object_component>
      <object_component id="oc-347">
         <name>.text:_ecpy</name>
         <load_address>0x401e</load_address>
         <run_address>0x401e</run_address>
         <size>0x52</size>
         <input_file_ref idref="fl-dc"/>
      </object_component>
      <object_component id="oc-2ab">
         <name>.text:atoi</name>
         <load_address>0x4070</load_address>
         <run_address>0x4070</run_address>
         <size>0x4c</size>
         <input_file_ref idref="fl-e9"/>
      </object_component>
      <object_component id="oc-1ae">
         <name>.text</name>
         <load_address>0x40bc</load_address>
         <run_address>0x40bc</run_address>
         <size>0x48</size>
         <input_file_ref idref="fl-cf"/>
      </object_component>
      <object_component id="oc-12e">
         <name>.text:__TI_auto_init_nobinit_nopinit:__TI_auto_init_nobinit_nopinit</name>
         <load_address>0x4104</load_address>
         <run_address>0x4104</run_address>
         <size>0x44</size>
         <input_file_ref idref="fl-e2"/>
      </object_component>
      <object_component id="oc-100">
         <name>.text:sprintf</name>
         <load_address>0x4148</load_address>
         <run_address>0x4148</run_address>
         <size>0x40</size>
         <input_file_ref idref="fl-c9"/>
      </object_component>
      <object_component id="oc-1c5">
         <name>.text:vsnprintf</name>
         <load_address>0x4188</load_address>
         <run_address>0x4188</run_address>
         <size>0x40</size>
         <input_file_ref idref="fl-ca"/>
      </object_component>
      <object_component id="oc-35a">
         <name>.text:_fcpy</name>
         <load_address>0x41c8</load_address>
         <run_address>0x41c8</run_address>
         <size>0x3e</size>
         <input_file_ref idref="fl-dc"/>
      </object_component>
      <object_component id="oc-162">
         <name>.text:calloc</name>
         <load_address>0x4208</load_address>
         <run_address>0x4208</run_address>
         <size>0x38</size>
         <input_file_ref idref="fl-d7"/>
      </object_component>
      <object_component id="oc-fb">
         <name>.text</name>
         <load_address>0x4240</load_address>
         <run_address>0x4240</run_address>
         <size>0x38</size>
         <input_file_ref idref="fl-d1"/>
      </object_component>
      <object_component id="oc-17b">
         <name>.text:IntRegister</name>
         <load_address>0x4278</load_address>
         <run_address>0x4278</run_address>
         <size>0x34</size>
         <input_file_ref idref="fl-f0"/>
      </object_component>
      <object_component id="oc-5c">
         <name>.text:_c_int00_noargs:_c_int00_noargs</name>
         <load_address>0x42ac</load_address>
         <run_address>0x42ac</run_address>
         <size>0x34</size>
         <input_file_ref idref="fl-db"/>
      </object_component>
      <object_component id="oc-27c">
         <name>.text:_outs</name>
         <load_address>0x42e0</load_address>
         <run_address>0x42e0</run_address>
         <size>0x30</size>
         <input_file_ref idref="fl-ca"/>
      </object_component>
      <object_component id="oc-106">
         <name>.text</name>
         <load_address>0x4310</load_address>
         <run_address>0x4310</run_address>
         <size>0x2e</size>
         <input_file_ref idref="fl-d2"/>
      </object_component>
      <object_component id="oc-20b">
         <name>.text:free_list_insert</name>
         <load_address>0x4340</load_address>
         <run_address>0x4340</run_address>
         <size>0x28</size>
         <input_file_ref idref="fl-d7"/>
      </object_component>
      <object_component id="oc-4a">
         <name>.text:decompress:ZI:__TI_zero_init_nomemset:__TI_zero_init_nomemset</name>
         <load_address>0x4368</load_address>
         <run_address>0x4368</run_address>
         <size>0x1c</size>
         <input_file_ref idref="fl-d4"/>
      </object_component>
      <object_component id="oc-205">
         <name>.text:free_list_remove</name>
         <load_address>0x4384</load_address>
         <run_address>0x4384</run_address>
         <size>0x1c</size>
         <input_file_ref idref="fl-d7"/>
      </object_component>
      <object_component id="oc-2cf">
         <name>.text:memccpy</name>
         <load_address>0x43a0</load_address>
         <run_address>0x43a0</run_address>
         <size>0x1c</size>
         <input_file_ref idref="fl-eb"/>
      </object_component>
      <object_component id="oc-3bf">
         <name>.text:copysign</name>
         <load_address>0x43bc</load_address>
         <run_address>0x43bc</run_address>
         <size>0x1a</size>
         <input_file_ref idref="fl-df"/>
      </object_component>
      <object_component id="oc-282">
         <name>.text:_outc</name>
         <load_address>0x43d6</load_address>
         <run_address>0x43d6</run_address>
         <size>0x18</size>
         <input_file_ref idref="fl-ca"/>
      </object_component>
      <object_component id="oc-1f6">
         <name>.text:_outs</name>
         <load_address>0x43ee</load_address>
         <run_address>0x43ee</run_address>
         <size>0x18</size>
         <input_file_ref idref="fl-c9"/>
      </object_component>
      <object_component id="oc-16e">
         <name>.text:oi_parseInt</name>
         <load_address>0x4406</load_address>
         <run_address>0x4406</run_address>
         <size>0x18</size>
         <input_file_ref idref="fl-6"/>
      </object_component>
      <object_component id="oc-175">
         <name>.text:strcmp</name>
         <load_address>0x441e</load_address>
         <run_address>0x441e</run_address>
         <size>0x18</size>
         <input_file_ref idref="fl-d8"/>
      </object_component>
      <object_component id="oc-36e">
         <name>.text:strchr</name>
         <load_address>0x4436</load_address>
         <run_address>0x4436</run_address>
         <size>0x16</size>
         <input_file_ref idref="fl-ec"/>
      </object_component>
      <object_component id="oc-1cb">
         <name>.text:strcpy</name>
         <load_address>0x444c</load_address>
         <run_address>0x444c</run_address>
         <size>0x14</size>
         <input_file_ref idref="fl-d9"/>
      </object_component>
      <object_component id="oc-e9">
         <name>.text:strlen</name>
         <load_address>0x4460</load_address>
         <run_address>0x4460</run_address>
         <size>0x14</size>
         <input_file_ref idref="fl-da"/>
      </object_component>
      <object_component id="oc-2d5">
         <name>.text:wcslen</name>
         <load_address>0x4474</load_address>
         <run_address>0x4474</run_address>
         <size>0x12</size>
         <input_file_ref idref="fl-ee"/>
      </object_component>
      <object_component id="oc-181">
         <name>.text:IntMasterEnable</name>
         <load_address>0x4486</load_address>
         <run_address>0x4486</run_address>
         <size>0x10</size>
         <input_file_ref idref="fl-f0"/>
      </object_component>
      <object_component id="oc-1be">
         <name>.text:lcd_clear</name>
         <load_address>0x4496</load_address>
         <run_address>0x4496</run_address>
         <size>0x10</size>
         <input_file_ref idref="fl-3"/>
      </object_component>
      <object_component id="oc-1b">
         <name>.text:decompress:none:__TI_decompress_none</name>
         <load_address>0x44a6</load_address>
         <run_address>0x44a6</run_address>
         <size>0xe</size>
         <input_file_ref idref="fl-d5"/>
      </object_component>
      <object_component id="oc-256">
         <name>.text:CPUcpsie</name>
         <load_address>0x44b4</load_address>
         <run_address>0x44b4</run_address>
         <size>0xc</size>
         <input_file_ref idref="fl-f1"/>
      </object_component>
      <object_component id="oc-2a">
         <name>.text</name>
         <load_address>0x44c0</load_address>
         <run_address>0x44c0</run_address>
         <size>0xc</size>
         <input_file_ref idref="fl-7"/>
      </object_component>
      <object_component id="oc-1fc">
         <name>.text:_outc</name>
         <load_address>0x44cc</load_address>
         <run_address>0x44cc</run_address>
         <size>0xa</size>
         <input_file_ref idref="fl-c9"/>
      </object_component>
      <object_component id="oc-2db">
         <name>.text:__aeabi_errno_addr</name>
         <load_address>0x44d8</load_address>
         <run_address>0x44d8</run_address>
         <size>0x8</size>
         <input_file_ref idref="fl-ed"/>
      </object_component>
      <object_component id="oc-23e">
         <name>.text:malloc</name>
         <load_address>0x44e0</load_address>
         <run_address>0x44e0</run_address>
         <size>0x8</size>
         <input_file_ref idref="fl-d7"/>
      </object_component>
      <object_component id="oc-9c">
         <name>.text:_system_pre_init</name>
         <load_address>0x44e8</load_address>
         <run_address>0x44e8</run_address>
         <size>0x4</size>
         <input_file_ref idref="fl-e3"/>
      </object_component>
      <object_component id="oc-122">
         <name>.text:abort:abort</name>
         <load_address>0x44ec</load_address>
         <run_address>0x44ec</run_address>
         <size>0x4</size>
         <input_file_ref idref="fl-e5"/>
      </object_component>
      <object_component id="oc-336">
         <name>.const:.string:_ctypes_</name>
         <load_address>0x44f0</load_address>
         <run_address>0x44f0</run_address>
         <size>0x101</size>
         <input_file_ref idref="fl-ea"/>
      </object_component>
      <object_component id="oc-199">
         <name>.const:.string:$P$T0$3</name>
         <load_address>0x45f1</load_address>
         <run_address>0x45f1</run_address>
         <size>0xf</size>
         <input_file_ref idref="fl-6"/>
      </object_component>
      <object_component id="oc-1d1">
         <name>.const:.string:lineAddress$1</name>
         <load_address>0x4600</load_address>
         <run_address>0x4600</run_address>
         <size>0x4</size>
         <input_file_ref idref="fl-3"/>
      </object_component>
      <object_component id="oc-1d2">
         <name>.const:.string:lineAddresses$2</name>
         <load_address>0x4604</load_address>
         <run_address>0x4604</run_address>
         <size>0x4</size>
         <input_file_ref idref="fl-3"/>
      </object_component>
      <object_component id="oc-419">
         <name>.cinit..data.load</name>
         <load_address>0x4608</load_address>
         <run_address>0x4608</run_address>
         <size>0x18</size>
      </object_component>
      <object_component id="oc-416">
         <name>__TI_handler_table</name>
         <load_address>0x4620</load_address>
         <run_address>0x4620</run_address>
         <size>0xc</size>
      </object_component>
      <object_component id="oc-41a">
         <name>.cinit..bss.load</name>
         <load_address>0x4630</load_address>
         <run_address>0x4630</run_address>
         <size>0x8</size>
      </object_component>
      <object_component id="oc-418">
         <name>.cinit..vtable.load</name>
         <load_address>0x4638</load_address>
         <run_address>0x4638</run_address>
         <size>0x8</size>
      </object_component>
      <object_component id="oc-417">
         <name>__TI_cinit_table</name>
         <load_address>0x4640</load_address>
         <run_address>0x4640</run_address>
         <size>0x18</size>
      </object_component>
      <object_component id="oc-24c">
         <name>.vtable</name>
         <uninitialized>true</uninitialized>
         <run_address>0x20000000</run_address>
         <size>0x26c</size>
         <input_file_ref idref="fl-f0"/>
      </object_component>
      <object_component id="oc-245">
         <name>.data</name>
         <load_address>0x20000f60</load_address>
         <run_address>0x20000f60</run_address>
         <size>0x1</size>
         <input_file_ref idref="fl-2"/>
      </object_component>
      <object_component id="oc-187">
         <name>.data</name>
         <load_address>0x20000f28</load_address>
         <run_address>0x20000f28</run_address>
         <size>0x20</size>
         <input_file_ref idref="fl-6"/>
      </object_component>
      <object_component id="oc-1b8">
         <name>.data</name>
         <load_address>0x20000f58</load_address>
         <run_address>0x20000f58</run_address>
         <size>0x4</size>
         <input_file_ref idref="fl-13"/>
      </object_component>
      <object_component id="oc-2f1">
         <name>.data:$O1$$</name>
         <load_address>0x20000f50</load_address>
         <run_address>0x20000f50</run_address>
         <size>0x8</size>
         <input_file_ref idref="fl-d7"/>
      </object_component>
      <object_component id="oc-211">
         <name>.data:$O1$$</name>
         <load_address>0x20000f48</load_address>
         <run_address>0x20000f48</run_address>
         <size>0x8</size>
         <input_file_ref idref="fl-e6"/>
      </object_component>
      <object_component id="oc-37e">
         <name>.data</name>
         <load_address>0x20000f5c</load_address>
         <run_address>0x20000f5c</run_address>
         <size>0x4</size>
         <input_file_ref idref="fl-ed"/>
      </object_component>
      <object_component id="oc-1d3">
         <name>.bss:lastbuffer$3</name>
         <uninitialized>true</uninitialized>
         <run_address>0x20000e70</run_address>
         <size>0x54</size>
         <input_file_ref idref="fl-3"/>
      </object_component>
      <object_component id="oc-1a1">
         <name>.bss:firmware$2</name>
         <uninitialized>true</uninitialized>
         <run_address>0x20000ef8</run_address>
         <size>0x18</size>
         <input_file_ref idref="fl-6"/>
      </object_component>
      <object_component id="oc-248">
         <name>.common:_timeout_ticks</name>
         <uninitialized>true</uninitialized>
         <run_address>0x20000f10</run_address>
         <size>0x4</size>
      </object_component>
      <object_component id="oc-2a0">
         <name>.common:isr_int_value</name>
         <uninitialized>true</uninitialized>
         <run_address>0x20000f18</run_address>
         <size>0x4</size>
      </object_component>
      <object_component id="oc-29c">
         <name>.common:risingEdge</name>
         <uninitialized>true</uninitialized>
         <run_address>0x20000f20</run_address>
         <size>0x4</size>
      </object_component>
      <object_component id="oc-29d">
         <name>.common:fallingEdge</name>
         <uninitialized>true</uninitialized>
         <run_address>0x20000f14</run_address>
         <size>0x4</size>
      </object_component>
      <object_component id="oc-29e">
         <name>.common:pulseLength</name>
         <uninitialized>true</uninitialized>
         <run_address>0x20000f1c</run_address>
         <size>0x4</size>
      </object_component>
      <object_component id="oc-299">
         <name>.common:isRisingEdge</name>
         <uninitialized>true</uninitialized>
         <run_address>0x20000f24</run_address>
         <size>0x1</size>
      </object_component>
      <object_component id="oc-1b5">
         <name>.common:isr_char_buffer</name>
         <uninitialized>true</uninitialized>
         <run_address>0x20000ec4</run_address>
         <size>0x34</size>
      </object_component>
      <object_component id="oc-24">
         <name>.sysmem</name>
         <uninitialized>true</uninitialized>
         <run_address>0x20000a70</run_address>
         <size>0x10</size>
         <input_file_ref idref="fl-d7"/>
      </object_component>
      <object_component id="oc-41d">
         <name>.sysmem</name>
         <uninitialized>true</uninitialized>
         <run_address>0x20000a70</run_address>
         <size>0x0</size>
      </object_component>
      <object_component id="oc-27">
         <name>.stack</name>
         <uninitialized>true</uninitialized>
         <run_address>0x20000270</run_address>
         <size>0x4</size>
         <input_file_ref idref="fl-db"/>
      </object_component>
      <object_component id="oc-41c">
         <name>.stack</name>
         <uninitialized>true</uninitialized>
         <run_address>0x20000270</run_address>
         <size>0x0</size>
      </object_component>
      <object_component id="oc-c5">
         <name>.debug_info</name>
         <load_address>0x0</load_address>
         <run_address>0x0</run_address>
         <size>0x2b2</size>
         <input_file_ref idref="fl-2"/>
      </object_component>
      <object_component id="oc-246">
         <name>.debug_info</name>
         <load_address>0x2b2</load_address>
         <run_address>0x2b2</run_address>
         <size>0xc0</size>
         <input_file_ref idref="fl-2"/>
      </object_component>
      <object_component id="oc-169">
         <name>.debug_info</name>
         <load_address>0x372</load_address>
         <run_address>0x372</run_address>
         <size>0x508</size>
         <input_file_ref idref="fl-2"/>
      </object_component>
      <object_component id="oc-77">
         <name>.debug_info</name>
         <load_address>0x87a</load_address>
         <run_address>0x87a</run_address>
         <size>0x26b</size>
         <input_file_ref idref="fl-2"/>
      </object_component>
      <object_component id="oc-39">
         <name>.debug_info</name>
         <load_address>0xae5</load_address>
         <run_address>0xae5</run_address>
         <size>0x84</size>
         <input_file_ref idref="fl-2"/>
      </object_component>
      <object_component id="oc-c0">
         <name>.debug_info</name>
         <load_address>0xb69</load_address>
         <run_address>0xb69</run_address>
         <size>0x2a4</size>
         <input_file_ref idref="fl-2"/>
      </object_component>
      <object_component id="oc-7c">
         <name>.debug_info</name>
         <load_address>0xe0d</load_address>
         <run_address>0xe0d</run_address>
         <size>0xbb</size>
         <input_file_ref idref="fl-2"/>
      </object_component>
      <object_component id="oc-1d5">
         <name>.debug_info</name>
         <load_address>0xec8</load_address>
         <run_address>0xec8</run_address>
         <size>0x37a</size>
         <input_file_ref idref="fl-3"/>
      </object_component>
      <object_component id="oc-1bf">
         <name>.debug_info</name>
         <load_address>0x1242</load_address>
         <run_address>0x1242</run_address>
         <size>0x115</size>
         <input_file_ref idref="fl-3"/>
      </object_component>
      <object_component id="oc-f0">
         <name>.debug_info</name>
         <load_address>0x1357</load_address>
         <run_address>0x1357</run_address>
         <size>0x8a1</size>
         <input_file_ref idref="fl-3"/>
      </object_component>
      <object_component id="oc-21c">
         <name>.debug_info</name>
         <load_address>0x1bf8</load_address>
         <run_address>0x1bf8</run_address>
         <size>0xcc</size>
         <input_file_ref idref="fl-3"/>
      </object_component>
      <object_component id="oc-1d6">
         <name>.debug_info</name>
         <load_address>0x1cc4</load_address>
         <run_address>0x1cc4</run_address>
         <size>0x2c</size>
         <input_file_ref idref="fl-3"/>
      </object_component>
      <object_component id="oc-117">
         <name>.debug_info</name>
         <load_address>0x1cf0</load_address>
         <run_address>0x1cf0</run_address>
         <size>0x507</size>
         <input_file_ref idref="fl-4"/>
      </object_component>
      <object_component id="oc-a3">
         <name>.debug_info</name>
         <load_address>0x21f7</load_address>
         <run_address>0x21f7</run_address>
         <size>0x9f2</size>
         <input_file_ref idref="fl-4"/>
      </object_component>
      <object_component id="oc-217">
         <name>.debug_info</name>
         <load_address>0x2be9</load_address>
         <run_address>0x2be9</run_address>
         <size>0x5aa</size>
         <input_file_ref idref="fl-4"/>
      </object_component>
      <object_component id="oc-11d">
         <name>.debug_info</name>
         <load_address>0x3193</load_address>
         <run_address>0x3193</run_address>
         <size>0x5e</size>
         <input_file_ref idref="fl-4"/>
      </object_component>
      <object_component id="oc-118">
         <name>.debug_info</name>
         <load_address>0x31f1</load_address>
         <run_address>0x31f1</run_address>
         <size>0x8a</size>
         <input_file_ref idref="fl-4"/>
      </object_component>
      <object_component id="oc-112">
         <name>.debug_info</name>
         <load_address>0x327b</load_address>
         <run_address>0x327b</run_address>
         <size>0x8b</size>
         <input_file_ref idref="fl-4"/>
      </object_component>
      <object_component id="oc-1b4">
         <name>.debug_info</name>
         <load_address>0x3306</load_address>
         <run_address>0x3306</run_address>
         <size>0x361</size>
         <input_file_ref idref="fl-5"/>
      </object_component>
      <object_component id="oc-e0">
         <name>.debug_info</name>
         <load_address>0x3667</load_address>
         <run_address>0x3667</run_address>
         <size>0xb4f</size>
         <input_file_ref idref="fl-5"/>
      </object_component>
      <object_component id="oc-1a3">
         <name>.debug_info</name>
         <load_address>0x41b6</load_address>
         <run_address>0x41b6</run_address>
         <size>0x3f7</size>
         <input_file_ref idref="fl-6"/>
      </object_component>
      <object_component id="oc-188">
         <name>.debug_info</name>
         <load_address>0x45ad</load_address>
         <run_address>0x45ad</run_address>
         <size>0x112</size>
         <input_file_ref idref="fl-6"/>
      </object_component>
      <object_component id="oc-19a">
         <name>.debug_info</name>
         <load_address>0x46bf</load_address>
         <run_address>0x46bf</run_address>
         <size>0xc7</size>
         <input_file_ref idref="fl-6"/>
      </object_component>
      <object_component id="oc-170">
         <name>.debug_info</name>
         <load_address>0x4786</load_address>
         <run_address>0x4786</run_address>
         <size>0x13f</size>
         <input_file_ref idref="fl-6"/>
      </object_component>
      <object_component id="oc-d9">
         <name>.debug_info</name>
         <load_address>0x48c5</load_address>
         <run_address>0x48c5</run_address>
         <size>0x1989</size>
         <input_file_ref idref="fl-6"/>
      </object_component>
      <object_component id="oc-32">
         <name>.debug_info</name>
         <load_address>0x624e</load_address>
         <run_address>0x624e</run_address>
         <size>0x29c</size>
         <input_file_ref idref="fl-7"/>
      </object_component>
      <object_component id="oc-13">
         <name>.debug_info</name>
         <load_address>0x64ea</load_address>
         <run_address>0x64ea</run_address>
         <size>0xdb</size>
         <input_file_ref idref="fl-7"/>
      </object_component>
      <object_component id="oc-2b">
         <name>.debug_info</name>
         <load_address>0x65c5</load_address>
         <run_address>0x65c5</run_address>
         <size>0x257</size>
         <input_file_ref idref="fl-7"/>
      </object_component>
      <object_component id="oc-1ee">
         <name>.debug_info</name>
         <load_address>0x681c</load_address>
         <run_address>0x681c</run_address>
         <size>0x39f</size>
         <input_file_ref idref="fl-f"/>
      </object_component>
      <object_component id="oc-f7">
         <name>.debug_info</name>
         <load_address>0x6bbb</load_address>
         <run_address>0x6bbb</run_address>
         <size>0x28d</size>
         <input_file_ref idref="fl-f"/>
      </object_component>
      <object_component id="oc-2a6">
         <name>.debug_info</name>
         <load_address>0x6e48</load_address>
         <run_address>0x6e48</run_address>
         <size>0x5e</size>
         <input_file_ref idref="fl-f"/>
      </object_component>
      <object_component id="oc-2a1">
         <name>.debug_info</name>
         <load_address>0x6ea6</load_address>
         <run_address>0x6ea6</run_address>
         <size>0x2af</size>
         <input_file_ref idref="fl-10"/>
      </object_component>
      <object_component id="oc-1e9">
         <name>.debug_info</name>
         <load_address>0x7155</load_address>
         <run_address>0x7155</run_address>
         <size>0x25e</size>
         <input_file_ref idref="fl-10"/>
      </object_component>
      <object_component id="oc-29a">
         <name>.debug_info</name>
         <load_address>0x73b3</load_address>
         <run_address>0x73b3</run_address>
         <size>0x3b2</size>
         <input_file_ref idref="fl-11"/>
      </object_component>
      <object_component id="oc-1e2">
         <name>.debug_info</name>
         <load_address>0x7765</load_address>
         <run_address>0x7765</run_address>
         <size>0x268</size>
         <input_file_ref idref="fl-11"/>
      </object_component>
      <object_component id="oc-1dc">
         <name>.debug_info</name>
         <load_address>0x79cd</load_address>
         <run_address>0x79cd</run_address>
         <size>0x28e</size>
         <input_file_ref idref="fl-12"/>
      </object_component>
      <object_component id="oc-1b6">
         <name>.debug_info</name>
         <load_address>0x7c5b</load_address>
         <run_address>0x7c5b</run_address>
         <size>0x326</size>
         <input_file_ref idref="fl-13"/>
      </object_component>
      <object_component id="oc-1b9">
         <name>.debug_info</name>
         <load_address>0x7f81</load_address>
         <run_address>0x7f81</run_address>
         <size>0xee</size>
         <input_file_ref idref="fl-13"/>
      </object_component>
      <object_component id="oc-e4">
         <name>.debug_info</name>
         <load_address>0x806f</load_address>
         <run_address>0x806f</run_address>
         <size>0x43b</size>
         <input_file_ref idref="fl-13"/>
      </object_component>
      <object_component id="oc-273">
         <name>.debug_info</name>
         <load_address>0x84aa</load_address>
         <run_address>0x84aa</run_address>
         <size>0x26b</size>
         <input_file_ref idref="fl-13"/>
      </object_component>
      <object_component id="oc-327">
         <name>.debug_info</name>
         <load_address>0x8715</load_address>
         <run_address>0x8715</run_address>
         <size>0x297</size>
         <input_file_ref idref="fl-13"/>
      </object_component>
      <object_component id="oc-26e">
         <name>.debug_info</name>
         <load_address>0x89ac</load_address>
         <run_address>0x89ac</run_address>
         <size>0xbb</size>
         <input_file_ref idref="fl-13"/>
      </object_component>
      <object_component id="oc-203">
         <name>.debug_info</name>
         <load_address>0x8a67</load_address>
         <run_address>0x8a67</run_address>
         <size>0x333</size>
         <input_file_ref idref="fl-c9"/>
      </object_component>
      <object_component id="oc-102">
         <name>.debug_info</name>
         <load_address>0x8d9a</load_address>
         <run_address>0x8d9a</run_address>
         <size>0x1d1</size>
         <input_file_ref idref="fl-c9"/>
      </object_component>
      <object_component id="oc-1fa">
         <name>.debug_info</name>
         <load_address>0x8f6b</load_address>
         <run_address>0x8f6b</run_address>
         <size>0x18d</size>
         <input_file_ref idref="fl-c9"/>
      </object_component>
      <object_component id="oc-1fe">
         <name>.debug_info</name>
         <load_address>0x90f8</load_address>
         <run_address>0x90f8</run_address>
         <size>0x16d</size>
         <input_file_ref idref="fl-c9"/>
      </object_component>
      <object_component id="oc-28a">
         <name>.debug_info</name>
         <load_address>0x9265</load_address>
         <run_address>0x9265</run_address>
         <size>0x2c</size>
         <input_file_ref idref="fl-c9"/>
      </object_component>
      <object_component id="oc-289">
         <name>.debug_info</name>
         <load_address>0x9291</load_address>
         <run_address>0x9291</run_address>
         <size>0x340</size>
         <input_file_ref idref="fl-ca"/>
      </object_component>
      <object_component id="oc-1c9">
         <name>.debug_info</name>
         <load_address>0x95d1</load_address>
         <run_address>0x95d1</run_address>
         <size>0x208</size>
         <input_file_ref idref="fl-ca"/>
      </object_component>
      <object_component id="oc-280">
         <name>.debug_info</name>
         <load_address>0x97d9</load_address>
         <run_address>0x97d9</run_address>
         <size>0x1c6</size>
         <input_file_ref idref="fl-ca"/>
      </object_component>
      <object_component id="oc-286">
         <name>.debug_info</name>
         <load_address>0x999f</load_address>
         <run_address>0x999f</run_address>
         <size>0x179</size>
         <input_file_ref idref="fl-ca"/>
      </object_component>
      <object_component id="oc-28f">
         <name>.debug_info</name>
         <load_address>0x9b18</load_address>
         <run_address>0x9b18</run_address>
         <size>0x69</size>
         <input_file_ref idref="fl-ca"/>
      </object_component>
      <object_component id="oc-197">
         <name>.debug_info</name>
         <load_address>0x9b81</load_address>
         <run_address>0x9b81</run_address>
         <size>0x14c</size>
         <input_file_ref idref="fl-cb"/>
      </object_component>
      <object_component id="oc-1a6">
         <name>.debug_info</name>
         <load_address>0x9ccd</load_address>
         <run_address>0x9ccd</run_address>
         <size>0x128</size>
         <input_file_ref idref="fl-cc"/>
      </object_component>
      <object_component id="oc-1ab">
         <name>.debug_info</name>
         <load_address>0x9df5</load_address>
         <run_address>0x9df5</run_address>
         <size>0x12a</size>
         <input_file_ref idref="fl-cc"/>
      </object_component>
      <object_component id="oc-190">
         <name>.debug_info</name>
         <load_address>0x9f1f</load_address>
         <run_address>0x9f1f</run_address>
         <size>0x13a</size>
         <input_file_ref idref="fl-cd"/>
      </object_component>
      <object_component id="oc-18b">
         <name>.debug_info</name>
         <load_address>0xa059</load_address>
         <run_address>0xa059</run_address>
         <size>0x13a</size>
         <input_file_ref idref="fl-ce"/>
      </object_component>
      <object_component id="oc-1af">
         <name>.debug_info</name>
         <load_address>0xa193</load_address>
         <run_address>0xa193</run_address>
         <size>0x12e</size>
         <input_file_ref idref="fl-cf"/>
      </object_component>
      <object_component id="oc-19f">
         <name>.debug_info</name>
         <load_address>0xa2c1</load_address>
         <run_address>0xa2c1</run_address>
         <size>0x13e</size>
         <input_file_ref idref="fl-d0"/>
      </object_component>
      <object_component id="oc-fd">
         <name>.debug_info</name>
         <load_address>0xa3ff</load_address>
         <run_address>0xa3ff</run_address>
         <size>0x12c</size>
         <input_file_ref idref="fl-d1"/>
      </object_component>
      <object_component id="oc-109">
         <name>.debug_info</name>
         <load_address>0xa52b</load_address>
         <run_address>0xa52b</run_address>
         <size>0x12c</size>
         <input_file_ref idref="fl-d2"/>
      </object_component>
      <object_component id="oc-3f">
         <name>.debug_info</name>
         <load_address>0xa657</load_address>
         <run_address>0xa657</run_address>
         <size>0x119</size>
         <input_file_ref idref="fl-d3"/>
      </object_component>
      <object_component id="oc-95">
         <name>.debug_info</name>
         <load_address>0xa770</load_address>
         <run_address>0xa770</run_address>
         <size>0x2d4</size>
         <input_file_ref idref="fl-d4"/>
      </object_component>
      <object_component id="oc-4e">
         <name>.debug_info</name>
         <load_address>0xaa44</load_address>
         <run_address>0xaa44</run_address>
         <size>0x1d2</size>
         <input_file_ref idref="fl-d4"/>
      </object_component>
      <object_component id="oc-90">
         <name>.debug_info</name>
         <load_address>0xac16</load_address>
         <run_address>0xac16</run_address>
         <size>0x46</size>
         <input_file_ref idref="fl-d4"/>
      </object_component>
      <object_component id="oc-ce">
         <name>.debug_info</name>
         <load_address>0xac5c</load_address>
         <run_address>0xac5c</run_address>
         <size>0x2c</size>
         <input_file_ref idref="fl-d4"/>
      </object_component>
      <object_component id="oc-49">
         <name>.debug_info</name>
         <load_address>0xac88</load_address>
         <run_address>0xac88</run_address>
         <size>0x2a8</size>
         <input_file_ref idref="fl-d5"/>
      </object_component>
      <object_component id="oc-1d">
         <name>.debug_info</name>
         <load_address>0xaf30</load_address>
         <run_address>0xaf30</run_address>
         <size>0x1ea</size>
         <input_file_ref idref="fl-d5"/>
      </object_component>
      <object_component id="oc-44">
         <name>.debug_info</name>
         <load_address>0xb11a</load_address>
         <run_address>0xb11a</run_address>
         <size>0x46</size>
         <input_file_ref idref="fl-d5"/>
      </object_component>
      <object_component id="oc-88">
         <name>.debug_info</name>
         <load_address>0xb160</load_address>
         <run_address>0xb160</run_address>
         <size>0x2c</size>
         <input_file_ref idref="fl-d5"/>
      </object_component>
      <object_component id="oc-86">
         <name>.debug_info</name>
         <load_address>0xb18c</load_address>
         <run_address>0xb18c</run_address>
         <size>0x29e</size>
         <input_file_ref idref="fl-d6"/>
      </object_component>
      <object_component id="oc-19">
         <name>.debug_info</name>
         <load_address>0xb42a</load_address>
         <run_address>0xb42a</run_address>
         <size>0x250</size>
         <input_file_ref idref="fl-d6"/>
      </object_component>
      <object_component id="oc-34">
         <name>.debug_info</name>
         <load_address>0xb67a</load_address>
         <run_address>0xb67a</run_address>
         <size>0x60</size>
         <input_file_ref idref="fl-d6"/>
      </object_component>
      <object_component id="oc-c7">
         <name>.debug_info</name>
         <load_address>0xb6da</load_address>
         <run_address>0xb6da</run_address>
         <size>0x46</size>
         <input_file_ref idref="fl-d6"/>
      </object_component>
      <object_component id="oc-81">
         <name>.debug_info</name>
         <load_address>0xb720</load_address>
         <run_address>0xb720</run_address>
         <size>0x39</size>
         <input_file_ref idref="fl-d6"/>
      </object_component>
      <object_component id="oc-70">
         <name>.debug_info</name>
         <load_address>0xb759</load_address>
         <run_address>0xb759</run_address>
         <size>0x3b2</size>
         <input_file_ref idref="fl-d7"/>
      </object_component>
      <object_component id="oc-25">
         <name>.debug_info</name>
         <load_address>0xbb0b</load_address>
         <run_address>0xbb0b</run_address>
         <size>0x10c</size>
         <input_file_ref idref="fl-d7"/>
      </object_component>
      <object_component id="oc-2f2">
         <name>.debug_info</name>
         <load_address>0xbc17</load_address>
         <run_address>0xbc17</run_address>
         <size>0x13f</size>
         <input_file_ref idref="fl-d7"/>
      </object_component>
      <object_component id="oc-242">
         <name>.debug_info</name>
         <load_address>0xbd56</load_address>
         <run_address>0xbd56</run_address>
         <size>0x168</size>
         <input_file_ref idref="fl-d7"/>
      </object_component>
      <object_component id="oc-209">
         <name>.debug_info</name>
         <load_address>0xbebe</load_address>
         <run_address>0xbebe</run_address>
         <size>0x18e</size>
         <input_file_ref idref="fl-d7"/>
      </object_component>
      <object_component id="oc-20e">
         <name>.debug_info</name>
         <load_address>0xc04c</load_address>
         <run_address>0xc04c</run_address>
         <size>0x19f</size>
         <input_file_ref idref="fl-d7"/>
      </object_component>
      <object_component id="oc-10f">
         <name>.debug_info</name>
         <load_address>0xc1eb</load_address>
         <run_address>0xc1eb</run_address>
         <size>0x203</size>
         <input_file_ref idref="fl-d7"/>
      </object_component>
      <object_component id="oc-3a4">
         <name>.debug_info</name>
         <load_address>0xc3ee</load_address>
         <run_address>0xc3ee</run_address>
         <size>0x1db</size>
         <input_file_ref idref="fl-d7"/>
      </object_component>
      <object_component id="oc-166">
         <name>.debug_info</name>
         <load_address>0xc5c9</load_address>
         <run_address>0xc5c9</run_address>
         <size>0x1a5</size>
         <input_file_ref idref="fl-d7"/>
      </object_component>
      <object_component id="oc-31b">
         <name>.debug_info</name>
         <load_address>0xc76e</load_address>
         <run_address>0xc76e</run_address>
         <size>0x299</size>
         <input_file_ref idref="fl-d7"/>
      </object_component>
      <object_component id="oc-bb">
         <name>.debug_info</name>
         <load_address>0xca07</load_address>
         <run_address>0xca07</run_address>
         <size>0xb2</size>
         <input_file_ref idref="fl-d7"/>
      </object_component>
      <object_component id="oc-b6">
         <name>.debug_info</name>
         <load_address>0xcab9</load_address>
         <run_address>0xcab9</run_address>
         <size>0x2c</size>
         <input_file_ref idref="fl-d7"/>
      </object_component>
      <object_component id="oc-24b">
         <name>.debug_info</name>
         <load_address>0xcae5</load_address>
         <run_address>0xcae5</run_address>
         <size>0x28a</size>
         <input_file_ref idref="fl-d8"/>
      </object_component>
      <object_component id="oc-176">
         <name>.debug_info</name>
         <load_address>0xcd6f</load_address>
         <run_address>0xcd6f</run_address>
         <size>0x273</size>
         <input_file_ref idref="fl-d8"/>
      </object_component>
      <object_component id="oc-295">
         <name>.debug_info</name>
         <load_address>0xcfe2</load_address>
         <run_address>0xcfe2</run_address>
         <size>0x2a4</size>
         <input_file_ref idref="fl-d9"/>
      </object_component>
      <object_component id="oc-1cc">
         <name>.debug_info</name>
         <load_address>0xd286</load_address>
         <run_address>0xd286</run_address>
         <size>0x24d</size>
         <input_file_ref idref="fl-d9"/>
      </object_component>
      <object_component id="oc-1bd">
         <name>.debug_info</name>
         <load_address>0xd4d3</load_address>
         <run_address>0xd4d3</run_address>
         <size>0x28f</size>
         <input_file_ref idref="fl-da"/>
      </object_component>
      <object_component id="oc-eb">
         <name>.debug_info</name>
         <load_address>0xd762</load_address>
         <run_address>0xd762</run_address>
         <size>0x245</size>
         <input_file_ref idref="fl-da"/>
      </object_component>
      <object_component id="oc-28">
         <name>.debug_info</name>
         <load_address>0xd9a7</load_address>
         <run_address>0xd9a7</run_address>
         <size>0x10b</size>
         <input_file_ref idref="fl-db"/>
      </object_component>
      <object_component id="oc-5f">
         <name>.debug_info</name>
         <load_address>0xdab2</load_address>
         <run_address>0xdab2</run_address>
         <size>0x1a9</size>
         <input_file_ref idref="fl-db"/>
      </object_component>
      <object_component id="oc-2e2">
         <name>.debug_info</name>
         <load_address>0xdc5b</load_address>
         <run_address>0xdc5b</run_address>
         <size>0x590</size>
         <input_file_ref idref="fl-dc"/>
      </object_component>
      <object_component id="oc-2b4">
         <name>.debug_info</name>
         <load_address>0xe1eb</load_address>
         <run_address>0xe1eb</run_address>
         <size>0x21e</size>
         <input_file_ref idref="fl-dc"/>
      </object_component>
      <object_component id="oc-34a">
         <name>.debug_info</name>
         <load_address>0xe409</load_address>
         <run_address>0xe409</run_address>
         <size>0x1b3</size>
         <input_file_ref idref="fl-dc"/>
      </object_component>
      <object_component id="oc-350">
         <name>.debug_info</name>
         <load_address>0xe5bc</load_address>
         <run_address>0xe5bc</run_address>
         <size>0x21b</size>
         <input_file_ref idref="fl-dc"/>
      </object_component>
      <object_component id="oc-2ba">
         <name>.debug_info</name>
         <load_address>0xe7d7</load_address>
         <run_address>0xe7d7</run_address>
         <size>0x3c0</size>
         <input_file_ref idref="fl-dc"/>
      </object_component>
      <object_component id="oc-357">
         <name>.debug_info</name>
         <load_address>0xeb97</load_address>
         <run_address>0xeb97</run_address>
         <size>0x30a</size>
         <input_file_ref idref="fl-dc"/>
      </object_component>
      <object_component id="oc-35d">
         <name>.debug_info</name>
         <load_address>0xeea1</load_address>
         <run_address>0xeea1</run_address>
         <size>0x215</size>
         <input_file_ref idref="fl-dc"/>
      </object_component>
      <object_component id="oc-2c0">
         <name>.debug_info</name>
         <load_address>0xf0b6</load_address>
         <run_address>0xf0b6</run_address>
         <size>0x215</size>
         <input_file_ref idref="fl-dc"/>
      </object_component>
      <object_component id="oc-2c6">
         <name>.debug_info</name>
         <load_address>0xf2cb</load_address>
         <run_address>0xf2cb</run_address>
         <size>0x304</size>
         <input_file_ref idref="fl-dc"/>
      </object_component>
      <object_component id="oc-2cc">
         <name>.debug_info</name>
         <load_address>0xf5cf</load_address>
         <run_address>0xf5cf</run_address>
         <size>0x4b5</size>
         <input_file_ref idref="fl-dc"/>
      </object_component>
      <object_component id="oc-1f3">
         <name>.debug_info</name>
         <load_address>0xfa84</load_address>
         <run_address>0xfa84</run_address>
         <size>0x5f4</size>
         <input_file_ref idref="fl-dc"/>
      </object_component>
      <object_component id="oc-2e3">
         <name>.debug_info</name>
         <load_address>0x10078</load_address>
         <run_address>0x10078</run_address>
         <size>0x86</size>
         <input_file_ref idref="fl-dc"/>
      </object_component>
      <object_component id="oc-385">
         <name>.debug_info</name>
         <load_address>0x100fe</load_address>
         <run_address>0x100fe</run_address>
         <size>0x39</size>
         <input_file_ref idref="fl-dc"/>
      </object_component>
      <object_component id="oc-3d6">
         <name>.debug_info</name>
         <load_address>0x10137</load_address>
         <run_address>0x10137</run_address>
         <size>0xb6</size>
         <input_file_ref idref="fl-dc"/>
      </object_component>
      <object_component id="oc-38a">
         <name>.debug_info</name>
         <load_address>0x101ed</load_address>
         <run_address>0x101ed</run_address>
         <size>0x46</size>
         <input_file_ref idref="fl-dc"/>
      </object_component>
      <object_component id="oc-2e8">
         <name>.debug_info</name>
         <load_address>0x10233</load_address>
         <run_address>0x10233</run_address>
         <size>0x46</size>
         <input_file_ref idref="fl-dc"/>
      </object_component>
      <object_component id="oc-3b9">
         <name>.debug_info</name>
         <load_address>0x10279</load_address>
         <run_address>0x10279</run_address>
         <size>0x29a</size>
         <input_file_ref idref="fl-dd"/>
      </object_component>
      <object_component id="oc-366">
         <name>.debug_info</name>
         <load_address>0x10513</load_address>
         <run_address>0x10513</run_address>
         <size>0x195</size>
         <input_file_ref idref="fl-dd"/>
      </object_component>
      <object_component id="oc-3e3">
         <name>.debug_info</name>
         <load_address>0x106a8</load_address>
         <run_address>0x106a8</run_address>
         <size>0x39</size>
         <input_file_ref idref="fl-dd"/>
      </object_component>
      <object_component id="oc-3ba">
         <name>.debug_info</name>
         <load_address>0x106e1</load_address>
         <run_address>0x106e1</run_address>
         <size>0x2c</size>
         <input_file_ref idref="fl-dd"/>
      </object_component>
      <object_component id="oc-3c6">
         <name>.debug_info</name>
         <load_address>0x1070d</load_address>
         <run_address>0x1070d</run_address>
         <size>0x2fd</size>
         <input_file_ref idref="fl-de"/>
      </object_component>
      <object_component id="oc-369">
         <name>.debug_info</name>
         <load_address>0x10a0a</load_address>
         <run_address>0x10a0a</run_address>
         <size>0x225</size>
         <input_file_ref idref="fl-de"/>
      </object_component>
      <object_component id="oc-3c0">
         <name>.debug_info</name>
         <load_address>0x10c2f</load_address>
         <run_address>0x10c2f</run_address>
         <size>0x161</size>
         <input_file_ref idref="fl-df"/>
      </object_component>
      <object_component id="oc-33e">
         <name>.debug_info</name>
         <load_address>0x10d90</load_address>
         <run_address>0x10d90</run_address>
         <size>0x134</size>
         <input_file_ref idref="fl-e0"/>
      </object_component>
      <object_component id="oc-97">
         <name>.debug_info</name>
         <load_address>0x10ec4</load_address>
         <run_address>0x10ec4</run_address>
         <size>0x147</size>
         <input_file_ref idref="fl-e1"/>
      </object_component>
      <object_component id="oc-229">
         <name>.debug_info</name>
         <load_address>0x1100b</load_address>
         <run_address>0x1100b</run_address>
         <size>0x4b3</size>
         <input_file_ref idref="fl-e2"/>
      </object_component>
      <object_component id="oc-12f">
         <name>.debug_info</name>
         <load_address>0x114be</load_address>
         <run_address>0x114be</run_address>
         <size>0x1a6</size>
         <input_file_ref idref="fl-e2"/>
      </object_component>
      <object_component id="oc-306">
         <name>.debug_info</name>
         <load_address>0x11664</load_address>
         <run_address>0x11664</run_address>
         <size>0x39</size>
         <input_file_ref idref="fl-e2"/>
      </object_component>
      <object_component id="oc-394">
         <name>.debug_info</name>
         <load_address>0x1169d</load_address>
         <run_address>0x1169d</run_address>
         <size>0x39</size>
         <input_file_ref idref="fl-e2"/>
      </object_component>
      <object_component id="oc-30b">
         <name>.debug_info</name>
         <load_address>0x116d6</load_address>
         <run_address>0x116d6</run_address>
         <size>0x39</size>
         <input_file_ref idref="fl-e2"/>
      </object_component>
      <object_component id="oc-310">
         <name>.debug_info</name>
         <load_address>0x1170f</load_address>
         <run_address>0x1170f</run_address>
         <size>0xcd</size>
         <input_file_ref idref="fl-e2"/>
      </object_component>
      <object_component id="oc-9d">
         <name>.debug_info</name>
         <load_address>0x117dc</load_address>
         <run_address>0x117dc</run_address>
         <size>0x153</size>
         <input_file_ref idref="fl-e3"/>
      </object_component>
      <object_component id="oc-123">
         <name>.debug_info</name>
         <load_address>0x1192f</load_address>
         <run_address>0x1192f</run_address>
         <size>0x122</size>
         <input_file_ref idref="fl-e5"/>
      </object_component>
      <object_component id="oc-2fe">
         <name>.debug_info</name>
         <load_address>0x11a51</load_address>
         <run_address>0x11a51</run_address>
         <size>0x2c9</size>
         <input_file_ref idref="fl-e6"/>
      </object_component>
      <object_component id="oc-212">
         <name>.debug_info</name>
         <load_address>0x11d1a</load_address>
         <run_address>0x11d1a</run_address>
         <size>0x11e</size>
         <input_file_ref idref="fl-e6"/>
      </object_component>
      <object_component id="oc-2f8">
         <name>.debug_info</name>
         <load_address>0x11e38</load_address>
         <run_address>0x11e38</run_address>
         <size>0x12e</size>
         <input_file_ref idref="fl-e6"/>
      </object_component>
      <object_component id="oc-3b3">
         <name>.debug_info</name>
         <load_address>0x11f66</load_address>
         <run_address>0x11f66</run_address>
         <size>0x29c</size>
         <input_file_ref idref="fl-e7"/>
      </object_component>
      <object_component id="oc-342">
         <name>.debug_info</name>
         <load_address>0x12202</load_address>
         <run_address>0x12202</run_address>
         <size>0x1da</size>
         <input_file_ref idref="fl-e7"/>
      </object_component>
      <object_component id="oc-33a">
         <name>.debug_info</name>
         <load_address>0x123dc</load_address>
         <run_address>0x123dc</run_address>
         <size>0x2b9</size>
         <input_file_ref idref="fl-e9"/>
      </object_component>
      <object_component id="oc-2ac">
         <name>.debug_info</name>
         <load_address>0x12695</load_address>
         <run_address>0x12695</run_address>
         <size>0x17c</size>
         <input_file_ref idref="fl-e9"/>
      </object_component>
      <object_component id="oc-3a9">
         <name>.debug_info</name>
         <load_address>0x12811</load_address>
         <run_address>0x12811</run_address>
         <size>0xf9</size>
         <input_file_ref idref="fl-ea"/>
      </object_component>
      <object_component id="oc-337">
         <name>.debug_info</name>
         <load_address>0x1290a</load_address>
         <run_address>0x1290a</run_address>
         <size>0x105</size>
         <input_file_ref idref="fl-ea"/>
      </object_component>
      <object_component id="oc-376">
         <name>.debug_info</name>
         <load_address>0x12a0f</load_address>
         <run_address>0x12a0f</run_address>
         <size>0x2a7</size>
         <input_file_ref idref="fl-eb"/>
      </object_component>
      <object_component id="oc-2d2">
         <name>.debug_info</name>
         <load_address>0x12cb6</load_address>
         <run_address>0x12cb6</run_address>
         <size>0x1b8</size>
         <input_file_ref idref="fl-eb"/>
      </object_component>
      <object_component id="oc-3c8">
         <name>.debug_info</name>
         <load_address>0x12e6e</load_address>
         <run_address>0x12e6e</run_address>
         <size>0x29a</size>
         <input_file_ref idref="fl-ec"/>
      </object_component>
      <object_component id="oc-371">
         <name>.debug_info</name>
         <load_address>0x13108</load_address>
         <run_address>0x13108</run_address>
         <size>0x262</size>
         <input_file_ref idref="fl-ec"/>
      </object_component>
      <object_component id="oc-382">
         <name>.debug_info</name>
         <load_address>0x1336a</load_address>
         <run_address>0x1336a</run_address>
         <size>0x289</size>
         <input_file_ref idref="fl-ed"/>
      </object_component>
      <object_component id="oc-37f">
         <name>.debug_info</name>
         <load_address>0x135f3</load_address>
         <run_address>0x135f3</run_address>
         <size>0x10e</size>
         <input_file_ref idref="fl-ed"/>
      </object_component>
      <object_component id="oc-2dc">
         <name>.debug_info</name>
         <load_address>0x13701</load_address>
         <run_address>0x13701</run_address>
         <size>0x14e</size>
         <input_file_ref idref="fl-ed"/>
      </object_component>
      <object_component id="oc-37d">
         <name>.debug_info</name>
         <load_address>0x1384f</load_address>
         <run_address>0x1384f</run_address>
         <size>0x28f</size>
         <input_file_ref idref="fl-ee"/>
      </object_component>
      <object_component id="oc-2d7">
         <name>.debug_info</name>
         <load_address>0x13ade</load_address>
         <run_address>0x13ade</run_address>
         <size>0x15a</size>
         <input_file_ref idref="fl-ee"/>
      </object_component>
      <object_component id="oc-3cb">
         <name>.debug_info</name>
         <load_address>0x13c38</load_address>
         <run_address>0x13c38</run_address>
         <size>0x46</size>
         <input_file_ref idref="fl-ee"/>
      </object_component>
      <object_component id="oc-378">
         <name>.debug_info</name>
         <load_address>0x13c7e</load_address>
         <run_address>0x13c7e</run_address>
         <size>0x39</size>
         <input_file_ref idref="fl-ee"/>
      </object_component>
      <object_component id="oc-3af">
         <name>.debug_info</name>
         <load_address>0x13cb7</load_address>
         <run_address>0x13cb7</run_address>
         <size>0x115</size>
         <input_file_ref idref="fl-ef"/>
      </object_component>
      <object_component id="oc-255">
         <name>.debug_info</name>
         <load_address>0x13dcc</load_address>
         <run_address>0x13dcc</run_address>
         <size>0x20e</size>
         <input_file_ref idref="fl-f0"/>
      </object_component>
      <object_component id="oc-24d">
         <name>.debug_info</name>
         <load_address>0x13fda</load_address>
         <run_address>0x13fda</run_address>
         <size>0x157</size>
         <input_file_ref idref="fl-f0"/>
      </object_component>
      <object_component id="oc-17c">
         <name>.debug_info</name>
         <load_address>0x14131</load_address>
         <run_address>0x14131</run_address>
         <size>0x2c1</size>
         <input_file_ref idref="fl-f0"/>
      </object_component>
      <object_component id="oc-182">
         <name>.debug_info</name>
         <load_address>0x143f2</load_address>
         <run_address>0x143f2</run_address>
         <size>0x23e</size>
         <input_file_ref idref="fl-f0"/>
      </object_component>
      <object_component id="oc-250">
         <name>.debug_info</name>
         <load_address>0x14630</load_address>
         <run_address>0x14630</run_address>
         <size>0x18b</size>
         <input_file_ref idref="fl-f0"/>
      </object_component>
      <object_component id="oc-258">
         <name>.debug_info</name>
         <load_address>0x147bb</load_address>
         <run_address>0x147bb</run_address>
         <size>0x212</size>
         <input_file_ref idref="fl-f1"/>
      </object_component>
      <object_component id="oc-41e">
         <name>.debug_info</name>
         <load_address>0x149cd</load_address>
         <run_address>0x149cd</run_address>
         <size>0x8e</size>
      </object_component>
      <object_component id="oc-161">
         <name>.debug_line</name>
         <load_address>0x0</load_address>
         <run_address>0x0</run_address>
         <size>0x69</size>
         <input_file_ref idref="fl-2"/>
      </object_component>
      <object_component id="oc-31f">
         <name>.debug_line</name>
         <load_address>0x69</load_address>
         <run_address>0x69</run_address>
         <size>0x2e</size>
         <input_file_ref idref="fl-2"/>
      </object_component>
      <object_component id="oc-16c">
         <name>.debug_line</name>
         <load_address>0x97</load_address>
         <run_address>0x97</run_address>
         <size>0x179</size>
         <input_file_ref idref="fl-2"/>
      </object_component>
      <object_component id="oc-7a">
         <name>.debug_line</name>
         <load_address>0x210</load_address>
         <run_address>0x210</run_address>
         <size>0x6f</size>
         <input_file_ref idref="fl-2"/>
      </object_component>
      <object_component id="oc-3c">
         <name>.debug_line</name>
         <load_address>0x27f</load_address>
         <run_address>0x27f</run_address>
         <size>0x20</size>
         <input_file_ref idref="fl-2"/>
      </object_component>
      <object_component id="oc-c3">
         <name>.debug_line</name>
         <load_address>0x29f</load_address>
         <run_address>0x29f</run_address>
         <size>0x73</size>
         <input_file_ref idref="fl-2"/>
      </object_component>
      <object_component id="oc-7f">
         <name>.debug_line</name>
         <load_address>0x312</load_address>
         <run_address>0x312</run_address>
         <size>0x70</size>
         <input_file_ref idref="fl-2"/>
      </object_component>
      <object_component id="oc-297">
         <name>.debug_line</name>
         <load_address>0x382</load_address>
         <run_address>0x382</run_address>
         <size>0xc3</size>
         <input_file_ref idref="fl-3"/>
[...]
         <name>RightBumperHit</name>
         <value>0x1ed1</value>
         <object_component_ref idref="oc-dd"/>
      </symbol>
      <symbol id="sm-21b">
         <name>go_charge</name>
         <value>0x97f</value>
         <object_component_ref idref="oc-d7"/>
      </symbol>
      <symbol id="sm-21c">
         <name>GPIOF_Handler</name>
         <value>0xbc3</value>
         <object_component_ref idref="oc-d7"/>
      </symbol>
      <symbol id="sm-21d">
         <name>oi_free</name>
         <value>0x279</value>
         <object_component_ref idref="oc-d7"/>
      </symbol>
      <symbol id="sm-21e">
         <name>oi_getMotorCalibrationRight</name>
         <value>0xe01</value>
         <object_component_ref idref="oc-d7"/>
      </symbol>
      <symbol id="sm-21f">
         <name>oi_uartReceive</name>
         <value>0xa31</value>
         <object_component_ref idref="oc-d7"/>
      </symbol>
      <symbol id="sm-220">
         <name>oi_setWheels</name>
         <value>0x88f</value>
         <object_component_ref idref="oc-d7"/>
      </symbol>
      <symbol id="sm-221">
         <name>oi_shutoff_init</name>
         <value>0xb51</value>
         <object_component_ref idref="oc-d7"/>
      </symbol>
      <symbol id="sm-222">
         <name>motor_cal_factor_L</name>
         <value>0x20000f28</value>
         <object_component_ref idref="oc-187"/>
      </symbol>
      <symbol id="sm-223">
         <name>motor_cal_factor_R</name>
         <value>0x20000f2c</value>
         <object_component_ref idref="oc-187"/>
      </symbol>
      <symbol id="sm-224">
         <name>oi_parseInt</name>
         <value>0x4407</value>
         <object_component_ref idref="oc-16e"/>
      </symbol>
      <symbol id="sm-225">
         <name>oi_setMotorCalibration</name>
         <value>0xdb1</value>
         <object_component_ref idref="oc-d7"/>
      </symbol>
      <symbol id="sm-226">
         <name>oi_uartSendStr</name>
         <value>0xa59</value>
         <object_component_ref idref="oc-d7"/>
      </symbol>
      <symbol id="sm-227">
         <name>oi_close</name>
         <value>0x2c7</value>
         <object_component_ref idref="oc-d7"/>
      </symbol>
      <symbol id="sm-228">
         <name>oi_uartSendBuff</name>
         <value>0xa77</value>
         <object_component_ref idref="oc-d7"/>
      </symbol>
      <symbol id="sm-229">
         <name>oi_checkFirmware</name>
         <value>0xaa9</value>
         <object_component_ref idref="oc-d7"/>
      </symbol>
      <symbol id="sm-22a">
         <name>oi_init_noupdate</name>
         <value>0x289</value>
         <object_component_ref idref="oc-d7"/>
      </symbol>
      <symbol id="sm-22b">
         <name>oi_uartSendChar</name>
         <value>0xa15</value>
         <object_component_ref idref="oc-d7"/>
      </symbol>
      <symbol id="sm-22c">
         <name>oi_alloc</name>
         <value>0x26d</value>
         <object_component_ref idref="oc-d7"/>
      </symbol>
      <symbol id="sm-22d">
         <name>oi_getMotorCalibrationLeft</name>
         <value>0xded</value>
         <object_component_ref idref="oc-d7"/>
      </symbol>
      <symbol id="sm-22e">
         <name>oi_loadSong</name>
         <value>0x915</value>
         <object_component_ref idref="oc-d7"/>
      </symbol>
      <symbol id="sm-22f">
         <name>oi_play_song</name>
         <value>0x96b</value>
         <object_component_ref idref="oc-d7"/>
      </symbol>
      <symbol id="sm-230">
         <name>oi_parsePacket</name>
         <value>0x32b</value>
         <object_component_ref idref="oc-d7"/>
      </symbol>
      <symbol id="sm-231">
         <name>oi_setLeds</name>
         <value>0x84b</value>
         <object_component_ref idref="oc-d7"/>
      </symbol>
      <symbol id="sm-232">
         <name>oi_init</name>
         <value>0x2b1</value>
         <object_component_ref idref="oc-d7"/>
      </symbol>
      <symbol id="sm-233">
         <name>oi_update</name>
         <value>0x2d9</value>
         <object_component_ref idref="oc-d7"/>
      </symbol>
      <symbol id="sm-234">
         <name>oi_uartInit</name>
         <value>0x98d</value>
         <object_component_ref idref="oc-d7"/>
      </symbol>
      <symbol id="sm-250">
         <name>ResetISR</name>
         <value>0x44c1</value>
         <object_component_ref idref="oc-2a"/>
      </symbol>
      <symbol id="sm-251">
         <name>g_pfnVectors</name>
         <value>0x0</value>
         <object_component_ref idref="oc-12"/>
      </symbol>
      <symbol id="sm-266">
         <name>cyBOT_Scan</name>
         <value>0x3f2d</value>
         <object_component_ref idref="oc-f5"/>
      </symbol>
      <symbol id="sm-267">
         <name>cyBOT_init_Scan</name>
         <value>0x3f1d</value>
         <object_component_ref idref="oc-f5"/>
      </symbol>
      <symbol id="sm-28e">
         <name>isr_int_value</name>
         <value>0x20000f18</value>
      </symbol>
      <symbol id="sm-28f">
         <name>ir_enableInterrupt</name>
         <value>0x353f</value>
         <object_component_ref idref="oc-1e7"/>
      </symbol>
      <symbol id="sm-290">
         <name>ir_getDistance</name>
         <value>0x3521</value>
         <object_component_ref idref="oc-1e7"/>
      </symbol>
      <symbol id="sm-291">
         <name>ir_init</name>
         <value>0x3491</value>
         <object_component_ref idref="oc-1e7"/>
      </symbol>
      <symbol id="sm-292">
         <name>ADC0SS0_Handler</name>
         <value>0x3529</value>
         <object_component_ref idref="oc-1e7"/>
      </symbol>
      <symbol id="sm-293">
         <name>ir_getValue</name>
         <value>0x34f9</value>
         <object_component_ref idref="oc-1e7"/>
      </symbol>
      <symbol id="sm-2c2">
         <name>risingEdge</name>
         <value>0x20000f20</value>
      </symbol>
      <symbol id="sm-2c3">
         <name>fallingEdge</name>
         <value>0x20000f14</value>
      </symbol>
      <symbol id="sm-2c4">
         <name>pulseLength</name>
         <value>0x20000f1c</value>
      </symbol>
      <symbol id="sm-2c5">
         <name>isRisingEdge</name>
         <value>0x20000f24</value>
      </symbol>
      <symbol id="sm-2c6">
         <name>TIMER3B_Handler</name>
         <value>0x29f5</value>
         <object_component_ref idref="oc-1e1"/>
      </symbol>
      <symbol id="sm-2c7">
         <name>ping_init</name>
         <value>0x2905</value>
         <object_component_ref idref="oc-1e1"/>
      </symbol>
      <symbol id="sm-2c8">
         <name>ping_getDistance</name>
         <value>0x2a47</value>
         <object_component_ref idref="oc-1e1"/>
      </symbol>
      <symbol id="sm-2c9">
         <name>ping_trigger</name>
         <value>0x298b</value>
         <object_component_ref idref="oc-1e1"/>
      </symbol>
      <symbol id="sm-2e7">
         <name>servo_move</name>
         <value>0x33f1</value>
         <object_component_ref idref="oc-1db"/>
      </symbol>
      <symbol id="sm-2e8">
         <name>servo_init</name>
         <value>0x336d</value>
         <object_component_ref idref="oc-1db"/>
      </symbol>
      <symbol id="sm-2e9">
         <name>servo_stop</name>
         <value>0x33e5</value>
         <object_component_ref idref="oc-1db"/>
      </symbol>
      <symbol id="sm-2ea">
         <name>servo_setPWM</name>
         <value>0x343b</value>
         <object_component_ref idref="oc-1db"/>
      </symbol>
      <symbol id="sm-326">
         <name>isr_char_buffer</name>
         <value>0x20000ec4</value>
      </symbol>
      <symbol id="sm-327">
         <name>cyBot_getByte</name>
         <value>0x2f67</value>
         <object_component_ref idref="oc-e3"/>
      </symbol>
      <symbol id="sm-328">
         <name>cyBot_sendByte</name>
         <value>0x2e79</value>
         <object_component_ref idref="oc-e3"/>
      </symbol>
      <symbol id="sm-329">
         <name>cyBot_uart_sendStr</name>
         <value>0x2e85</value>
         <object_component_ref idref="oc-e3"/>
      </symbol>
      <symbol id="sm-32a">
         <name>isr_counter</name>
         <value>0x20000f58</value>
         <object_component_ref idref="oc-1b8"/>
      </symbol>
      <symbol id="sm-32b">
         <name>cyBot_uart_sendBuffer</name>
         <value>0x2e9f</value>
         <object_component_ref idref="oc-e3"/>
      </symbol>
      <symbol id="sm-32c">
         <name>cyBot_uart_flush</name>
         <value>0x2f49</value>
         <object_component_ref idref="oc-e3"/>
      </symbol>
      <symbol id="sm-32d">
         <name>cyBot_UART1_Handler</name>
         <value>0x2f81</value>
         <object_component_ref idref="oc-e3"/>
      </symbol>
      <symbol id="sm-32e">
         <name>cyBot_uart_init</name>
         <value>0x2eb7</value>
         <object_component_ref idref="oc-e3"/>
      </symbol>
      <symbol id="sm-355">
         <name>sprintf</name>
         <value>0x4149</value>
         <object_component_ref idref="oc-100"/>
      </symbol>
      <symbol id="sm-37f">
         <name>vsnprintf</name>
         <value>0x4189</value>
         <object_component_ref idref="oc-1c5"/>
      </symbol>
      <symbol id="sm-396">
         <name>__aeabi_dsub</name>
         <value>0x2cc1</value>
         <object_component_ref idref="oc-194"/>
      </symbol>
      <symbol id="sm-397">
         <name>__aeabi_dadd</name>
         <value>0x2ccb</value>
         <object_component_ref idref="oc-194"/>
      </symbol>
      <symbol id="sm-3b9">
         <name>__aeabi_cdcmpeq</name>
         <value>0x3b7d</value>
         <object_component_ref idref="oc-1a4"/>
      </symbol>
      <symbol id="sm-3ba">
         <name>__aeabi_cdcmple</name>
         <value>0x3b7d</value>
         <object_component_ref idref="oc-1a4"/>
      </symbol>
      <symbol id="sm-3bb">
         <name>__aeabi_cdrcmple</name>
         <value>0x3c03</value>
         <object_component_ref idref="oc-1a9"/>
      </symbol>
      <symbol id="sm-3cf">
         <name>__aeabi_ddiv</name>
         <value>0x3111</value>
         <object_component_ref idref="oc-18f"/>
      </symbol>
      <symbol id="sm-3da">
         <name>__aeabi_dmul</name>
         <value>0x37b9</value>
         <object_component_ref idref="oc-18a"/>
      </symbol>
      <symbol id="sm-3e4">
         <name>__aeabi_d2iz</name>
         <value>0x40bd</value>
         <object_component_ref idref="oc-1ae"/>
      </symbol>
      <symbol id="sm-3f0">
         <name>__aeabi_d2f</name>
         <value>0x3de3</value>
         <object_component_ref idref="oc-19c"/>
      </symbol>
      <symbol id="sm-3fb">
         <name>__aeabi_f2d</name>
         <value>0x4241</value>
         <object_component_ref idref="oc-fb"/>
      </symbol>
      <symbol id="sm-405">
         <name>__aeabi_i2d</name>
         <value>0x4311</value>
         <object_component_ref idref="oc-106"/>
      </symbol>
      <symbol id="sm-420">
         <name>memcpy</name>
         <value>0x3a4b</value>
         <object_component_ref idref="oc-3e"/>
      </symbol>
      <symbol id="sm-421">
         <name>__aeabi_memcpy</name>
         <value>0x3a4b</value>
         <object_component_ref idref="oc-3e"/>
      </symbol>
      <symbol id="sm-422">
         <name>__aeabi_memcpy8</name>
         <value>0x3a4b</value>
         <object_component_ref idref="oc-3e"/>
      </symbol>
      <symbol id="sm-423">
         <name>__aeabi_memcpy4</name>
         <value>0x3a4b</value>
         <object_component_ref idref="oc-3e"/>
      </symbol>
      <symbol id="sm-43c">
         <name>__TI_zero_init_nomemset</name>
         <value>0x4369</value>
         <object_component_ref idref="oc-4a"/>
      </symbol>
      <symbol id="sm-453">
         <name>__TI_decompress_none</name>
         <value>0x44a7</value>
         <object_component_ref idref="oc-1b"/>
      </symbol>
      <symbol id="sm-476">
         <name>__TI_decompress_lzss</name>
         <value>0x3e51</value>
         <object_component_ref idref="oc-15"/>
      </symbol>
      <symbol id="sm-50b">
         <name>_sys_memory</name>
         <value>0x20000a70</value>
         <object_component_ref idref="oc-24"/>
      </symbol>
      <symbol id="sm-50c">
         <name>free</name>
         <value>0x38b5</value>
         <object_component_ref idref="oc-10b"/>
      </symbol>
      <symbol id="sm-50d">
         <name>memalign</name>
         <value>0x36b9</value>
         <object_component_ref idref="oc-317"/>
      </symbol>
      <symbol id="sm-50e">
         <name>calloc</name>
         <value>0x4209</value>
         <object_component_ref idref="oc-162"/>
      </symbol>
      <symbol id="sm-50f">
         <name>malloc</name>
         <value>0x44e1</value>
         <object_component_ref idref="oc-23e"/>
      </symbol>
      <symbol id="sm-510">
         <name>aligned_alloc</name>
         <value>0x36b9</value>
         <object_component_ref idref="oc-317"/>
      </symbol>
      <symbol id="sm-51f">
         <name>strcmp</name>
         <value>0x441f</value>
         <object_component_ref idref="oc-175"/>
      </symbol>
      <symbol id="sm-52d">
         <name>strcpy</name>
         <value>0x444d</value>
         <object_component_ref idref="oc-1cb"/>
      </symbol>
      <symbol id="sm-53b">
         <name>strlen</name>
         <value>0x4461</value>
         <object_component_ref idref="oc-e9"/>
      </symbol>
      <symbol id="sm-54e">
         <name>__stack</name>
         <value>0x20000270</value>
         <object_component_ref idref="oc-27"/>
      </symbol>
      <symbol id="sm-54f">
         <name>_c_int00_noargs</name>
         <value>0x42ad</value>
         <object_component_ref idref="oc-5c"/>
      </symbol>
      <symbol id="sm-6b4">
         <name>__TI_printfi</name>
         <value>0xe8d</value>
         <object_component_ref idref="oc-1f0"/>
      </symbol>
      <symbol id="sm-6d4">
         <name>frexpl</name>
         <value>0x3eb9</value>
         <object_component_ref idref="oc-362"/>
      </symbol>
      <symbol id="sm-6d5">
         <name>frexp</name>
         <value>0x3eb9</value>
         <object_component_ref idref="oc-362"/>
      </symbol>
      <symbol id="sm-6f2">
         <name>scalbn</name>
         <value>0x35a9</value>
         <object_component_ref idref="oc-368"/>
      </symbol>
      <symbol id="sm-6f3">
         <name>scalbnl</name>
         <value>0x35a9</value>
         <object_component_ref idref="oc-368"/>
      </symbol>
      <symbol id="sm-6f4">
         <name>ldexpl</name>
         <value>0x35a9</value>
         <object_component_ref idref="oc-368"/>
      </symbol>
      <symbol id="sm-6f5">
         <name>ldexp</name>
         <value>0x35a9</value>
         <object_component_ref idref="oc-368"/>
      </symbol>
      <symbol id="sm-6ff">
         <name>copysign</name>
         <value>0x43bd</value>
         <object_component_ref idref="oc-3bf"/>
      </symbol>
      <symbol id="sm-700">
         <name>copysignl</name>
         <value>0x43bd</value>
         <object_component_ref idref="oc-3bf"/>
      </symbol>
      <symbol id="sm-70d">
         <name>__aeabi_uldivmod</name>
         <value>0x3ae7</value>
         <object_component_ref idref="oc-33b"/>
      </symbol>
      <symbol id="sm-71c">
         <name>__aeabi_memset</name>
         <value>0x3c8b</value>
         <object_component_ref idref="oc-96"/>
      </symbol>
      <symbol id="sm-71d">
         <name>memset</name>
         <value>0x3c91</value>
         <object_component_ref idref="oc-96"/>
      </symbol>
      <symbol id="sm-71e">
         <name>__aeabi_memset8</name>
         <value>0x3c8b</value>
         <object_component_ref idref="oc-96"/>
      </symbol>
      <symbol id="sm-71f">
         <name>__aeabi_memset4</name>
         <value>0x3c8b</value>
         <object_component_ref idref="oc-96"/>
      </symbol>
      <symbol id="sm-720">
         <name>__aeabi_memclr8</name>
         <value>0x3c89</value>
         <object_component_ref idref="oc-96"/>
      </symbol>
      <symbol id="sm-721">
         <name>__aeabi_memclr4</name>
         <value>0x3c89</value>
         <object_component_ref idref="oc-96"/>
      </symbol>
      <symbol id="sm-722">
         <name>__aeabi_memclr</name>
         <value>0x3c89</value>
         <object_component_ref idref="oc-96"/>
      </symbol>
      <symbol id="sm-74a">
         <name>__TI_auto_init_nobinit_nopinit</name>
         <value>0x4105</value>
         <object_component_ref idref="oc-12e"/>
      </symbol>
      <symbol id="sm-754">
         <name>_system_pre_init</name>
         <value>0x44e9</value>
         <object_component_ref idref="oc-9c"/>
      </symbol>
      <symbol id="sm-760">
         <name>C$$EXIT</name>
         <value>0x44ed</value>
         <object_component_ref idref="oc-122"/>
      </symbol>
      <symbol id="sm-761">
         <name>abort</name>
         <value>0x44ed</value>
         <object_component_ref idref="oc-122"/>
      </symbol>
      <symbol id="sm-776">
         <name>_nop</name>
         <value>0x18db</value>
         <object_component_ref idref="oc-2f6"/>
      </symbol>
      <symbol id="sm-777">
         <name>_lock</name>
         <value>0x20000f48</value>
         <object_component_ref idref="oc-211"/>
      </symbol>
      <symbol id="sm-778">
         <name>_unlock</name>
         <value>0x20000f4c</value>
         <object_component_ref idref="oc-211"/>
      </symbol>
      <symbol id="sm-787">
         <name>__TI_ltoa</name>
         <value>0x3fcb</value>
         <object_component_ref idref="oc-341"/>
      </symbol>
      <symbol id="sm-79e">
         <name>atoi</name>
         <value>0x4071</value>
         <object_component_ref idref="oc-2ab"/>
      </symbol>
      <symbol id="sm-7a9">
         <name>_ctypes_</name>
         <value>0x44f0</value>
         <object_component_ref idref="oc-336"/>
      </symbol>
      <symbol id="sm-7b9">
         <name>memccpy</name>
         <value>0x43a1</value>
         <object_component_ref idref="oc-2cf"/>
      </symbol>
      <symbol id="sm-7c9">
         <name>strchr</name>
         <value>0x4437</value>
         <object_component_ref idref="oc-36e"/>
      </symbol>
      <symbol id="sm-7df">
         <name>__aeabi_errno_addr</name>
         <value>0x44d9</value>
         <object_component_ref idref="oc-2db"/>
      </symbol>
      <symbol id="sm-7e0">
         <name>errno</name>
         <value>0x20000f5c</value>
         <object_component_ref idref="oc-37e"/>
      </symbol>
      <symbol id="sm-7f9">
         <name>wcslen</name>
         <value>0x4475</value>
         <object_component_ref idref="oc-2d5"/>
      </symbol>
      <symbol id="sm-803">
         <name>__aeabi_idiv0</name>
         <value>0x2e77</value>
         <object_component_ref idref="oc-3ac"/>
      </symbol>
      <symbol id="sm-804">
         <name>__aeabi_ldiv0</name>
         <value>0x2e77</value>
         <object_component_ref idref="oc-3ac"/>
      </symbol>
      <symbol id="sm-829">
         <name>IntRegister</name>
         <value>0x4279</value>
         <object_component_ref idref="oc-17b"/>
      </symbol>
      <symbol id="sm-82a">
         <name>g_pfnRAMVectors</name>
         <value>0x20000000</value>
         <object_component_ref idref="oc-24c"/>
      </symbol>
      <symbol id="sm-82b">
         <name>IntMasterEnable</name>
         <value>0x4487</value>
         <object_component_ref idref="oc-181"/>
      </symbol>
      <symbol id="sm-835">
         <name>CPUcpsie</name>
         <value>0x44b5</value>
         <object_component_ref idref="oc-256"/>
      </symbol>
      <symbol id="sm-836">
         <name>__TI_static_base__</name>
         <value>0x0</value>
      </symbol>
      <symbol id="sm-839">
         <name>__mpu_init</name>
         <value>0x0</value>
      </symbol>
      <symbol id="sm-83a">
         <name>_system_post_cinit</name>
         <value>0x0</value>
      </symbol>
   </symbol_table>
   <title>Link successful</title>
</link_info>
