******************************************************************************
                  TI ARM Linker PC v20.2.4                     
******************************************************************************
>> Linked Wed Nov 17 13:57:13 2021

OUTPUT FILE NAME:   <Lab_4.out>
ENTRY POINT SYMBOL: "_c_int00_noargs"  address: 00004955


MEMORY CONFIGURATION

         name            origin    length      used     unused   attr    fill
----------------------  --------  ---------  --------  --------  ----  --------
  FLASH                 00000000   00040000  00004e08  0003b1f8  R  X
  SRAM                  20000000   00008000  000012cc  00006d34  RW X


SEGMENT ALLOCATION MAP

run origin  load origin   length   init length attrs members
----------  ----------- ---------- ----------- ----- -------
00000000    00000000    00004e08   00004e08    r-x
  00000000    00000000    0000026c   0000026c    r-- .intvecs
  0000026c    0000026c    000049cc   000049cc    r-x .text
  00004c38    00004c38    00000118   00000118    r-- .const
  00004d50    00004d50    000000b8   000000b8    r-- .cinit
20000000    20000000    000012d3   00000000    rw-
  20000000    20000000    0000026c   00000000    rw- .vtable
  20000270    20000270    00000800   00000000    rw- .stack
  20000a70    20000a70    00000400   00000000    rw- .sysmem
  20000e70    20000e70    00000245   00000000    rw- .bss
  200010b8    200010b8    0000021b   00000000    rw- .data


SECTION ALLOCATION MAP

 output                                  attributes/
section   page    origin      length       input sections
--------  ----  ----------  ----------   ----------------
.intvecs   0    00000000    0000026c     
                  00000000    0000026c     tm4c123gh6pm_startup_ccs.obj (.intvecs)

.text      0    0000026c    000049cc     
                  0000026c    00000c20     open_interface.obj (.text)
                  00000e8c    00000a4e     rtsv7M4_T_le_v4SPD16_eabi.lib : _printfi.c.obj (.text:__TI_printfi)
                  000018da    00000002                                   : _lock.c.obj (.text:_nop)
                  000018dc    0000057c     movement.obj (.text)
                  00001e58    000003a0     uart.obj (.text)
                  000021f8    00000328     lcd.obj (.text)
                  00002520    00000270     rtsv7M4_T_le_v4SPD16_eabi.lib : _printfi.c.obj (.text:_pconv_a)
                  00002790    00000248     Timer.obj (.text)
                  000029d8    000001d0     rtsv7M4_T_le_v4SPD16_eabi.lib : _printfi.c.obj (.text:_pconv_g)
                  00002ba8    000001b6                                   : fd_add_t2.asm.obj (.text)
                  00002d5e    00000002                                   : div0.asm.obj (.text)
                  00002d60    00000190     servo.obj (.text)
                  00002ef0    0000013c     rtsv7M4_T_le_v4SPD16_eabi.lib : _printfi.c.obj (.text:_pconv_e)
                  0000302c    00000136                                   : fd_div_t2.asm.obj (.text)
                  00003162    00000002     --HOLE-- [fill = 0]
                  00003164    00000124                                   : _printfi.c.obj (.text:fcvt)
                  00003288    00000114                                   : fputs.c.obj (.text:fputs)
                  0000339c    00000110                                   : s_scalbn.c.obj (.text:scalbn)
                  000034ac    00000100                                   : memory.c.obj (.text:aligned_alloc)
                  000035ac    000000fc                                   : fd_mul_t2.asm.obj (.text)
                  000036a8    000000e4                                   : memory.c.obj (.text:free)
                  0000378c    000000dc     adc.obj (.text)
                  00003868    000000dc     rtsv7M4_T_le_v4SPD16_eabi.lib : setvbuf.c.obj (.text:setvbuf)
                  00003944    000000b1                                   : _printfi.c.obj (.text:_ltostr)
                  000039f5    00000001     --HOLE-- [fill = 0]
                  000039f6    0000009c                                   : memcpy_t2.asm.obj (.text)
                  00003a92    00000096                                   : ull_div_t2.asm.obj (.text)
                  00003b28    0000008c                                   : fputc.c.obj (.text:fputc)
                  00003bb4    00000086                                   : fd_cmp_t2.asm.obj (.text:__aeabi_cdcmple)
                  00003c3a    00000086                                   : fd_cmp_t2.asm.obj (.text:__aeabi_cdrcmple)
                  00003cc0    0000007a                                   : memset_t2.asm.obj (.text)
                  00003d3a    00000002     --HOLE-- [fill = 0]
                  00003d3c    00000074                                   : fclose.c.obj (.text:__TI_closefile)
                  00003db0    00000074     button.obj (.text)
                  00003e24    00000070     rtsv7M4_T_le_v4SPD16_eabi.lib : memory.c.obj (.text:split)
                  00003e94    0000006e                                   : _printfi.c.obj (.text:_mcpy)
                  00003f02    0000006e                                   : fd_tos_t2.asm.obj (.text)
                  00003f70    0000006c                                   : hostrename.c.obj (.text:HOSTrename)
                  00003fdc    00000068                                   : hostlseek.c.obj (.text:HOSTlseek)
                  00004044    00000068                                   : copy_decompress_lzss.c.obj (.text:decompress:lzss:__TI_decompress_lzss)
                  000040ac    00000068                                   : printf.c.obj (.text:printf)
                  00004114    00000064                                   : s_frexp.c.obj (.text:frexp)
                  00004178    00000064                                   : fseek.c.obj (.text:fseek)
                  000041dc    00000062                                   : _io_perm.c.obj (.text:__TI_wrt_ok)
                  0000423e    00000002     --HOLE-- [fill = 0]
                  00004240    00000060                                   : hostopen.c.obj (.text:HOSTopen)
                  000042a0    0000005c                                   : close.c.obj (.text:close)
                  000042fc    00000058                                   : hostread.c.obj (.text:HOSTread)
                  00004354    00000058                                   : hostwrite.c.obj (.text:HOSTwrite)
                  000043ac    00000056                                   : _printfi.c.obj (.text:_pconv_f)
                  00004402    00000054                                   : _ltoa.c.obj (.text:__TI_ltoa)
                  00004456    00000052                                   : _printfi.c.obj (.text:_ecpy)
                  000044a8    0000004c                                   : fflush.c.obj (.text:__TI_doflush)
                  000044f4    0000004c                                   : atoi.c.obj (.text:atoi)
                  00004540    00000048                                   : exit.c.obj (.text:exit)
                  00004588    00000048                                   : fd_toi_t2.asm.obj (.text)
                  000045d0    00000044                                   : hostclose.c.obj (.text:HOSTclose)
                  00004614    00000044                                   : hostunlink.c.obj (.text:HOSTunlink)
                  00004658    00000044                                   : autoinit.c.obj (.text:__TI_auto_init_nobinit_nopinit:__TI_auto_init_nobinit_nopinit)
                  0000469c    00000044                                   : getdevice.c.obj (.text:getdevice)
                  000046e0    00000044                                   : fd_tou_t2.asm.obj (.text)
                  00004724    00000040                                   : vsnprintf.c.obj (.text:vsnprintf)
                  00004764    0000003e                                   : _printfi.c.obj (.text:_fcpy)
                  000047a2    00000002     --HOLE-- [fill = 0]
                  000047a4    00000038                                   : trgmsg.c.obj (.text:__TI_writemsg)
                  000047dc    00000038                                   : memory.c.obj (.text:calloc)
                  00004814    00000038                                   : fs_tod_t2.asm.obj (.text)
                  0000484c    00000036     main.obj (.text)
                  00004882    00000036     rtsv7M4_T_le_v4SPD16_eabi.lib : strncpy.c.obj (.text:strncpy)
                  000048b8    00000034     driverlib.lib : interrupt.obj (.text:IntRegister)
                  000048ec    00000034     rtsv7M4_T_le_v4SPD16_eabi.lib : fopen.c.obj (.text:__TI_cleanup)
                  00004920    00000034                                   : trgmsg.c.obj (.text:__TI_readmsg)
                  00004954    00000034                                   : boot_cortex_m.c.obj (.text:_c_int00_noargs:_c_int00_noargs)
                  00004988    00000030                                   : vsnprintf.c.obj (.text:_outs)
                  000049b8    00000030                                   : getdevice.c.obj (.text:finddevice)
                  000049e8    0000002e                                   : i_tofd_t2.asm.obj (.text)
                  00004a16    00000002     --HOLE-- [fill = 0]
                  00004a18    0000002c                                   : unlink.c.obj (.text:unlink)
                  00004a44    00000028                                   : memory.c.obj (.text:free_list_insert)
                  00004a6c    00000028                                   : lseek.c.obj (.text:lseek)
                  00004a94    00000028                                   : write.c.obj (.text:write)
                  00004abc    00000020                                   : memchr.c.obj (.text:memchr)
                  00004adc    0000001c                                   : memory.c.obj (.text:free_list_remove)
                  00004af8    0000001c                                   : memccpy.c.obj (.text:memccpy)
                  00004b14    0000001a                                   : s_copysign.c.obj (.text:copysign)
                  00004b2e    00000018                                   : vsnprintf.c.obj (.text:_outc)
                  00004b46    00000018     open_interface.obj (.text:oi_parseInt)
                  00004b5e    00000018     rtsv7M4_T_le_v4SPD16_eabi.lib : strcmp.c.obj (.text:strcmp)
                  00004b76    00000016                                   : strchr.c.obj (.text:strchr)
                  00004b8c    00000014                                   : strcpy.c.obj (.text:strcpy)
                  00004ba0    00000014                                   : strlen.c.obj (.text:strlen)
                  00004bb4    00000012                                   : wcslen.c.obj (.text:wcslen)
                  00004bc6    00000010     driverlib.lib : interrupt.obj (.text:IntMasterEnable)
                  00004bd6    00000010     lcd.obj (.text:lcd_clear)
                  00004be6    0000000e     rtsv7M4_T_le_v4SPD16_eabi.lib : copy_decompress_none.c.obj (.text:decompress:none:__TI_decompress_none)
                  00004bf4    0000000c     driverlib.lib : cpu.obj (.text:CPUcpsie)
                  00004c00    0000000c     rtsv7M4_T_le_v4SPD16_eabi.lib : copy_zero_init.c.obj (.text:decompress:ZI:__TI_zero_init)
                  00004c0c    0000000c     tm4c123gh6pm_startup_ccs.obj (.text)
                  00004c18    00000008     rtsv7M4_T_le_v4SPD16_eabi.lib : errno.c.obj (.text:__aeabi_errno_addr)
                  00004c20    00000008                                   : memory.c.obj (.text:malloc)
                  00004c28    00000004                                   : printf.c.obj (.text:_outc)
                  00004c2c    00000004                                   : printf.c.obj (.text:_outs)
                  00004c30    00000004                                   : pre_init.c.obj (.text:_system_pre_init)
                  00004c34    00000004                                   : exit.c.obj (.text:abort:abort)

.const     0    00004c38    00000118     
                  00004c38    00000101     rtsv7M4_T_le_v4SPD16_eabi.lib : ctype.c.obj (.const:.string:_ctypes_)
                  00004d39    0000000f     open_interface.obj (.const:.string:$P$T0$3)
                  00004d48    00000004     lcd.obj (.const:.string:lineAddress$1)
                  00004d4c    00000004     lcd.obj (.const:.string:lineAddresses$2)

.cinit     0    00004d50    000000b8     
                  00004d50    0000007f     (.cinit..data.load) [load image, compression = lzss]
                  00004dcf    00000001     --HOLE-- [fill = 0]
                  00004dd0    0000000c     (__TI_handler_table)
                  00004ddc    00000004     --HOLE-- [fill = 0]
                  00004de0    00000008     (.cinit..bss.load) [load image, compression = zero_init]
                  00004de8    00000008     (.cinit..vtable.load) [load image, compression = zero_init]
                  00004df0    00000018     (__TI_cinit_table)

.init_array 
*          0    00000000    00000000     UNINITIALIZED

.vtable    0    20000000    0000026c     UNINITIALIZED
                  20000000    0000026c     driverlib.lib : interrupt.obj (.vtable)

.stack     0    20000270    00000800     UNINITIALIZED
                  20000270    00000004     rtsv7M4_T_le_v4SPD16_eabi.lib : boot_cortex_m.c.obj (.stack)
                  20000274    000007fc     --HOLE--

.sysmem    0    20000a70    00000400     UNINITIALIZED
                  20000a70    00000010     rtsv7M4_T_le_v4SPD16_eabi.lib : memory.c.obj (.sysmem)
                  20000a80    000003f0     --HOLE--

.bss       0    20000e70    00000245     UNINITIALIZED
                  20000e70    00000120     rtsv7M4_T_le_v4SPD16_eabi.lib : trgmsg.c.obj (.bss:_CIOBUF_)
                  20000f90    000000a0     (.common:__TI_tmpnams)
                  20001030    00000054     lcd.obj (.bss:lastbuffer$3)
                  20001084    00000018     open_interface.obj (.bss:firmware$2)
                  2000109c    00000008     (.common:parmbuf)
                  200010a4    00000004     (.common:_timeout_ticks)
                  200010a8    00000004     (.common:leftValue)
                  200010ac    00000004     (.common:pulsePeriod)
                  200010b0    00000004     (.common:rightValue)
                  200010b4    00000001     (.common:data_received)

.data      0    200010b8    0000021b     UNINITIALIZED
                  200010b8    000000f0     rtsv7M4_T_le_v4SPD16_eabi.lib : defs.c.obj (.data:_ftable)
                  200011a8    00000078                                   : host_device.c.obj (.data:_device)
                  20001220    00000050                                   : host_device.c.obj (.data:_stream)
                  20001270    00000020     open_interface.obj (.data)
                  20001290    00000010     movement.obj (.data)
                  200012a0    00000010     rtsv7M4_T_le_v4SPD16_eabi.lib : defs.c.obj (.data)
                  200012b0    0000000c                                   : exit.c.obj (.data:$O1$$)
                  200012bc    00000008                                   : _lock.c.obj (.data:$O1$$)
                  200012c4    00000008                                   : memory.c.obj (.data:$O1$$)
                  200012cc    00000004                                   : errno.c.obj (.data)
                  200012d0    00000001     Timer.obj (.data)
                  200012d1    00000001     button.obj (.data)
                  200012d2    00000001     uart.obj (.data)

__llvm_prf_cnts 
*          0    20000000    00000000     UNINITIALIZED

MODULE SUMMARY

       Module                         code    ro data   rw data
       ------                         ----    -------   -------
    .\
       open_interface.obj             3128    15        56     
       lcd.obj                        824     8         84     
       tm4c123gh6pm_startup_ccs.obj   12      620       0      
       Timer.obj                      584     0         5      
       servo.obj                      400     0         0      
       adc.obj                        220     0         0      
       button.obj                     116     0         1      
       main.obj                       54      0         12     
    +--+------------------------------+-------+---------+---------+
       Total:                         5338    643       158    
                                                               
    .\files_for_alarm\
       movement.obj                   1404    0         16     
       uart.obj                       928     0         2      
    +--+------------------------------+-------+---------+---------+
       Total:                         2332    0         18     
                                                               
    C:/ti/TivaWare_C_Series-2.1.4.178/driverlib/ccs/Debug/driverlib.lib
       interrupt.obj                  68      0         620    
       cpu.obj                        12      0         0      
    +--+------------------------------+-------+---------+---------+
       Total:                         80      0         620    
                                                               
    C:\ti\ccs1031\ccs\tools\compiler\ti-cgt-arm_20.2.4.LTS\lib\rtsv7M4_T_le_v4SPD16_eabi.lib
       _printfi.c.obj                 4851    0         0      
       memory.c.obj                   728     0         8      
       fd_add_t2.asm.obj              438     0         0      
       defs.c.obj                     0       0         416    
       trgmsg.c.obj                   108     0         288    
       fd_div_t2.asm.obj              310     0         0      
       fputs.c.obj                    276     0         0      
       s_scalbn.c.obj                 272     0         0      
       fd_cmp_t2.asm.obj              268     0         0      
       ctype.c.obj                    0       257       0      
       fd_mul_t2.asm.obj              252     0         0      
       setvbuf.c.obj                  220     0         0      
       host_device.c.obj              0       0         200    
       memcpy_t2.asm.obj              156     0         0      
       ull_div_t2.asm.obj             150     0         0      
       fputc.c.obj                    140     0         0      
       vsnprintf.c.obj                136     0         0      
       memset_t2.asm.obj              122     0         0      
       fclose.c.obj                   116     0         0      
       getdevice.c.obj                116     0         0      
       printf.c.obj                   112     0         0      
       fd_tos_t2.asm.obj              110     0         0      
       hostrename.c.obj               108     0         0      
       copy_decompress_lzss.c.obj     104     0         0      
       hostlseek.c.obj                104     0         0      
       hostopen.c.obj                 96      0         8      
       fseek.c.obj                    100     0         0      
       s_frexp.c.obj                  100     0         0      
       _io_perm.c.obj                 98      0         0      
       close.c.obj                    92      0         0      
       exit.c.obj                     76      0         12     
       hostread.c.obj                 88      0         0      
       hostwrite.c.obj                88      0         0      
       _ltoa.c.obj                    84      0         0      
       atoi.c.obj                     76      0         0      
       fflush.c.obj                   76      0         0      
       fd_toi_t2.asm.obj              72      0         0      
       autoinit.c.obj                 68      0         0      
       fd_tou_t2.asm.obj              68      0         0      
       hostclose.c.obj                68      0         0      
       hostunlink.c.obj               68      0         0      
       fs_tod_t2.asm.obj              56      0         0      
       strncpy.c.obj                  54      0         0      
       boot_cortex_m.c.obj            52      0         0      
       fopen.c.obj                    52      0         0      
       i_tofd_t2.asm.obj              46      0         0      
       unlink.c.obj                   44      0         0      
       lseek.c.obj                    40      0         0      
       write.c.obj                    40      0         0      
       memchr.c.obj                   32      0         0      
       memccpy.c.obj                  28      0         0      
       s_copysign.c.obj               26      0         0      
       strcmp.c.obj                   24      0         0      
       strchr.c.obj                   22      0         0      
       strcpy.c.obj                   20      0         0      
       strlen.c.obj                   20      0         0      
       wcslen.c.obj                   18      0         0      
       copy_decompress_none.c.obj     14      0         0      
       copy_zero_init.c.obj           12      0         0      
       errno.c.obj                    8       0         4      
       _lock.c.obj                    2       0         8      
       pre_init.c.obj                 4       0         0      
       div0.asm.obj                   2       0         0      
    +--+------------------------------+-------+---------+---------+
       Total:                         11131   257       944    
                                                               
       Heap:                          0       0         1024   
       Stack:                         0       0         2048   
       Linker Generated:              0       179       0      
    +--+------------------------------+-------+---------+---------+
       Grand Total:                   18881   1079      4812   


LINKER GENERATED COPY TABLES

__TI_cinit_table @ 00004df0 records: 3, size/record: 8, table size: 24
	.data: load addr=00004d50, load size=0000007f bytes, run addr=200010b8, run size=0000021b bytes, compression=lzss
	.bss: load addr=00004de0, load size=00000008 bytes, run addr=20000e70, run size=00000245 bytes, compression=zero_init
	.vtable: load addr=00004de8, load size=00000008 bytes, run addr=20000000, run size=0000026c bytes, compression=zero_init


LINKER GENERATED HANDLER TABLE

__TI_handler_table @ 00004dd0 records: 3, size/record: 4, table size: 12
	index: 0, handler: __TI_zero_init
	index: 1, handler: __TI_decompress_lzss
	index: 2, handler: __TI_decompress_none


GLOBAL SYMBOLS: SORTED ALPHABETICALLY BY Name 

address   name                               
-------   ----                               
00004c35  C$$EXIT                            
000047d3  C$$IO$$                            
00004bf5  CPUcpsie                           
00000bc3  GPIOF_Handler                      
000045d1  HOSTclose                          
00003fdd  HOSTlseek                          
00004241  HOSTopen                           
000042fd  HOSTread                           
00003f71  HOSTrename                         
00004615  HOSTunlink                         
00004355  HOSTwrite                          
00004bc7  IntMasterEnable                    
000048b9  IntRegister                        
00004c0d  ResetISR                           
00002e8f  ResetServo                         
00002e3d  RotateServo                        
00002ded  ServoConfigure                     
00002d61  ServoInit                          
20000e70  __CIOBUF_                          
20000a70  __STACK_END                        
00000800  __STACK_SIZE                       
20000470  __STACK_TOP                        
00000400  __SYSMEM_SIZE                      
00004df0  __TI_CINIT_Base                    
00004e08  __TI_CINIT_Limit                   
00004dd0  __TI_Handler_Table_Base            
00004ddc  __TI_Handler_Table_Limit           
00004659  __TI_auto_init_nobinit_nopinit     
000048ed  __TI_cleanup                       
200012b0  __TI_cleanup_ptr                   
00003d3d  __TI_closefile                     
00004045  __TI_decompress_lzss               
00004be7  __TI_decompress_none               
000044a9  __TI_doflush                       
200012b4  __TI_dtors_ptr                     
200012b8  __TI_enable_exit_profile_output    
200012a0  __TI_ft_end                        
00004403  __TI_ltoa                          
ffffffff  __TI_pprof_out_hndl                
00000e8d  __TI_printfi                       
ffffffff  __TI_prof_data_size                
ffffffff  __TI_prof_data_start               
00004921  __TI_readmsg                       
00000000  __TI_static_base__                 
20000f90  __TI_tmpnams                       
000047a5  __TI_writemsg                      
000041dd  __TI_wrt_ok                        
00004c01  __TI_zero_init                     
00003bb5  __aeabi_cdcmpeq                    
00003bb5  __aeabi_cdcmple                    
00003c3b  __aeabi_cdrcmple                   
00003f03  __aeabi_d2f                        
00004589  __aeabi_d2iz                       
000046e1  __aeabi_d2uiz                      
00002bb3  __aeabi_dadd                       
0000302d  __aeabi_ddiv                       
000035ad  __aeabi_dmul                       
00002ba9  __aeabi_dsub                       
00004c19  __aeabi_errno_addr                 
00004815  __aeabi_f2d                        
000049e9  __aeabi_i2d                        
00002d5f  __aeabi_idiv0                      
00002d5f  __aeabi_ldiv0                      
00003cc1  __aeabi_memclr                     
00003cc1  __aeabi_memclr4                    
00003cc1  __aeabi_memclr8                    
000039f7  __aeabi_memcpy                     
000039f7  __aeabi_memcpy4                    
000039f7  __aeabi_memcpy8                    
00003cc3  __aeabi_memset                     
00003cc3  __aeabi_memset4                    
00003cc3  __aeabi_memset8                    
200012ac  __aeabi_stderr                     
200012a4  __aeabi_stdin                      
200012a8  __aeabi_stdout                     
00003a93  __aeabi_uldivmod                   
ffffffff  __binit__                          
ffffffff  __c_args__                         
UNDEFED   __mpu_init                         
20000270  __stack                            
20000000  __start___llvm_prf_cnts            
20000000  __stop___llvm_prf_cnts             
00004955  _c_int00_noargs                    
00004c38  _ctypes_                           
200011a8  _device                            
200010b8  _ftable                            
200012bc  _lock                              
000018db  _nop                               
200012d0  _running                           
20001220  _stream                            
20000a70  _sys_memory                        
UNDEFED   _system_post_cinit                 
00004c31  _system_pre_init                   
200010a4  _timeout_ticks                     
200012c0  _unlock                            
00004c35  abort                              
00001a7b  actually_move_until_detect_obstacle
0000378d  adc_init                           
00003809  adc_read                           
000034ad  aligned_alloc                      
000044f5  atoi                               
ffffffff  binit                              
00001f7b  botprintf                          
00003ddd  button_getButton                   
00003db1  button_init                        
000047dd  calloc                             
000020c7  char_input                         
000042a1  close                              
00004b15  copysign                           
00004b15  copysignl                          
20001290  current_deg                        
200010b4  data_received                      
200012d2  data_received_flag                 
200012cc  errno                              
00004541  exit                               
000049b9  finddevice                         
00003b29  fputc                              
00003289  fputs                              
000036a9  free                               
00004115  frexp                              
00004115  frexpl                             
00004179  fseek                              
20000000  g_pfnRAMVectors                    
00000000  g_pfnVectors                       
0000469d  getdevice                          
0000097f  go_charge                          
00004bd7  lcd_clear                          
000023cd  lcd_gotoLine                       
00002235  lcd_init                           
00002433  lcd_printf                         
000022f5  lcd_putc                           
0000232d  lcd_puts                           
000021f9  lcd_reverseNibble                  
0000234b  lcd_sendCommand                    
00002389  lcd_sendNibble                     
000023f5  lcd_setCursorPos                   
0000339d  ldexp                              
0000339d  ldexpl                             
200010a8  leftValue                          
00004a6d  lseek                              
0000484d  main                               
00004c21  malloc                             
000034ad  memalign                           
00004af9  memccpy                            
00004abd  memchr                             
000039f7  memcpy                             
00003cc9  memset                             
20001270  motor_cal_factor_L                 
20001274  motor_cal_factor_R                 
00001db9  move_around_obstacle               
00001b91  move_around_obstacles              
000018dd  move_specific_distance             
0000026d  oi_alloc                           
00000aa9  oi_checkFirmware                   
000002c7  oi_close                           
00000279  oi_free                            
00000ded  oi_getMotorCalibrationLeft         
00000e01  oi_getMotorCalibrationRight        
000002b1  oi_init                            
00000289  oi_init_noupdate                   
00000915  oi_loadSong                        
00004b47  oi_parseInt                        
0000032b  oi_parsePacket                     
0000096b  oi_play_song                       
0000084b  oi_setLeds                         
00000db1  oi_setMotorCalibration             
0000088f  oi_setWheels                       
00000b51  oi_shutoff_init                    
0000098d  oi_uartInit                        
00000a31  oi_uartReceive                     
00000a77  oi_uartSendBuff                    
00000a15  oi_uartSendChar                    
00000a59  oi_uartSendStr                     
000002d9  oi_update                          
2000109c  parmbuf                            
000040ad  printf                             
200010ac  pulsePeriod                        
00003b29  putc                               
00004a19  remove                             
200010b0  rightValue                         
0000339d  scalbn                             
0000339d  scalbnl                            
00003869  setvbuf                            
00004b77  strchr                             
00004b5f  strcmp                             
00004b8d  strcpy                             
00004ba1  strlen                             
00004883  strncpy                            
000028af  timer_getMicros                    
00002857  timer_getMillis                    
00002791  timer_init                         
00002833  timer_pause                        
00002845  timer_resume                       
00002809  timer_stop                         
00002909  timer_waitMicros                   
0000293b  timer_waitMillis                   
0000198f  turn_robot_degrees                 
00001fb1  uart_error                         
00001e59  uart_init                          
00002099  uart_interrupt_handler             
00002079  uart_interrupt_init                
00002013  uart_receive                       
00001f5d  uart_sendChar                      
0000205f  uart_sendStr                       
00004a19  unlink                             
00004725  vsnprintf                          
00004bb5  wcslen                             
00004a95  write                              


GLOBAL SYMBOLS: SORTED BY Symbol Address 

address   name                               
-------   ----                               
00000000  __TI_static_base__                 
00000000  g_pfnVectors                       
0000026d  oi_alloc                           
00000279  oi_free                            
00000289  oi_init_noupdate                   
000002b1  oi_init                            
000002c7  oi_close                           
000002d9  oi_update                          
0000032b  oi_parsePacket                     
00000400  __SYSMEM_SIZE                      
00000800  __STACK_SIZE                       
0000084b  oi_setLeds                         
0000088f  oi_setWheels                       
00000915  oi_loadSong                        
0000096b  oi_play_song                       
0000097f  go_charge                          
0000098d  oi_uartInit                        
00000a15  oi_uartSendChar                    
00000a31  oi_uartReceive                     
00000a59  oi_uartSendStr                     
00000a77  oi_uartSendBuff                    
00000aa9  oi_checkFirmware                   
00000b51  oi_shutoff_init                    
00000bc3  GPIOF_Handler                      
00000db1  oi_setMotorCalibration             
00000ded  oi_getMotorCalibrationLeft         
00000e01  oi_getMotorCalibrationRight        
00000e8d  __TI_printfi                       
000018db  _nop                               
000018dd  move_specific_distance             
0000198f  turn_robot_degrees                 
00001a7b  actually_move_until_detect_obstacle
00001b91  move_around_obstacles              
00001db9  move_around_obstacle               
00001e59  uart_init                          
00001f5d  uart_sendChar                      
00001f7b  botprintf                          
00001fb1  uart_error                         
00002013  uart_receive                       
0000205f  uart_sendStr                       
00002079  uart_interrupt_init                
00002099  uart_interrupt_handler             
000020c7  char_input                         
000021f9  lcd_reverseNibble                  
00002235  lcd_init                           
000022f5  lcd_putc                           
0000232d  lcd_puts                           
0000234b  lcd_sendCommand                    
00002389  lcd_sendNibble                     
000023cd  lcd_gotoLine                       
000023f5  lcd_setCursorPos                   
00002433  lcd_printf                         
00002791  timer_init                         
00002809  timer_stop                         
00002833  timer_pause                        
00002845  timer_resume                       
00002857  timer_getMillis                    
000028af  timer_getMicros                    
00002909  timer_waitMicros                   
0000293b  timer_waitMillis                   
00002ba9  __aeabi_dsub                       
00002bb3  __aeabi_dadd                       
00002d5f  __aeabi_idiv0                      
00002d5f  __aeabi_ldiv0                      
00002d61  ServoInit                          
00002ded  ServoConfigure                     
00002e3d  RotateServo                        
00002e8f  ResetServo                         
0000302d  __aeabi_ddiv                       
00003289  fputs                              
0000339d  ldexp                              
0000339d  ldexpl                             
0000339d  scalbn                             
0000339d  scalbnl                            
000034ad  aligned_alloc                      
000034ad  memalign                           
000035ad  __aeabi_dmul                       
000036a9  free                               
0000378d  adc_init                           
00003809  adc_read                           
00003869  setvbuf                            
000039f7  __aeabi_memcpy                     
000039f7  __aeabi_memcpy4                    
000039f7  __aeabi_memcpy8                    
000039f7  memcpy                             
00003a93  __aeabi_uldivmod                   
00003b29  fputc                              
00003b29  putc                               
00003bb5  __aeabi_cdcmpeq                    
00003bb5  __aeabi_cdcmple                    
00003c3b  __aeabi_cdrcmple                   
00003cc1  __aeabi_memclr                     
00003cc1  __aeabi_memclr4                    
00003cc1  __aeabi_memclr8                    
00003cc3  __aeabi_memset                     
00003cc3  __aeabi_memset4                    
00003cc3  __aeabi_memset8                    
00003cc9  memset                             
00003d3d  __TI_closefile                     
00003db1  button_init                        
00003ddd  button_getButton                   
00003f03  __aeabi_d2f                        
00003f71  HOSTrename                         
00003fdd  HOSTlseek                          
00004045  __TI_decompress_lzss               
000040ad  printf                             
00004115  frexp                              
00004115  frexpl                             
00004179  fseek                              
000041dd  __TI_wrt_ok                        
00004241  HOSTopen                           
000042a1  close                              
000042fd  HOSTread                           
00004355  HOSTwrite                          
00004403  __TI_ltoa                          
000044a9  __TI_doflush                       
000044f5  atoi                               
00004541  exit                               
00004589  __aeabi_d2iz                       
000045d1  HOSTclose                          
00004615  HOSTunlink                         
00004659  __TI_auto_init_nobinit_nopinit     
0000469d  getdevice                          
000046e1  __aeabi_d2uiz                      
00004725  vsnprintf                          
000047a5  __TI_writemsg                      
000047d3  C$$IO$$                            
000047dd  calloc                             
00004815  __aeabi_f2d                        
0000484d  main                               
00004883  strncpy                            
000048b9  IntRegister                        
000048ed  __TI_cleanup                       
00004921  __TI_readmsg                       
00004955  _c_int00_noargs                    
000049b9  finddevice                         
000049e9  __aeabi_i2d                        
00004a19  remove                             
00004a19  unlink                             
00004a6d  lseek                              
00004a95  write                              
00004abd  memchr                             
00004af9  memccpy                            
00004b15  copysign                           
00004b15  copysignl                          
00004b47  oi_parseInt                        
00004b5f  strcmp                             
00004b77  strchr                             
00004b8d  strcpy                             
00004ba1  strlen                             
00004bb5  wcslen                             
00004bc7  IntMasterEnable                    
00004bd7  lcd_clear                          
00004be7  __TI_decompress_none               
00004bf5  CPUcpsie                           
00004c01  __TI_zero_init                     
00004c0d  ResetISR                           
00004c19  __aeabi_errno_addr                 
00004c21  malloc                             
00004c31  _system_pre_init                   
00004c35  C$$EXIT                            
00004c35  abort                              
00004c38  _ctypes_                           
00004dd0  __TI_Handler_Table_Base            
00004ddc  __TI_Handler_Table_Limit           
00004df0  __TI_CINIT_Base                    
00004e08  __TI_CINIT_Limit                   
20000000  __start___llvm_prf_cnts            
20000000  __stop___llvm_prf_cnts             
20000000  g_pfnRAMVectors                    
20000270  __stack                            
20000470  __STACK_TOP                        
20000a70  __STACK_END                        
20000a70  _sys_memory                        
20000e70  __CIOBUF_                          
20000f90  __TI_tmpnams                       
2000109c  parmbuf                            
200010a4  _timeout_ticks                     
200010a8  leftValue                          
200010ac  pulsePeriod                        
200010b0  rightValue                         
200010b4  data_received                      
200010b8  _ftable                            
200011a8  _device                            
20001220  _stream                            
20001270  motor_cal_factor_L                 
20001274  motor_cal_factor_R                 
20001290  current_deg                        
200012a0  __TI_ft_end                        
200012a4  __aeabi_stdin                      
200012a8  __aeabi_stdout                     
200012ac  __aeabi_stderr                     
200012b0  __TI_cleanup_ptr                   
200012b4  __TI_dtors_ptr                     
200012b8  __TI_enable_exit_profile_output    
200012bc  _lock                              
200012c0  _unlock                            
200012cc  errno                              
200012d0  _running                           
200012d2  data_received_flag                 
ffffffff  __TI_pprof_out_hndl                
ffffffff  __TI_prof_data_size                
ffffffff  __TI_prof_data_start               
ffffffff  __binit__                          
ffffffff  __c_args__                         
ffffffff  binit                              
UNDEFED   __mpu_init                         
UNDEFED   _system_post_cinit                 

[208 symbols]
