******************************************************************************
                  TI ARM Linker PC v20.2.4                     
******************************************************************************
>> Linked Fri Nov 19 17:46:01 2021

OUTPUT FILE NAME:   <Lab_4.out>
ENTRY POINT SYMBOL: "_c_int00_noargs"  address: 0000583d


MEMORY CONFIGURATION

         name            origin    length      used     unused   attr    fill
----------------------  --------  ---------  --------  --------  ----  --------
  FLASH                 00000000   00040000  00005d3b  0003a2c5  R  X
  SRAM                  20000000   00008000  000012c2  00006d3e  RW X


SEGMENT ALLOCATION MAP

run origin  load origin   length   init length attrs members
----------  ----------- ---------- ----------- ----- -------
00000000    00000000    00005d40   00005d40    r-x
  00000000    00000000    0000026c   0000026c    r-- .intvecs
  0000026c    0000026c    000058d4   000058d4    r-x .text
  00005b40    00005b40    0000014b   0000014b    r-- .const
  00005c90    00005c90    000000b0   000000b0    r-- .cinit
20000000    20000000    000012c7   00000000    rw-
  20000000    20000000    0000026c   00000000    rw- .vtable
  20000270    20000270    00000800   00000000    rw- .stack
  20000a70    20000a70    00000400   00000000    rw- .sysmem
  20000e70    20000e70    00000243   00000000    rw- .bss
  200010b4    200010b4    00000213   00000000    rw- .data


SECTION ALLOCATION MAP

 output                                  attributes/
section   page    origin      length       input sections
--------  ----  ----------  ----------   ----------------
.intvecs   0    00000000    0000026c     
                  00000000    0000026c     tm4c123gh6pm_startup_ccs.obj (.intvecs)

.text      0    0000026c    000058d4     
                  0000026c    00000c20     open_interface.obj (.text)
                  00000e8c    00000a4e     rtsv7M4_T_le_v4SPD16_eabi.lib : _printfi.c.obj (.text:__TI_printfi)
                  000018da    00000002                                   : _lock.c.obj (.text:_nop)
                  000018dc    000009c0                                   : e_pow.c.obj (.text:pow)
                  0000229c    000005e0     servo.obj (.text)
                  0000287c    000003cc     uart.obj (.text)
                  00002c48    00000328     lcd.obj (.text)
                  00002f70    00000280     sonar.obj (.text)
                  000031f0    00000270     rtsv7M4_T_le_v4SPD16_eabi.lib : _printfi.c.obj (.text:_pconv_a)
                  00003460    00000248     Timer.obj (.text)
                  000036a8    000001d0     rtsv7M4_T_le_v4SPD16_eabi.lib : _printfi.c.obj (.text:_pconv_g)
                  00003878    000001b6                                   : fd_add_t2.asm.obj (.text)
                  00003a2e    00000002                                   : div0.asm.obj (.text)
                  00003a30    00000188     scan.obj (.text)
                  00003bb8    00000158     rtsv7M4_T_le_v4SPD16_eabi.lib : e_sqrt.c.obj (.text:sqrt)
                  00003d10    0000013c                                   : _printfi.c.obj (.text:_pconv_e)
                  00003e4c    00000136                                   : fd_div_t2.asm.obj (.text)
                  00003f82    00000002     --HOLE-- [fill = 0]
                  00003f84    00000124                                   : _printfi.c.obj (.text:fcvt)
                  000040a8    00000114                                   : fputs.c.obj (.text:fputs)
                  000041bc    00000110                                   : s_scalbn.c.obj (.text:scalbn)
                  000042cc    00000100                                   : memory.c.obj (.text:aligned_alloc)
                  000043cc    000000fc     main.obj (.text)
                  000044c8    000000fc     rtsv7M4_T_le_v4SPD16_eabi.lib : fd_mul_t2.asm.obj (.text)
                  000045c4    000000e4                                   : memory.c.obj (.text:free)
                  000046a8    000000dc     adc.obj (.text)
                  00004784    000000dc     rtsv7M4_T_le_v4SPD16_eabi.lib : setvbuf.c.obj (.text:setvbuf)
                  00004860    000000b1                                   : _printfi.c.obj (.text:_ltostr)
                  00004911    00000001     --HOLE-- [fill = 0]
                  00004912    0000009c                                   : memcpy_t2.asm.obj (.text)
                  000049ae    00000096                                   : ull_div_t2.asm.obj (.text)
                  00004a44    0000008c                                   : fputc.c.obj (.text:fputc)
                  00004ad0    00000086                                   : fd_cmp_t2.asm.obj (.text:__aeabi_cdcmple)
                  00004b56    00000086                                   : fd_cmp_t2.asm.obj (.text:__aeabi_cdrcmple)
                  00004bdc    0000007a                                   : memset_t2.asm.obj (.text)
                  00004c56    00000002     --HOLE-- [fill = 0]
                  00004c58    00000074                                   : fclose.c.obj (.text:__TI_closefile)
                  00004ccc    00000074     button.obj (.text)
                  00004d40    00000070     rtsv7M4_T_le_v4SPD16_eabi.lib : memory.c.obj (.text:split)
                  00004db0    0000006e                                   : _printfi.c.obj (.text:_mcpy)
                  00004e1e    0000006e                                   : fd_tos_t2.asm.obj (.text)
                  00004e8c    0000006c                                   : hostrename.c.obj (.text:HOSTrename)
                  00004ef8    00000068                                   : hostlseek.c.obj (.text:HOSTlseek)
                  00004f60    00000068                                   : copy_decompress_lzss.c.obj (.text:decompress:lzss:__TI_decompress_lzss)
                  00004fc8    00000068                                   : printf.c.obj (.text:printf)
                  00005030    00000064                                   : s_frexp.c.obj (.text:frexp)
                  00005094    00000064                                   : fseek.c.obj (.text:fseek)
                  000050f8    00000062                                   : _io_perm.c.obj (.text:__TI_wrt_ok)
                  0000515a    00000002     --HOLE-- [fill = 0]
                  0000515c    00000060                                   : hostopen.c.obj (.text:HOSTopen)
                  000051bc    0000005c                                   : close.c.obj (.text:close)
                  00005218    00000058                                   : hostread.c.obj (.text:HOSTread)
                  00005270    00000058                                   : hostwrite.c.obj (.text:HOSTwrite)
                  000052c8    00000056                                   : _printfi.c.obj (.text:_pconv_f)
                  0000531e    00000054                                   : _ltoa.c.obj (.text:__TI_ltoa)
                  00005372    00000052                                   : _printfi.c.obj (.text:_ecpy)
                  000053c4    0000004c                                   : fflush.c.obj (.text:__TI_doflush)
                  00005410    0000004c                                   : atoi.c.obj (.text:atoi)
                  0000545c    00000048                                   : exit.c.obj (.text:exit)
                  000054a4    00000048                                   : fd_toi_t2.asm.obj (.text)
                  000054ec    00000044                                   : hostclose.c.obj (.text:HOSTclose)
                  00005530    00000044                                   : hostunlink.c.obj (.text:HOSTunlink)
                  00005574    00000044                                   : autoinit.c.obj (.text:__TI_auto_init_nobinit_nopinit:__TI_auto_init_nobinit_nopinit)
                  000055b8    00000044                                   : getdevice.c.obj (.text:getdevice)
                  000055fc    00000044                                   : fd_tou_t2.asm.obj (.text)
                  00005640    00000040                                   : vsnprintf.c.obj (.text:vsnprintf)
                  00005680    0000003e                                   : _printfi.c.obj (.text:_fcpy)
                  000056be    00000002     --HOLE-- [fill = 0]
                  000056c0    00000038                                   : trgmsg.c.obj (.text:__TI_writemsg)
                  000056f8    00000038                                   : memory.c.obj (.text:calloc)
                  00005730    00000038                                   : fs_tod_t2.asm.obj (.text)
                  00005768    00000036                                   : strncpy.c.obj (.text:strncpy)
                  0000579e    00000002     --HOLE-- [fill = 0]
                  000057a0    00000034     driverlib.lib : interrupt.obj (.text:IntRegister)
                  000057d4    00000034     rtsv7M4_T_le_v4SPD16_eabi.lib : fopen.c.obj (.text:__TI_cleanup)
                  00005808    00000034                                   : trgmsg.c.obj (.text:__TI_readmsg)
                  0000583c    00000034                                   : boot_cortex_m.c.obj (.text:_c_int00_noargs:_c_int00_noargs)
                  00005870    00000030                                   : vsnprintf.c.obj (.text:_outs)
                  000058a0    00000030                                   : getdevice.c.obj (.text:finddevice)
                  000058d0    0000002e                                   : i_tofd_t2.asm.obj (.text)
                  000058fe    00000002     --HOLE-- [fill = 0]
                  00005900    0000002c                                   : unlink.c.obj (.text:unlink)
                  0000592c    00000028                                   : memory.c.obj (.text:free_list_insert)
                  00005954    00000028                                   : lseek.c.obj (.text:lseek)
                  0000597c    00000028                                   : write.c.obj (.text:write)
                  000059a4    00000020                                   : memchr.c.obj (.text:memchr)
                  000059c4    00000020                                   : u_tofd_t2.asm.obj (.text)
                  000059e4    0000001c                                   : memory.c.obj (.text:free_list_remove)
                  00005a00    0000001c                                   : memccpy.c.obj (.text:memccpy)
                  00005a1c    0000001a                                   : s_copysign.c.obj (.text:copysign)
                  00005a36    00000018                                   : vsnprintf.c.obj (.text:_outc)
                  00005a4e    00000018     open_interface.obj (.text:oi_parseInt)
                  00005a66    00000018     rtsv7M4_T_le_v4SPD16_eabi.lib : strcmp.c.obj (.text:strcmp)
                  00005a7e    00000016                                   : strchr.c.obj (.text:strchr)
                  00005a94    00000014                                   : strcpy.c.obj (.text:strcpy)
                  00005aa8    00000014                                   : strlen.c.obj (.text:strlen)
                  00005abc    00000012                                   : wcslen.c.obj (.text:wcslen)
                  00005ace    00000010     driverlib.lib : interrupt.obj (.text:IntMasterEnable)
                  00005ade    00000010     lcd.obj (.text:lcd_clear)
                  00005aee    0000000e     rtsv7M4_T_le_v4SPD16_eabi.lib : copy_decompress_none.c.obj (.text:decompress:none:__TI_decompress_none)
                  00005afc    0000000c     driverlib.lib : cpu.obj (.text:CPUcpsie)
                  00005b08    0000000c     rtsv7M4_T_le_v4SPD16_eabi.lib : copy_zero_init.c.obj (.text:decompress:ZI:__TI_zero_init)
                  00005b14    0000000c     tm4c123gh6pm_startup_ccs.obj (.text)
                  00005b20    00000008     rtsv7M4_T_le_v4SPD16_eabi.lib : errno.c.obj (.text:__aeabi_errno_addr)
                  00005b28    00000008                                   : memory.c.obj (.text:malloc)
                  00005b30    00000004                                   : printf.c.obj (.text:_outc)
                  00005b34    00000004                                   : printf.c.obj (.text:_outs)
                  00005b38    00000004                                   : pre_init.c.obj (.text:_system_pre_init)
                  00005b3c    00000004                                   : exit.c.obj (.text:abort:abort)

.const     0    00005b40    0000014b     
                  00005b40    00000101     rtsv7M4_T_le_v4SPD16_eabi.lib : ctype.c.obj (.const:.string:_ctypes_)
                  00005c41    00000004     lcd.obj (.const:.string:lineAddress$1)
                  00005c45    00000003     --HOLE-- [fill = 0]
                  00005c48    00000030     rtsv7M4_T_le_v4SPD16_eabi.lib : e_pow.c.obj (.const:$O1$$)
                  00005c78    0000000f     open_interface.obj (.const:.string:$P$T0$3)
                  00005c87    00000004     lcd.obj (.const:.string:lineAddresses$2)

.cinit     0    00005c90    000000b0     
                  00005c90    0000007a     (.cinit..data.load) [load image, compression = lzss]
                  00005d0a    00000002     --HOLE-- [fill = 0]
                  00005d0c    0000000c     (__TI_handler_table)
                  00005d18    00000008     (.cinit..bss.load) [load image, compression = zero_init]
                  00005d20    00000008     (.cinit..vtable.load) [load image, compression = zero_init]
                  00005d28    00000018     (__TI_cinit_table)

.init_array 
*          0    00000000    00000000     UNINITIALIZED

.vtable    0    20000000    0000026c     UNINITIALIZED
                  20000000    0000026c     driverlib.lib : interrupt.obj (.vtable)

.stack     0    20000270    00000800     UNINITIALIZED
                  20000270    00000004     rtsv7M4_T_le_v4SPD16_eabi.lib : boot_cortex_m.c.obj (.stack)
                  20000274    000007fc     --HOLE--

.sysmem    0    20000a70    00000400     UNINITIALIZED
                  20000a70    00000010     rtsv7M4_T_le_v4SPD16_eabi.lib : memory.c.obj (.sysmem)
                  20000a80    000003f0     --HOLE--

.bss       0    20000e70    00000243     UNINITIALIZED
                  20000e70    00000120     rtsv7M4_T_le_v4SPD16_eabi.lib : trgmsg.c.obj (.bss:_CIOBUF_)
                  20000f90    000000a0     (.common:__TI_tmpnams)
                  20001030    00000054     lcd.obj (.bss:lastbuffer$3)
                  20001084    00000018     open_interface.obj (.bss:firmware$2)
                  2000109c    00000008     (.common:parmbuf)
                  200010a4    00000004     (.common:_timeout_ticks)
                  200010a8    00000004     (.common:fallingTime)
                  200010ac    00000004     (.common:risingTime)
                  200010b0    00000001     (.common:data_received)
                  200010b1    00000001     (.common:done)
                  200010b2    00000001     (.common:high)

.data      0    200010b4    00000213     UNINITIALIZED
                  200010b4    000000f0     rtsv7M4_T_le_v4SPD16_eabi.lib : defs.c.obj (.data:_ftable)
                  200011a4    00000078                                   : host_device.c.obj (.data:_device)
                  2000121c    00000050                                   : host_device.c.obj (.data:_stream)
                  2000126c    00000020     open_interface.obj (.data)
                  2000128c    00000010     rtsv7M4_T_le_v4SPD16_eabi.lib : defs.c.obj (.data)
                  2000129c    0000000c                                   : exit.c.obj (.data:$O1$$)
                  200012a8    00000008                                   : _lock.c.obj (.data:$O1$$)
                  200012b0    00000008                                   : memory.c.obj (.data:$O1$$)
                  200012b8    00000008     servo.obj (.data)
                  200012c0    00000004     rtsv7M4_T_le_v4SPD16_eabi.lib : errno.c.obj (.data)
                  200012c4    00000001     Timer.obj (.data)
                  200012c5    00000001     button.obj (.data)
                  200012c6    00000001     uart.obj (.data)

__llvm_prf_cnts 
*          0    20000000    00000000     UNINITIALIZED

MODULE SUMMARY

       Module                         code    ro data   rw data
       ------                         ----    -------   -------
    .\
       open_interface.obj             3128    15        56     
       uart.obj                       972     0         2      
       lcd.obj                        824     8         84     
       sonar.obj                      640     0         0      
       tm4c123gh6pm_startup_ccs.obj   12      620       0      
       Timer.obj                      584     0         5      
       scan.obj                       392     0         0      
       main.obj                       252     0         10     
       adc.obj                        220     0         0      
       button.obj                     116     0         1      
    +--+------------------------------+-------+---------+---------+
       Total:                         7140    643       158    
                                                               
    .\files_for_alarm\
       servo.obj                      1504    0         8      
    +--+------------------------------+-------+---------+---------+
       Total:                         1504    0         8      
                                                               
    C:/ti/TivaWare_C_Series-2.1.4.178/driverlib/ccs/Debug/driverlib.lib
       interrupt.obj                  68      0         620    
       cpu.obj                        12      0         0      
    +--+------------------------------+-------+---------+---------+
       Total:                         80      0         620    
                                                               
    C:\ti\ccs1031\ccs\tools\compiler\ti-cgt-arm_20.2.4.LTS\lib\rtsv7M4_T_le_v4SPD16_eabi.lib
       _printfi.c.obj                 4851    0         0      
       e_pow.c.obj                    2496    48        0      
       memory.c.obj                   728     0         8      
       fd_add_t2.asm.obj              438     0         0      
       defs.c.obj                     0       0         416    
       trgmsg.c.obj                   108     0         288    
       e_sqrt.c.obj                   344     0         0      
       fd_div_t2.asm.obj              310     0         0      
       fputs.c.obj                    276     0         0      
       s_scalbn.c.obj                 272     0         0      
       fd_cmp_t2.asm.obj              268     0         0      
       ctype.c.obj                    0       257       0      
       fd_mul_t2.asm.obj              252     0         0      
       setvbuf.c.obj                  220     0         0      
       host_device.c.obj              0       0         200    
       memcpy_t2.asm.obj              156     0         0      
       ull_div_t2.asm.obj             150     0         0      
       fputc.c.obj                    140     0         0      
       vsnprintf.c.obj                136     0         0      
       memset_t2.asm.obj              122     0         0      
       fclose.c.obj                   116     0         0      
       getdevice.c.obj                116     0         0      
       printf.c.obj                   112     0         0      
       fd_tos_t2.asm.obj              110     0         0      
       hostrename.c.obj               108     0         0      
       copy_decompress_lzss.c.obj     104     0         0      
       hostlseek.c.obj                104     0         0      
       hostopen.c.obj                 96      0         8      
       fseek.c.obj                    100     0         0      
       s_frexp.c.obj                  100     0         0      
       _io_perm.c.obj                 98      0         0      
       close.c.obj                    92      0         0      
       exit.c.obj                     76      0         12     
       hostread.c.obj                 88      0         0      
       hostwrite.c.obj                88      0         0      
       _ltoa.c.obj                    84      0         0      
       atoi.c.obj                     76      0         0      
       fflush.c.obj                   76      0         0      
       fd_toi_t2.asm.obj              72      0         0      
       autoinit.c.obj                 68      0         0      
       fd_tou_t2.asm.obj              68      0         0      
       hostclose.c.obj                68      0         0      
       hostunlink.c.obj               68      0         0      
       fs_tod_t2.asm.obj              56      0         0      
       strncpy.c.obj                  54      0         0      
       boot_cortex_m.c.obj            52      0         0      
       fopen.c.obj                    52      0         0      
       i_tofd_t2.asm.obj              46      0         0      
       unlink.c.obj                   44      0         0      
       lseek.c.obj                    40      0         0      
       write.c.obj                    40      0         0      
       memchr.c.obj                   32      0         0      
       u_tofd_t2.asm.obj              32      0         0      
       memccpy.c.obj                  28      0         0      
       s_copysign.c.obj               26      0         0      
       strcmp.c.obj                   24      0         0      
       strchr.c.obj                   22      0         0      
       strcpy.c.obj                   20      0         0      
       strlen.c.obj                   20      0         0      
       wcslen.c.obj                   18      0         0      
       copy_decompress_none.c.obj     14      0         0      
       copy_zero_init.c.obj           12      0         0      
       errno.c.obj                    8       0         4      
       _lock.c.obj                    2       0         8      
       pre_init.c.obj                 4       0         0      
       div0.asm.obj                   2       0         0      
    +--+------------------------------+-------+---------+---------+
       Total:                         14003   305       944    
                                                               
       Heap:                          0       0         1024   
       Stack:                         0       0         2048   
       Linker Generated:              0       174       0      
    +--+------------------------------+-------+---------+---------+
       Grand Total:                   22727   1122      4802   


LINKER GENERATED COPY TABLES

__TI_cinit_table @ 00005d28 records: 3, size/record: 8, table size: 24
	.data: load addr=00005c90, load size=0000007a bytes, run addr=200010b4, run size=00000213 bytes, compression=lzss
	.bss: load addr=00005d18, load size=00000008 bytes, run addr=20000e70, run size=00000243 bytes, compression=zero_init
	.vtable: load addr=00005d20, load size=00000008 bytes, run addr=20000000, run size=0000026c bytes, compression=zero_init


LINKER GENERATED HANDLER TABLE

__TI_handler_table @ 00005d0c records: 3, size/record: 4, table size: 12
	index: 0, handler: __TI_zero_init
	index: 1, handler: __TI_decompress_lzss
	index: 2, handler: __TI_decompress_none


GLOBAL SYMBOLS: SORTED ALPHABETICALLY BY Name 

address   name                           
-------   ----                           
00005b3d  C$$EXIT                        
000056ef  C$$IO$$                        
00005afd  CPUcpsie                       
00000bc3  GPIOF_Handler                  
00003a77  GetActualDistance              
0000313f  GetSonarDistance               
000054ed  HOSTclose                      
00004ef9  HOSTlseek                      
0000515d  HOSTopen                       
00005219  HOSTread                       
00004e8d  HOSTrename                     
00005531  HOSTunlink                     
00005271  HOSTwrite                      
00003a61  IRDistanceScan                 
00003a4f  IRRawScan                      
00005acf  IntMasterEnable                
000057a1  IntRegister                    
00005b15  ResetISR                       
000030dd  SonarCalcDistance              
00002fdd  SonarConfig                    
00003a31  SonarScan                      
00002f71  SonarSendStart                 
0000308f  Timer3Handler                  
20000e70  __CIOBUF_                      
20000a70  __STACK_END                    
00000800  __STACK_SIZE                   
20000470  __STACK_TOP                    
00000400  __SYSMEM_SIZE                  
00005d28  __TI_CINIT_Base                
00005d40  __TI_CINIT_Limit               
00005d0c  __TI_Handler_Table_Base        
00005d18  __TI_Handler_Table_Limit       
00005575  __TI_auto_init_nobinit_nopinit 
000057d5  __TI_cleanup                   
2000129c  __TI_cleanup_ptr               
00004c59  __TI_closefile                 
00004f61  __TI_decompress_lzss           
00005aef  __TI_decompress_none           
000053c5  __TI_doflush                   
200012a0  __TI_dtors_ptr                 
200012a4  __TI_enable_exit_profile_output
2000128c  __TI_ft_end                    
0000531f  __TI_ltoa                      
ffffffff  __TI_pprof_out_hndl            
00000e8d  __TI_printfi                   
ffffffff  __TI_prof_data_size            
ffffffff  __TI_prof_data_start           
00005809  __TI_readmsg                   
00000000  __TI_static_base__             
20000f90  __TI_tmpnams                   
000056c1  __TI_writemsg                  
000050f9  __TI_wrt_ok                    
00005b09  __TI_zero_init                 
00004ad1  __aeabi_cdcmpeq                
00004ad1  __aeabi_cdcmple                
00004b57  __aeabi_cdrcmple               
00004e1f  __aeabi_d2f                    
000054a5  __aeabi_d2iz                   
000055fd  __aeabi_d2uiz                  
00003883  __aeabi_dadd                   
00003e4d  __aeabi_ddiv                   
000044c9  __aeabi_dmul                   
00003879  __aeabi_dsub                   
00005b21  __aeabi_errno_addr             
00005731  __aeabi_f2d                    
000058d1  __aeabi_i2d                    
00003a2f  __aeabi_idiv0                  
00003a2f  __aeabi_ldiv0                  
00004bdd  __aeabi_memclr                 
00004bdd  __aeabi_memclr4                
00004bdd  __aeabi_memclr8                
00004913  __aeabi_memcpy                 
00004913  __aeabi_memcpy4                
00004913  __aeabi_memcpy8                
00004bdf  __aeabi_memset                 
00004bdf  __aeabi_memset4                
00004bdf  __aeabi_memset8                
20001298  __aeabi_stderr                 
20001290  __aeabi_stdin                  
20001294  __aeabi_stdout                 
000059c5  __aeabi_ui2d                   
000049af  __aeabi_uldivmod               
ffffffff  __binit__                      
ffffffff  __c_args__                     
UNDEFED   __mpu_init                     
20000270  __stack                        
20000000  __start___llvm_prf_cnts        
20000000  __stop___llvm_prf_cnts         
0000583d  _c_int00_noargs                
00005b40  _ctypes_                       
200011a4  _device                        
200010b4  _ftable                        
200012a8  _lock                          
000018db  _nop                           
200012c4  _running                       
2000121c  _stream                        
20000a70  _sys_memory                    
UNDEFED   _system_post_cinit             
00005b39  _system_pre_init               
200010a4  _timeout_ticks                 
200012ac  _unlock                        
00005b3d  abort                          
000046a9  adc_init                       
00004725  adc_read                       
000042cd  aligned_alloc                  
00005411  atoi                           
0000229d  better_servo_init              
ffffffff  binit                          
00002997  botprintf                      
00004cf9  button_getButton               
00004ccd  button_init                    
000056f9  calloc                         
00002af5  char_input                     
000051bd  close                          
00005a1d  copysign                       
00005a1d  copysignl                      
200010b0  data_received                  
200012c6  data_received_flag             
00002349  deg_to_clk                     
200010b1  done                           
200012c0  errno                          
0000545d  exit                           
200010a8  fallingTime                    
000058a1  finddevice                     
00004a45  fputc                          
000040a9  fputs                          
000045c5  free                           
00005031  frexp                          
00005031  frexpl                         
00005095  fseek                          
20000000  g_pfnRAMVectors                
00000000  g_pfnVectors                   
0000270d  get_deg                        
000055b9  getdevice                      
0000097f  go_charge                      
200010b2  high                           
00002b41  is_input                       
00002501  lab10_part2                    
00005adf  lcd_clear                      
00002e1d  lcd_gotoLine                   
00002c85  lcd_init                       
00002e83  lcd_printf                     
00002d45  lcd_putc                       
00002d7d  lcd_puts                       
00002c49  lcd_reverseNibble              
00002d9b  lcd_sendCommand                
00002dd9  lcd_sendNibble                 
00002e45  lcd_setCursorPos               
000041bd  ldexp                          
000041bd  ldexpl                         
00005955  lseek                          
0000441d  main                           
00005b29  malloc                         
000042cd  memalign                       
00005a01  memccpy                        
000059a5  memchr                         
00004913  memcpy                         
00004be5  memset                         
2000126c  motor_cal_factor_L             
20001270  motor_cal_factor_R             
00002405  move_servo                     
0000026d  oi_alloc                       
00000aa9  oi_checkFirmware               
000002c7  oi_close                       
00000279  oi_free                        
00000ded  oi_getMotorCalibrationLeft     
00000e01  oi_getMotorCalibrationRight    
000002b1  oi_init                        
00000289  oi_init_noupdate               
00000915  oi_loadSong                    
00005a4f  oi_parseInt                    
0000032b  oi_parsePacket                 
0000096b  oi_play_song                   
0000084b  oi_setLeds                     
00000db1  oi_setMotorCalibration         
0000088f  oi_setWheels                   
00000b51  oi_shutoff_init                
0000098d  oi_uartInit                    
00000a31  oi_uartReceive                 
00000a77  oi_uartSendBuff                
00000a15  oi_uartSendChar                
00000a59  oi_uartSendStr                 
000002d9  oi_update                      
2000109c  parmbuf                        
000018dd  pow                            
000018dd  powl                           
00004405  printScn                       
00004fc9  printf                         
00004a45  putc                           
00005901  remove                         
200010ac  risingTime                     
000041bd  scalbn                         
000041bd  scalbnl                        
200012bc  servo_180                      
0000241f  servo_calibration              
200012b8  servo_zero                     
00004785  setvbuf                        
000043cd  simpleScam                     
00003bb9  sqrt                           
00003bb9  sqrtl                          
00005a7f  strchr                         
00005a67  strcmp                         
00005a95  strcpy                         
00005aa9  strlen                         
00005769  strncpy                        
0000357f  timer_getMicros                
00003527  timer_getMillis                
00003461  timer_init                     
00003503  timer_pause                    
00003515  timer_resume                   
000034d9  timer_stop                     
000035d9  timer_waitMicros               
0000360b  timer_waitMillis               
000023dd  turn_servo_deg                 
000029cd  uart_error                     
0000287d  uart_init                      
00002ab5  uart_interrupt_handler         
00002a95  uart_interrupt_init            
00002a2f  uart_receive                   
00002979  uart_sendChar                  
00002a7b  uart_sendStr                   
00005901  unlink                         
00005641  vsnprintf                      
00005abd  wcslen                         
0000597d  write                          


GLOBAL SYMBOLS: SORTED BY Symbol Address 

address   name                           
-------   ----                           
00000000  __TI_static_base__             
00000000  g_pfnVectors                   
0000026d  oi_alloc                       
00000279  oi_free                        
00000289  oi_init_noupdate               
000002b1  oi_init                        
000002c7  oi_close                       
000002d9  oi_update                      
0000032b  oi_parsePacket                 
00000400  __SYSMEM_SIZE                  
00000800  __STACK_SIZE                   
0000084b  oi_setLeds                     
0000088f  oi_setWheels                   
00000915  oi_loadSong                    
0000096b  oi_play_song                   
0000097f  go_charge                      
0000098d  oi_uartInit                    
00000a15  oi_uartSendChar                
00000a31  oi_uartReceive                 
00000a59  oi_uartSendStr                 
00000a77  oi_uartSendBuff                
00000aa9  oi_checkFirmware               
00000b51  oi_shutoff_init                
00000bc3  GPIOF_Handler                  
00000db1  oi_setMotorCalibration         
00000ded  oi_getMotorCalibrationLeft     
00000e01  oi_getMotorCalibrationRight    
00000e8d  __TI_printfi                   
000018db  _nop                           
000018dd  pow                            
000018dd  powl                           
0000229d  better_servo_init              
00002349  deg_to_clk                     
000023dd  turn_servo_deg                 
00002405  move_servo                     
0000241f  servo_calibration              
00002501  lab10_part2                    
0000270d  get_deg                        
0000287d  uart_init                      
00002979  uart_sendChar                  
00002997  botprintf                      
000029cd  uart_error                     
00002a2f  uart_receive                   
00002a7b  uart_sendStr                   
00002a95  uart_interrupt_init            
00002ab5  uart_interrupt_handler         
00002af5  char_input                     
00002b41  is_input                       
00002c49  lcd_reverseNibble              
00002c85  lcd_init                       
00002d45  lcd_putc                       
00002d7d  lcd_puts                       
00002d9b  lcd_sendCommand                
00002dd9  lcd_sendNibble                 
00002e1d  lcd_gotoLine                   
00002e45  lcd_setCursorPos               
00002e83  lcd_printf                     
00002f71  SonarSendStart                 
00002fdd  SonarConfig                    
0000308f  Timer3Handler                  
000030dd  SonarCalcDistance              
0000313f  GetSonarDistance               
00003461  timer_init                     
000034d9  timer_stop                     
00003503  timer_pause                    
00003515  timer_resume                   
00003527  timer_getMillis                
0000357f  timer_getMicros                
000035d9  timer_waitMicros               
0000360b  timer_waitMillis               
00003879  __aeabi_dsub                   
00003883  __aeabi_dadd                   
00003a2f  __aeabi_idiv0                  
00003a2f  __aeabi_ldiv0                  
00003a31  SonarScan                      
00003a4f  IRRawScan                      
00003a61  IRDistanceScan                 
00003a77  GetActualDistance              
00003bb9  sqrt                           
00003bb9  sqrtl                          
00003e4d  __aeabi_ddiv                   
000040a9  fputs                          
000041bd  ldexp                          
000041bd  ldexpl                         
000041bd  scalbn                         
000041bd  scalbnl                        
000042cd  aligned_alloc                  
000042cd  memalign                       
000043cd  simpleScam                     
00004405  printScn                       
0000441d  main                           
000044c9  __aeabi_dmul                   
000045c5  free                           
000046a9  adc_init                       
00004725  adc_read                       
00004785  setvbuf                        
00004913  __aeabi_memcpy                 
00004913  __aeabi_memcpy4                
00004913  __aeabi_memcpy8                
00004913  memcpy                         
000049af  __aeabi_uldivmod               
00004a45  fputc                          
00004a45  putc                           
00004ad1  __aeabi_cdcmpeq                
00004ad1  __aeabi_cdcmple                
00004b57  __aeabi_cdrcmple               
00004bdd  __aeabi_memclr                 
00004bdd  __aeabi_memclr4                
00004bdd  __aeabi_memclr8                
00004bdf  __aeabi_memset                 
00004bdf  __aeabi_memset4                
00004bdf  __aeabi_memset8                
00004be5  memset                         
00004c59  __TI_closefile                 
00004ccd  button_init                    
00004cf9  button_getButton               
00004e1f  __aeabi_d2f                    
00004e8d  HOSTrename                     
00004ef9  HOSTlseek                      
00004f61  __TI_decompress_lzss           
00004fc9  printf                         
00005031  frexp                          
00005031  frexpl                         
00005095  fseek                          
000050f9  __TI_wrt_ok                    
0000515d  HOSTopen                       
000051bd  close                          
00005219  HOSTread                       
00005271  HOSTwrite                      
0000531f  __TI_ltoa                      
000053c5  __TI_doflush                   
00005411  atoi                           
0000545d  exit                           
000054a5  __aeabi_d2iz                   
000054ed  HOSTclose                      
00005531  HOSTunlink                     
00005575  __TI_auto_init_nobinit_nopinit 
000055b9  getdevice                      
000055fd  __aeabi_d2uiz                  
00005641  vsnprintf                      
000056c1  __TI_writemsg                  
000056ef  C$$IO$$                        
000056f9  calloc                         
00005731  __aeabi_f2d                    
00005769  strncpy                        
000057a1  IntRegister                    
000057d5  __TI_cleanup                   
00005809  __TI_readmsg                   
0000583d  _c_int00_noargs                
000058a1  finddevice                     
000058d1  __aeabi_i2d                    
00005901  remove                         
00005901  unlink                         
00005955  lseek                          
0000597d  write                          
000059a5  memchr                         
000059c5  __aeabi_ui2d                   
00005a01  memccpy                        
00005a1d  copysign                       
00005a1d  copysignl                      
00005a4f  oi_parseInt                    
00005a67  strcmp                         
00005a7f  strchr                         
00005a95  strcpy                         
00005aa9  strlen                         
00005abd  wcslen                         
00005acf  IntMasterEnable                
00005adf  lcd_clear                      
00005aef  __TI_decompress_none           
00005afd  CPUcpsie                       
00005b09  __TI_zero_init                 
00005b15  ResetISR                       
00005b21  __aeabi_errno_addr             
00005b29  malloc                         
00005b39  _system_pre_init               
00005b3d  C$$EXIT                        
00005b3d  abort                          
00005b40  _ctypes_                       
00005d0c  __TI_Handler_Table_Base        
00005d18  __TI_Handler_Table_Limit       
00005d28  __TI_CINIT_Base                
00005d40  __TI_CINIT_Limit               
20000000  __start___llvm_prf_cnts        
20000000  __stop___llvm_prf_cnts         
20000000  g_pfnRAMVectors                
20000270  __stack                        
20000470  __STACK_TOP                    
20000a70  __STACK_END                    
20000a70  _sys_memory                    
20000e70  __CIOBUF_                      
20000f90  __TI_tmpnams                   
2000109c  parmbuf                        
200010a4  _timeout_ticks                 
200010a8  fallingTime                    
200010ac  risingTime                     
200010b0  data_received                  
200010b1  done                           
200010b2  high                           
200010b4  _ftable                        
200011a4  _device                        
2000121c  _stream                        
2000126c  motor_cal_factor_L             
20001270  motor_cal_factor_R             
2000128c  __TI_ft_end                    
20001290  __aeabi_stdin                  
20001294  __aeabi_stdout                 
20001298  __aeabi_stderr                 
2000129c  __TI_cleanup_ptr               
200012a0  __TI_dtors_ptr                 
200012a4  __TI_enable_exit_profile_output
200012a8  _lock                          
200012ac  _unlock                        
200012b8  servo_zero                     
200012bc  servo_180                      
200012c0  errno                          
200012c4  _running                       
200012c6  data_received_flag             
ffffffff  __TI_pprof_out_hndl            
ffffffff  __TI_prof_data_size            
ffffffff  __TI_prof_data_start           
ffffffff  __binit__                      
ffffffff  __c_args__                     
ffffffff  binit                          
UNDEFED   __mpu_init                     
UNDEFED   _system_post_cinit             

[225 symbols]
