******************************************************************************
                  TI ARM Linker PC v20.2.4                     
******************************************************************************
>> Linked Tue Nov 16 13:19:08 2021

OUTPUT FILE NAME:   <Lab_4.out>
ENTRY POINT SYMBOL: "_c_int00_noargs"  address: 000043a5


MEMORY CONFIGURATION

         name            origin    length      used     unused   attr    fill
----------------------  --------  ---------  --------  --------  ----  --------
  FLASH                 00000000   00040000  00004870  0003b790  R  X
  SRAM                  20000000   00008000  000012bc  00006d44  RW X


SEGMENT ALLOCATION MAP

run origin  load origin   length   init length attrs members
----------  ----------- ---------- ----------- ----- -------
00000000    00000000    00004870   00004870    r-x
  00000000    00000000    0000026c   0000026c    r-- .intvecs
  0000026c    0000026c    00004444   00004444    r-x .text
  000046b0    000046b0    00000118   00000118    r-- .const
  000047c8    000047c8    000000a8   000000a8    r-- .cinit
20000000    20000000    000012c3   00000000    rw-
  20000000    20000000    0000026c   00000000    rw- .vtable
  20000270    20000270    00000800   00000000    rw- .stack
  20000a70    20000a70    00000400   00000000    rw- .sysmem
  20000e70    20000e70    00000245   00000000    rw- .bss
  200010b8    200010b8    0000020b   00000000    rw- .data


SECTION ALLOCATION MAP

 output                                  attributes/
section   page    origin      length       input sections
--------  ----  ----------  ----------   ----------------
.intvecs   0    00000000    0000026c     
                  00000000    0000026c     tm4c123gh6pm_startup_ccs.obj (.intvecs)

.text      0    0000026c    00004444     
                  0000026c    00000c20     open_interface.obj (.text)
                  00000e8c    00000a4e     rtsv7M4_T_le_v4SPD16_eabi.lib : _printfi.c.obj (.text:__TI_printfi)
                  000018da    00000002                                   : _lock.c.obj (.text:_nop)
                  000018dc    000003a0     uart.obj (.text)
                  00001c7c    00000328     lcd.obj (.text)
                  00001fa4    00000270     rtsv7M4_T_le_v4SPD16_eabi.lib : _printfi.c.obj (.text:_pconv_a)
                  00002214    00000248     Timer.obj (.text)
                  0000245c    000001d0     rtsv7M4_T_le_v4SPD16_eabi.lib : _printfi.c.obj (.text:_pconv_g)
                  0000262c    000001b6                                   : fd_add_t2.asm.obj (.text)
                  000027e2    00000002                                   : div0.asm.obj (.text)
                  000027e4    00000190     servo.obj (.text)
                  00002974    0000013c     rtsv7M4_T_le_v4SPD16_eabi.lib : _printfi.c.obj (.text:_pconv_e)
                  00002ab0    00000136                                   : fd_div_t2.asm.obj (.text)
                  00002be6    00000002     --HOLE-- [fill = 0]
                  00002be8    00000124                                   : _printfi.c.obj (.text:fcvt)
                  00002d0c    00000114                                   : fputs.c.obj (.text:fputs)
                  00002e20    00000110                                   : s_scalbn.c.obj (.text:scalbn)
                  00002f30    00000100                                   : memory.c.obj (.text:aligned_alloc)
                  00003030    000000fc                                   : fd_mul_t2.asm.obj (.text)
                  0000312c    000000e4                                   : memory.c.obj (.text:free)
                  00003210    000000dc     adc.obj (.text)
                  000032ec    000000dc     rtsv7M4_T_le_v4SPD16_eabi.lib : setvbuf.c.obj (.text:setvbuf)
                  000033c8    000000b1                                   : _printfi.c.obj (.text:_ltostr)
                  00003479    00000001     --HOLE-- [fill = 0]
                  0000347a    0000009c                                   : memcpy_t2.asm.obj (.text)
                  00003516    00000096                                   : ull_div_t2.asm.obj (.text)
                  000035ac    0000008c                                   : fputc.c.obj (.text:fputc)
                  00003638    00000086                                   : fd_cmp_t2.asm.obj (.text:__aeabi_cdcmple)
                  000036be    00000086                                   : fd_cmp_t2.asm.obj (.text:__aeabi_cdrcmple)
                  00003744    0000007a                                   : memset_t2.asm.obj (.text)
                  000037be    00000002     --HOLE-- [fill = 0]
                  000037c0    00000074                                   : fclose.c.obj (.text:__TI_closefile)
                  00003834    00000074     button.obj (.text)
                  000038a8    00000070     rtsv7M4_T_le_v4SPD16_eabi.lib : memory.c.obj (.text:split)
                  00003918    0000006e                                   : _printfi.c.obj (.text:_mcpy)
                  00003986    0000006e                                   : fd_tos_t2.asm.obj (.text)
                  000039f4    0000006c                                   : hostrename.c.obj (.text:HOSTrename)
                  00003a60    00000068                                   : hostlseek.c.obj (.text:HOSTlseek)
                  00003ac8    00000068                                   : copy_decompress_lzss.c.obj (.text:decompress:lzss:__TI_decompress_lzss)
                  00003b30    00000068                                   : printf.c.obj (.text:printf)
                  00003b98    00000064                                   : s_frexp.c.obj (.text:frexp)
                  00003bfc    00000064                                   : fseek.c.obj (.text:fseek)
                  00003c60    00000062                                   : _io_perm.c.obj (.text:__TI_wrt_ok)
                  00003cc2    00000002     --HOLE-- [fill = 0]
                  00003cc4    00000060                                   : hostopen.c.obj (.text:HOSTopen)
                  00003d24    0000005c                                   : close.c.obj (.text:close)
                  00003d80    00000058                                   : hostread.c.obj (.text:HOSTread)
                  00003dd8    00000058                                   : hostwrite.c.obj (.text:HOSTwrite)
                  00003e30    00000056                                   : _printfi.c.obj (.text:_pconv_f)
                  00003e86    00000054                                   : _ltoa.c.obj (.text:__TI_ltoa)
                  00003eda    00000052                                   : _printfi.c.obj (.text:_ecpy)
                  00003f2c    0000004c                                   : fflush.c.obj (.text:__TI_doflush)
                  00003f78    0000004c                                   : atoi.c.obj (.text:atoi)
                  00003fc4    00000048                                   : exit.c.obj (.text:exit)
                  0000400c    00000048                                   : fd_toi_t2.asm.obj (.text)
                  00004054    00000044                                   : hostclose.c.obj (.text:HOSTclose)
                  00004098    00000044                                   : hostunlink.c.obj (.text:HOSTunlink)
                  000040dc    00000044                                   : autoinit.c.obj (.text:__TI_auto_init_nobinit_nopinit:__TI_auto_init_nobinit_nopinit)
                  00004120    00000044                                   : getdevice.c.obj (.text:getdevice)
                  00004164    00000044                                   : fd_tou_t2.asm.obj (.text)
                  000041a8    00000040                                   : vsnprintf.c.obj (.text:vsnprintf)
                  000041e8    0000003e                                   : _printfi.c.obj (.text:_fcpy)
                  00004226    00000002     --HOLE-- [fill = 0]
                  00004228    00000038                                   : trgmsg.c.obj (.text:__TI_writemsg)
                  00004260    00000038                                   : memory.c.obj (.text:calloc)
                  00004298    00000038                                   : fs_tod_t2.asm.obj (.text)
                  000042d0    00000036                                   : strncpy.c.obj (.text:strncpy)
                  00004306    00000002     --HOLE-- [fill = 0]
                  00004308    00000034     driverlib.lib : interrupt.obj (.text:IntRegister)
                  0000433c    00000034     rtsv7M4_T_le_v4SPD16_eabi.lib : fopen.c.obj (.text:__TI_cleanup)
                  00004370    00000034                                   : trgmsg.c.obj (.text:__TI_readmsg)
                  000043a4    00000034                                   : boot_cortex_m.c.obj (.text:_c_int00_noargs:_c_int00_noargs)
                  000043d8    00000030                                   : vsnprintf.c.obj (.text:_outs)
                  00004408    00000030                                   : getdevice.c.obj (.text:finddevice)
                  00004438    0000002e                                   : i_tofd_t2.asm.obj (.text)
                  00004466    00000002     --HOLE-- [fill = 0]
                  00004468    0000002c                                   : unlink.c.obj (.text:unlink)
                  00004494    00000028                                   : memory.c.obj (.text:free_list_insert)
                  000044bc    00000028                                   : lseek.c.obj (.text:lseek)
                  000044e4    00000028     main.obj (.text)
                  0000450c    00000028     rtsv7M4_T_le_v4SPD16_eabi.lib : write.c.obj (.text:write)
                  00004534    00000020                                   : memchr.c.obj (.text:memchr)
                  00004554    0000001c                                   : memory.c.obj (.text:free_list_remove)
                  00004570    0000001c                                   : memccpy.c.obj (.text:memccpy)
                  0000458c    0000001a                                   : s_copysign.c.obj (.text:copysign)
                  000045a6    00000018                                   : vsnprintf.c.obj (.text:_outc)
                  000045be    00000018     open_interface.obj (.text:oi_parseInt)
                  000045d6    00000018     rtsv7M4_T_le_v4SPD16_eabi.lib : strcmp.c.obj (.text:strcmp)
                  000045ee    00000016                                   : strchr.c.obj (.text:strchr)
                  00004604    00000014                                   : strcpy.c.obj (.text:strcpy)
                  00004618    00000014                                   : strlen.c.obj (.text:strlen)
                  0000462c    00000012                                   : wcslen.c.obj (.text:wcslen)
                  0000463e    00000010     driverlib.lib : interrupt.obj (.text:IntMasterEnable)
                  0000464e    00000010     lcd.obj (.text:lcd_clear)
                  0000465e    0000000e     rtsv7M4_T_le_v4SPD16_eabi.lib : copy_decompress_none.c.obj (.text:decompress:none:__TI_decompress_none)
                  0000466c    0000000c     driverlib.lib : cpu.obj (.text:CPUcpsie)
                  00004678    0000000c     rtsv7M4_T_le_v4SPD16_eabi.lib : copy_zero_init.c.obj (.text:decompress:ZI:__TI_zero_init)
                  00004684    0000000c     tm4c123gh6pm_startup_ccs.obj (.text)
                  00004690    00000008     rtsv7M4_T_le_v4SPD16_eabi.lib : errno.c.obj (.text:__aeabi_errno_addr)
                  00004698    00000008                                   : memory.c.obj (.text:malloc)
                  000046a0    00000004                                   : printf.c.obj (.text:_outc)
                  000046a4    00000004                                   : printf.c.obj (.text:_outs)
                  000046a8    00000004                                   : pre_init.c.obj (.text:_system_pre_init)
                  000046ac    00000004                                   : exit.c.obj (.text:abort:abort)

.const     0    000046b0    00000118     
                  000046b0    00000101     rtsv7M4_T_le_v4SPD16_eabi.lib : ctype.c.obj (.const:.string:_ctypes_)
                  000047b1    0000000f     open_interface.obj (.const:.string:$P$T0$3)
                  000047c0    00000004     lcd.obj (.const:.string:lineAddress$1)
                  000047c4    00000004     lcd.obj (.const:.string:lineAddresses$2)

.cinit     0    000047c8    000000a8     
                  000047c8    00000071     (.cinit..data.load) [load image, compression = lzss]
                  00004839    00000003     --HOLE-- [fill = 0]
                  0000483c    0000000c     (__TI_handler_table)
                  00004848    00000008     (.cinit..bss.load) [load image, compression = zero_init]
                  00004850    00000008     (.cinit..vtable.load) [load image, compression = zero_init]
                  00004858    00000018     (__TI_cinit_table)

.init_array 
*          0    00000000    00000000     UNINITIALIZED

.vtable    0    20000000    0000026c     UNINITIALIZED
                  20000000    0000026c     driverlib.lib : interrupt.obj (.vtable)

.stack     0    20000270    00000800     UNINITIALIZED
                  20000270    00000004     rtsv7M4_T_le_v4SPD16_eabi.lib : boot_cortex_m.c.obj (.stack)
                  20000274    000007fc     --HOLE--

.sysmem    0    20000a70    00000400     UNINITIALIZED
                  20000a70    00000010     rtsv7M4_T_le_v4SPD16_eabi.lib : memory.c.obj (.sysmem)
                  20000a80    000003f0     --HOLE--

.bss       0    20000e70    00000245     UNINITIALIZED
                  20000e70    00000120     rtsv7M4_T_le_v4SPD16_eabi.lib : trgmsg.c.obj (.bss:_CIOBUF_)
                  20000f90    000000a0     (.common:__TI_tmpnams)
                  20001030    00000054     lcd.obj (.bss:lastbuffer$3)
                  20001084    00000018     open_interface.obj (.bss:firmware$2)
                  2000109c    00000008     (.common:parmbuf)
                  200010a4    00000004     (.common:_timeout_ticks)
                  200010a8    00000004     (.common:leftValue)
                  200010ac    00000004     (.common:pulsePeriod)
                  200010b0    00000004     (.common:rightValue)
                  200010b4    00000001     (.common:data_received)

.data      0    200010b8    0000020b     UNINITIALIZED
                  200010b8    000000f0     rtsv7M4_T_le_v4SPD16_eabi.lib : defs.c.obj (.data:_ftable)
                  200011a8    00000078                                   : host_device.c.obj (.data:_device)
                  20001220    00000050                                   : host_device.c.obj (.data:_stream)
                  20001270    00000020     open_interface.obj (.data)
                  20001290    00000010     rtsv7M4_T_le_v4SPD16_eabi.lib : defs.c.obj (.data)
                  200012a0    0000000c                                   : exit.c.obj (.data:$O1$$)
                  200012ac    00000008                                   : _lock.c.obj (.data:$O1$$)
                  200012b4    00000008                                   : memory.c.obj (.data:$O1$$)
                  200012bc    00000004                                   : errno.c.obj (.data)
                  200012c0    00000001     Timer.obj (.data)
                  200012c1    00000001     button.obj (.data)
                  200012c2    00000001     uart.obj (.data)

__llvm_prf_cnts 
*          0    20000000    00000000     UNINITIALIZED

MODULE SUMMARY

       Module                         code    ro data   rw data
       ------                         ----    -------   -------
    .\
       open_interface.obj             3128    15        56     
       lcd.obj                        824     8         84     
       tm4c123gh6pm_startup_ccs.obj   12      620       0      
       Timer.obj                      584     0         5      
       servo.obj                      400     0         0      
       adc.obj                        220     0         0      
       button.obj                     116     0         1      
       main.obj                       40      0         12     
    +--+------------------------------+-------+---------+---------+
       Total:                         5324    643       158    
                                                               
    .\files_for_alarm\
       uart.obj                       928     0         2      
    +--+------------------------------+-------+---------+---------+
       Total:                         928     0         2      
                                                               
    C:/ti/TivaWare_C_Series-2.1.4.178/driverlib/ccs/Debug/driverlib.lib
       interrupt.obj                  68      0         620    
       cpu.obj                        12      0         0      
    +--+------------------------------+-------+---------+---------+
       Total:                         80      0         620    
                                                               
    C:\ti\ccs1031\ccs\tools\compiler\ti-cgt-arm_20.2.4.LTS\lib\rtsv7M4_T_le_v4SPD16_eabi.lib
       _printfi.c.obj                 4851    0         0      
       memory.c.obj                   728     0         8      
       fd_add_t2.asm.obj              438     0         0      
       defs.c.obj                     0       0         416    
       trgmsg.c.obj                   108     0         288    
       fd_div_t2.asm.obj              310     0         0      
       fputs.c.obj                    276     0         0      
       s_scalbn.c.obj                 272     0         0      
       fd_cmp_t2.asm.obj              268     0         0      
       ctype.c.obj                    0       257       0      
       fd_mul_t2.asm.obj              252     0         0      
       setvbuf.c.obj                  220     0         0      
       host_device.c.obj              0       0         200    
       memcpy_t2.asm.obj              156     0         0      
       ull_div_t2.asm.obj             150     0         0      
       fputc.c.obj                    140     0         0      
       vsnprintf.c.obj                136     0         0      
       memset_t2.asm.obj              122     0         0      
       fclose.c.obj                   116     0         0      
       getdevice.c.obj                116     0         0      
       printf.c.obj                   112     0         0      
       fd_tos_t2.asm.obj              110     0         0      
       hostrename.c.obj               108     0         0      
       copy_decompress_lzss.c.obj     104     0         0      
       hostlseek.c.obj                104     0         0      
       hostopen.c.obj                 96      0         8      
       fseek.c.obj                    100     0         0      
       s_frexp.c.obj                  100     0         0      
       _io_perm.c.obj                 98      0         0      
       close.c.obj                    92      0         0      
       exit.c.obj                     76      0         12     
       hostread.c.obj                 88      0         0      
       hostwrite.c.obj                88      0         0      
       _ltoa.c.obj                    84      0         0      
       atoi.c.obj                     76      0         0      
       fflush.c.obj                   76      0         0      
       fd_toi_t2.asm.obj              72      0         0      
       autoinit.c.obj                 68      0         0      
       fd_tou_t2.asm.obj              68      0         0      
       hostclose.c.obj                68      0         0      
       hostunlink.c.obj               68      0         0      
       fs_tod_t2.asm.obj              56      0         0      
       strncpy.c.obj                  54      0         0      
       boot_cortex_m.c.obj            52      0         0      
       fopen.c.obj                    52      0         0      
       i_tofd_t2.asm.obj              46      0         0      
       unlink.c.obj                   44      0         0      
       lseek.c.obj                    40      0         0      
       write.c.obj                    40      0         0      
       memchr.c.obj                   32      0         0      
       memccpy.c.obj                  28      0         0      
       s_copysign.c.obj               26      0         0      
       strcmp.c.obj                   24      0         0      
       strchr.c.obj                   22      0         0      
       strcpy.c.obj                   20      0         0      
       strlen.c.obj                   20      0         0      
       wcslen.c.obj                   18      0         0      
       copy_decompress_none.c.obj     14      0         0      
       copy_zero_init.c.obj           12      0         0      
       errno.c.obj                    8       0         4      
       _lock.c.obj                    2       0         8      
       pre_init.c.obj                 4       0         0      
       div0.asm.obj                   2       0         0      
    +--+------------------------------+-------+---------+---------+
       Total:                         11131   257       944    
                                                               
       Heap:                          0       0         1024   
       Stack:                         0       0         2048   
       Linker Generated:              0       165       0      
    +--+------------------------------+-------+---------+---------+
       Grand Total:                   17463   1065      4796   


LINKER GENERATED COPY TABLES

__TI_cinit_table @ 00004858 records: 3, size/record: 8, table size: 24
	.data: load addr=000047c8, load size=00000071 bytes, run addr=200010b8, run size=0000020b bytes, compression=lzss
	.bss: load addr=00004848, load size=00000008 bytes, run addr=20000e70, run size=00000245 bytes, compression=zero_init
	.vtable: load addr=00004850, load size=00000008 bytes, run addr=20000000, run size=0000026c bytes, compression=zero_init


LINKER GENERATED HANDLER TABLE

__TI_handler_table @ 0000483c records: 3, size/record: 4, table size: 12
	index: 0, handler: __TI_zero_init
	index: 1, handler: __TI_decompress_lzss
	index: 2, handler: __TI_decompress_none


GLOBAL SYMBOLS: SORTED ALPHABETICALLY BY Name 

address   name                           
-------   ----                           
000046ad  C$$EXIT                        
00004257  C$$IO$$                        
0000466d  CPUcpsie                       
00000bc3  GPIOF_Handler                  
00004055  HOSTclose                      
00003a61  HOSTlseek                      
00003cc5  HOSTopen                       
00003d81  HOSTread                       
000039f5  HOSTrename                     
00004099  HOSTunlink                     
00003dd9  HOSTwrite                      
0000463f  IntMasterEnable                
00004309  IntRegister                    
00004685  ResetISR                       
00002913  ResetServo                     
000028c1  RotateServo                    
00002871  ServoConfigure                 
000027e5  ServoInit                      
20000e70  __CIOBUF_                      
20000a70  __STACK_END                    
00000800  __STACK_SIZE                   
20000470  __STACK_TOP                    
00000400  __SYSMEM_SIZE                  
00004858  __TI_CINIT_Base                
00004870  __TI_CINIT_Limit               
0000483c  __TI_Handler_Table_Base        
00004848  __TI_Handler_Table_Limit       
000040dd  __TI_auto_init_nobinit_nopinit 
0000433d  __TI_cleanup                   
200012a0  __TI_cleanup_ptr               
000037c1  __TI_closefile                 
00003ac9  __TI_decompress_lzss           
0000465f  __TI_decompress_none           
00003f2d  __TI_doflush                   
200012a4  __TI_dtors_ptr                 
200012a8  __TI_enable_exit_profile_output
20001290  __TI_ft_end                    
00003e87  __TI_ltoa                      
ffffffff  __TI_pprof_out_hndl            
00000e8d  __TI_printfi                   
ffffffff  __TI_prof_data_size            
ffffffff  __TI_prof_data_start           
00004371  __TI_readmsg                   
00000000  __TI_static_base__             
20000f90  __TI_tmpnams                   
00004229  __TI_writemsg                  
00003c61  __TI_wrt_ok                    
00004679  __TI_zero_init                 
00003639  __aeabi_cdcmpeq                
00003639  __aeabi_cdcmple                
000036bf  __aeabi_cdrcmple               
00003987  __aeabi_d2f                    
0000400d  __aeabi_d2iz                   
00004165  __aeabi_d2uiz                  
00002637  __aeabi_dadd                   
00002ab1  __aeabi_ddiv                   
00003031  __aeabi_dmul                   
0000262d  __aeabi_dsub                   
00004691  __aeabi_errno_addr             
00004299  __aeabi_f2d                    
00004439  __aeabi_i2d                    
000027e3  __aeabi_idiv0                  
000027e3  __aeabi_ldiv0                  
00003745  __aeabi_memclr                 
00003745  __aeabi_memclr4                
00003745  __aeabi_memclr8                
0000347b  __aeabi_memcpy                 
0000347b  __aeabi_memcpy4                
0000347b  __aeabi_memcpy8                
00003747  __aeabi_memset                 
00003747  __aeabi_memset4                
00003747  __aeabi_memset8                
2000129c  __aeabi_stderr                 
20001294  __aeabi_stdin                  
20001298  __aeabi_stdout                 
00003517  __aeabi_uldivmod               
ffffffff  __binit__                      
ffffffff  __c_args__                     
UNDEFED   __mpu_init                     
20000270  __stack                        
20000000  __start___llvm_prf_cnts        
20000000  __stop___llvm_prf_cnts         
000043a5  _c_int00_noargs                
000046b0  _ctypes_                       
200011a8  _device                        
200010b8  _ftable                        
200012ac  _lock                          
000018db  _nop                           
200012c0  _running                       
20001220  _stream                        
20000a70  _sys_memory                    
UNDEFED   _system_post_cinit             
000046a9  _system_pre_init               
200010a4  _timeout_ticks                 
200012b0  _unlock                        
000046ad  abort                          
00003211  adc_init                       
0000328d  adc_read                       
00002f31  aligned_alloc                  
00003f79  atoi                           
ffffffff  binit                          
000019ff  botprintf                      
00003861  button_getButton               
00003835  button_init                    
00004261  calloc                         
00001b4b  char_input                     
00003d25  close                          
0000458d  copysign                       
0000458d  copysignl                      
200010b4  data_received                  
200012c2  data_received_flag             
200012bc  errno                          
00003fc5  exit                           
00004409  finddevice                     
000035ad  fputc                          
00002d0d  fputs                          
0000312d  free                           
00003b99  frexp                          
00003b99  frexpl                         
00003bfd  fseek                          
20000000  g_pfnRAMVectors                
00000000  g_pfnVectors                   
00004121  getdevice                      
0000097f  go_charge                      
0000464f  lcd_clear                      
00001e51  lcd_gotoLine                   
00001cb9  lcd_init                       
00001eb7  lcd_printf                     
00001d79  lcd_putc                       
00001db1  lcd_puts                       
00001c7d  lcd_reverseNibble              
00001dcf  lcd_sendCommand                
00001e0d  lcd_sendNibble                 
00001e79  lcd_setCursorPos               
00002e21  ldexp                          
00002e21  ldexpl                         
200010a8  leftValue                      
000044bd  lseek                          
000044e5  main                           
00004699  malloc                         
00002f31  memalign                       
00004571  memccpy                        
00004535  memchr                         
0000347b  memcpy                         
0000374d  memset                         
20001270  motor_cal_factor_L             
20001274  motor_cal_factor_R             
0000026d  oi_alloc                       
00000aa9  oi_checkFirmware               
000002c7  oi_close                       
00000279  oi_free                        
00000ded  oi_getMotorCalibrationLeft     
00000e01  oi_getMotorCalibrationRight    
000002b1  oi_init                        
00000289  oi_init_noupdate               
00000915  oi_loadSong                    
000045bf  oi_parseInt                    
0000032b  oi_parsePacket                 
0000096b  oi_play_song                   
0000084b  oi_setLeds                     
00000db1  oi_setMotorCalibration         
0000088f  oi_setWheels                   
00000b51  oi_shutoff_init                
0000098d  oi_uartInit                    
00000a31  oi_uartReceive                 
00000a77  oi_uartSendBuff                
00000a15  oi_uartSendChar                
00000a59  oi_uartSendStr                 
000002d9  oi_update                      
2000109c  parmbuf                        
00003b31  printf                         
200010ac  pulsePeriod                    
000035ad  putc                           
00004469  remove                         
200010b0  rightValue                     
00002e21  scalbn                         
00002e21  scalbnl                        
000032ed  setvbuf                        
000045ef  strchr                         
000045d7  strcmp                         
00004605  strcpy                         
00004619  strlen                         
000042d1  strncpy                        
00002333  timer_getMicros                
000022db  timer_getMillis                
00002215  timer_init                     
000022b7  timer_pause                    
000022c9  timer_resume                   
0000228d  timer_stop                     
0000238d  timer_waitMicros               
000023bf  timer_waitMillis               
00001a35  uart_error                     
000018dd  uart_init                      
00001b1d  uart_interrupt_handler         
00001afd  uart_interrupt_init            
00001a97  uart_receive                   
000019e1  uart_sendChar                  
00001ae3  uart_sendStr                   
00004469  unlink                         
000041a9  vsnprintf                      
0000462d  wcslen                         
0000450d  write                          


GLOBAL SYMBOLS: SORTED BY Symbol Address 

address   name                           
-------   ----                           
00000000  __TI_static_base__             
00000000  g_pfnVectors                   
0000026d  oi_alloc                       
00000279  oi_free                        
00000289  oi_init_noupdate               
000002b1  oi_init                        
000002c7  oi_close                       
000002d9  oi_update                      
0000032b  oi_parsePacket                 
00000400  __SYSMEM_SIZE                  
00000800  __STACK_SIZE                   
0000084b  oi_setLeds                     
0000088f  oi_setWheels                   
00000915  oi_loadSong                    
0000096b  oi_play_song                   
0000097f  go_charge                      
0000098d  oi_uartInit                    
00000a15  oi_uartSendChar                
00000a31  oi_uartReceive                 
00000a59  oi_uartSendStr                 
00000a77  oi_uartSendBuff                
00000aa9  oi_checkFirmware               
00000b51  oi_shutoff_init                
00000bc3  GPIOF_Handler                  
00000db1  oi_setMotorCalibration         
00000ded  oi_getMotorCalibrationLeft     
00000e01  oi_getMotorCalibrationRight    
00000e8d  __TI_printfi                   
000018db  _nop                           
000018dd  uart_init                      
000019e1  uart_sendChar                  
000019ff  botprintf                      
00001a35  uart_error                     
00001a97  uart_receive                   
00001ae3  uart_sendStr                   
00001afd  uart_interrupt_init            
00001b1d  uart_interrupt_handler         
00001b4b  char_input                     
00001c7d  lcd_reverseNibble              
00001cb9  lcd_init                       
00001d79  lcd_putc                       
00001db1  lcd_puts                       
00001dcf  lcd_sendCommand                
00001e0d  lcd_sendNibble                 
00001e51  lcd_gotoLine                   
00001e79  lcd_setCursorPos               
00001eb7  lcd_printf                     
00002215  timer_init                     
0000228d  timer_stop                     
000022b7  timer_pause                    
000022c9  timer_resume                   
000022db  timer_getMillis                
00002333  timer_getMicros                
0000238d  timer_waitMicros               
000023bf  timer_waitMillis               
0000262d  __aeabi_dsub                   
00002637  __aeabi_dadd                   
000027e3  __aeabi_idiv0                  
000027e3  __aeabi_ldiv0                  
000027e5  ServoInit                      
00002871  ServoConfigure                 
000028c1  RotateServo                    
00002913  ResetServo                     
00002ab1  __aeabi_ddiv                   
00002d0d  fputs                          
00002e21  ldexp                          
00002e21  ldexpl                         
00002e21  scalbn                         
00002e21  scalbnl                        
00002f31  aligned_alloc                  
00002f31  memalign                       
00003031  __aeabi_dmul                   
0000312d  free                           
00003211  adc_init                       
0000328d  adc_read                       
000032ed  setvbuf                        
0000347b  __aeabi_memcpy                 
0000347b  __aeabi_memcpy4                
0000347b  __aeabi_memcpy8                
0000347b  memcpy                         
00003517  __aeabi_uldivmod               
000035ad  fputc                          
000035ad  putc                           
00003639  __aeabi_cdcmpeq                
00003639  __aeabi_cdcmple                
000036bf  __aeabi_cdrcmple               
00003745  __aeabi_memclr                 
00003745  __aeabi_memclr4                
00003745  __aeabi_memclr8                
00003747  __aeabi_memset                 
00003747  __aeabi_memset4                
00003747  __aeabi_memset8                
0000374d  memset                         
000037c1  __TI_closefile                 
00003835  button_init                    
00003861  button_getButton               
00003987  __aeabi_d2f                    
000039f5  HOSTrename                     
00003a61  HOSTlseek                      
00003ac9  __TI_decompress_lzss           
00003b31  printf                         
00003b99  frexp                          
00003b99  frexpl                         
00003bfd  fseek                          
00003c61  __TI_wrt_ok                    
00003cc5  HOSTopen                       
00003d25  close                          
00003d81  HOSTread                       
00003dd9  HOSTwrite                      
00003e87  __TI_ltoa                      
00003f2d  __TI_doflush                   
00003f79  atoi                           
00003fc5  exit                           
0000400d  __aeabi_d2iz                   
00004055  HOSTclose                      
00004099  HOSTunlink                     
000040dd  __TI_auto_init_nobinit_nopinit 
00004121  getdevice                      
00004165  __aeabi_d2uiz                  
000041a9  vsnprintf                      
00004229  __TI_writemsg                  
00004257  C$$IO$$                        
00004261  calloc                         
00004299  __aeabi_f2d                    
000042d1  strncpy                        
00004309  IntRegister                    
0000433d  __TI_cleanup                   
00004371  __TI_readmsg                   
000043a5  _c_int00_noargs                
00004409  finddevice                     
00004439  __aeabi_i2d                    
00004469  remove                         
00004469  unlink                         
000044bd  lseek                          
000044e5  main                           
0000450d  write                          
00004535  memchr                         
00004571  memccpy                        
0000458d  copysign                       
0000458d  copysignl                      
000045bf  oi_parseInt                    
000045d7  strcmp                         
000045ef  strchr                         
00004605  strcpy                         
00004619  strlen                         
0000462d  wcslen                         
0000463f  IntMasterEnable                
0000464f  lcd_clear                      
0000465f  __TI_decompress_none           
0000466d  CPUcpsie                       
00004679  __TI_zero_init                 
00004685  ResetISR                       
00004691  __aeabi_errno_addr             
00004699  malloc                         
000046a9  _system_pre_init               
000046ad  C$$EXIT                        
000046ad  abort                          
000046b0  _ctypes_                       
0000483c  __TI_Handler_Table_Base        
00004848  __TI_Handler_Table_Limit       
00004858  __TI_CINIT_Base                
00004870  __TI_CINIT_Limit               
20000000  __start___llvm_prf_cnts        
20000000  __stop___llvm_prf_cnts         
20000000  g_pfnRAMVectors                
20000270  __stack                        
20000470  __STACK_TOP                    
20000a70  __STACK_END                    
20000a70  _sys_memory                    
20000e70  __CIOBUF_                      
20000f90  __TI_tmpnams                   
2000109c  parmbuf                        
200010a4  _timeout_ticks                 
200010a8  leftValue                      
200010ac  pulsePeriod                    
200010b0  rightValue                     
200010b4  data_received                  
200010b8  _ftable                        
200011a8  _device                        
20001220  _stream                        
20001270  motor_cal_factor_L             
20001274  motor_cal_factor_R             
20001290  __TI_ft_end                    
20001294  __aeabi_stdin                  
20001298  __aeabi_stdout                 
2000129c  __aeabi_stderr                 
200012a0  __TI_cleanup_ptr               
200012a4  __TI_dtors_ptr                 
200012a8  __TI_enable_exit_profile_output
200012ac  _lock                          
200012b0  _unlock                        
200012bc  errno                          
200012c0  _running                       
200012c2  data_received_flag             
ffffffff  __TI_pprof_out_hndl            
ffffffff  __TI_prof_data_size            
ffffffff  __TI_prof_data_start           
ffffffff  __binit__                      
ffffffff  __c_args__                     
ffffffff  binit                          
UNDEFED   __mpu_init                     
UNDEFED   _system_post_cinit             

[202 symbols]
