******************************************************************************
                  TI ARM Linker PC v20.2.4                     
******************************************************************************
>> Linked Mon Nov 29 16:57:20 2021

OUTPUT FILE NAME:   <Lab_4.out>
ENTRY POINT SYMBOL: "_c_int00_noargs"  address: 00005899


MEMORY CONFIGURATION

         name            origin    length      used     unused   attr    fill
----------------------  --------  ---------  --------  --------  ----  --------
  FLASH                 00000000   00040000  00005d97  0003a269  R  X
  SRAM                  20000000   00008000  000012c6  00006d3a  RW X


SEGMENT ALLOCATION MAP

run origin  load origin   length   init length attrs members
----------  ----------- ---------- ----------- ----- -------
00000000    00000000    00005da0   00005da0    r-x
  00000000    00000000    0000026c   0000026c    r-- .intvecs
  0000026c    0000026c    00005930   00005930    r-x .text
  00005ba0    00005ba0    0000014b   0000014b    r-- .const
  00005cf0    00005cf0    000000b0   000000b0    r-- .cinit
20000000    20000000    000012cb   00000000    rw-
  20000000    20000000    0000026c   00000000    rw- .vtable
  20000270    20000270    00000800   00000000    rw- .stack
  20000a70    20000a70    00000400   00000000    rw- .sysmem
  20000e70    20000e70    00000247   00000000    rw- .bss
  200010b8    200010b8    00000213   00000000    rw- .data


SECTION ALLOCATION MAP

 output                                  attributes/
section   page    origin      length       input sections
--------  ----  ----------  ----------   ----------------
.intvecs   0    00000000    0000026c     
                  00000000    0000026c     tm4c123gh6pm_startup_ccs.obj (.intvecs)

.text      0    0000026c    00005930     
                  0000026c    00000c20     open_interface.obj (.text)
                  00000e8c    00000a4e     rtsv7M4_T_le_v4SPD16_eabi.lib : _printfi.c.obj (.text:__TI_printfi)
                  000018da    00000002                                   : _lock.c.obj (.text:_nop)
                  000018dc    000009c0                                   : e_pow.c.obj (.text:pow)
                  0000229c    00000610     servo.obj (.text)
                  000028ac    000003bc     uart.obj (.text)
                  00002c68    00000328     lcd.obj (.text)
                  00002f90    00000280     sonar.obj (.text)
                  00003210    00000270     rtsv7M4_T_le_v4SPD16_eabi.lib : _printfi.c.obj (.text:_pconv_a)
                  00003480    00000248     Timer.obj (.text)
                  000036c8    000001d0     rtsv7M4_T_le_v4SPD16_eabi.lib : _printfi.c.obj (.text:_pconv_g)
                  00003898    000001b6                                   : fd_add_t2.asm.obj (.text)
                  00003a4e    00000002                                   : div0.asm.obj (.text)
                  00003a50    00000188     scan.obj (.text)
                  00003bd8    00000158     rtsv7M4_T_le_v4SPD16_eabi.lib : e_sqrt.c.obj (.text:sqrt)
                  00003d30    0000013c                                   : _printfi.c.obj (.text:_pconv_e)
                  00003e6c    0000013a     main.obj (.text)
                  00003fa6    00000136     rtsv7M4_T_le_v4SPD16_eabi.lib : fd_div_t2.asm.obj (.text)
                  000040dc    00000124                                   : _printfi.c.obj (.text:fcvt)
                  00004200    00000114                                   : fputs.c.obj (.text:fputs)
                  00004314    00000110                                   : s_scalbn.c.obj (.text:scalbn)
                  00004424    00000100                                   : memory.c.obj (.text:aligned_alloc)
                  00004524    000000fc                                   : fd_mul_t2.asm.obj (.text)
                  00004620    000000e4                                   : memory.c.obj (.text:free)
                  00004704    000000dc     adc.obj (.text)
                  000047e0    000000dc     rtsv7M4_T_le_v4SPD16_eabi.lib : setvbuf.c.obj (.text:setvbuf)
                  000048bc    000000b1                                   : _printfi.c.obj (.text:_ltostr)
                  0000496d    00000001     --HOLE-- [fill = 0]
                  0000496e    0000009c                                   : memcpy_t2.asm.obj (.text)
                  00004a0a    00000096                                   : ull_div_t2.asm.obj (.text)
                  00004aa0    0000008c                                   : fputc.c.obj (.text:fputc)
                  00004b2c    00000086                                   : fd_cmp_t2.asm.obj (.text:__aeabi_cdcmple)
                  00004bb2    00000086                                   : fd_cmp_t2.asm.obj (.text:__aeabi_cdrcmple)
                  00004c38    0000007a                                   : memset_t2.asm.obj (.text)
                  00004cb2    00000002     --HOLE-- [fill = 0]
                  00004cb4    00000074                                   : fclose.c.obj (.text:__TI_closefile)
                  00004d28    00000074     button.obj (.text)
                  00004d9c    00000070     rtsv7M4_T_le_v4SPD16_eabi.lib : memory.c.obj (.text:split)
                  00004e0c    0000006e                                   : _printfi.c.obj (.text:_mcpy)
                  00004e7a    0000006e                                   : fd_tos_t2.asm.obj (.text)
                  00004ee8    0000006c                                   : hostrename.c.obj (.text:HOSTrename)
                  00004f54    00000068                                   : hostlseek.c.obj (.text:HOSTlseek)
                  00004fbc    00000068                                   : copy_decompress_lzss.c.obj (.text:decompress:lzss:__TI_decompress_lzss)
                  00005024    00000068                                   : printf.c.obj (.text:printf)
                  0000508c    00000064                                   : s_frexp.c.obj (.text:frexp)
                  000050f0    00000064                                   : fseek.c.obj (.text:fseek)
                  00005154    00000062                                   : _io_perm.c.obj (.text:__TI_wrt_ok)
                  000051b6    00000002     --HOLE-- [fill = 0]
                  000051b8    00000060                                   : hostopen.c.obj (.text:HOSTopen)
                  00005218    0000005c                                   : close.c.obj (.text:close)
                  00005274    00000058                                   : hostread.c.obj (.text:HOSTread)
                  000052cc    00000058                                   : hostwrite.c.obj (.text:HOSTwrite)
                  00005324    00000056                                   : _printfi.c.obj (.text:_pconv_f)
                  0000537a    00000054                                   : _ltoa.c.obj (.text:__TI_ltoa)
                  000053ce    00000052                                   : _printfi.c.obj (.text:_ecpy)
                  00005420    0000004c                                   : fflush.c.obj (.text:__TI_doflush)
                  0000546c    0000004c                                   : atoi.c.obj (.text:atoi)
                  000054b8    00000048                                   : exit.c.obj (.text:exit)
                  00005500    00000048                                   : fd_toi_t2.asm.obj (.text)
                  00005548    00000044                                   : hostclose.c.obj (.text:HOSTclose)
                  0000558c    00000044                                   : hostunlink.c.obj (.text:HOSTunlink)
                  000055d0    00000044                                   : autoinit.c.obj (.text:__TI_auto_init_nobinit_nopinit:__TI_auto_init_nobinit_nopinit)
                  00005614    00000044                                   : getdevice.c.obj (.text:getdevice)
                  00005658    00000044                                   : fd_tou_t2.asm.obj (.text)
                  0000569c    00000040                                   : vsnprintf.c.obj (.text:vsnprintf)
                  000056dc    0000003e                                   : _printfi.c.obj (.text:_fcpy)
                  0000571a    00000002     --HOLE-- [fill = 0]
                  0000571c    00000038                                   : trgmsg.c.obj (.text:__TI_writemsg)
                  00005754    00000038                                   : memory.c.obj (.text:calloc)
                  0000578c    00000038                                   : fs_tod_t2.asm.obj (.text)
                  000057c4    00000036                                   : strncpy.c.obj (.text:strncpy)
                  000057fa    00000002     --HOLE-- [fill = 0]
                  000057fc    00000034     driverlib.lib : interrupt.obj (.text:IntRegister)
                  00005830    00000034     rtsv7M4_T_le_v4SPD16_eabi.lib : fopen.c.obj (.text:__TI_cleanup)
                  00005864    00000034                                   : trgmsg.c.obj (.text:__TI_readmsg)
                  00005898    00000034                                   : boot_cortex_m.c.obj (.text:_c_int00_noargs:_c_int00_noargs)
                  000058cc    00000030                                   : vsnprintf.c.obj (.text:_outs)
                  000058fc    00000030                                   : getdevice.c.obj (.text:finddevice)
                  0000592c    0000002e                                   : i_tofd_t2.asm.obj (.text)
                  0000595a    00000002     --HOLE-- [fill = 0]
                  0000595c    0000002c                                   : unlink.c.obj (.text:unlink)
                  00005988    00000028                                   : memory.c.obj (.text:free_list_insert)
                  000059b0    00000028                                   : lseek.c.obj (.text:lseek)
                  000059d8    00000028                                   : write.c.obj (.text:write)
                  00005a00    00000020                                   : memchr.c.obj (.text:memchr)
                  00005a20    00000020                                   : u_tofd_t2.asm.obj (.text)
                  00005a40    0000001c                                   : memory.c.obj (.text:free_list_remove)
                  00005a5c    0000001c                                   : memccpy.c.obj (.text:memccpy)
                  00005a78    0000001a                                   : s_copysign.c.obj (.text:copysign)
                  00005a92    00000018                                   : vsnprintf.c.obj (.text:_outc)
                  00005aaa    00000018     open_interface.obj (.text:oi_parseInt)
                  00005ac2    00000018     rtsv7M4_T_le_v4SPD16_eabi.lib : strcmp.c.obj (.text:strcmp)
                  00005ada    00000016                                   : strchr.c.obj (.text:strchr)
                  00005af0    00000014                                   : strcpy.c.obj (.text:strcpy)
                  00005b04    00000014                                   : strlen.c.obj (.text:strlen)
                  00005b18    00000012                                   : wcslen.c.obj (.text:wcslen)
                  00005b2a    00000010     driverlib.lib : interrupt.obj (.text:IntMasterEnable)
                  00005b3a    00000010     lcd.obj (.text:lcd_clear)
                  00005b4a    0000000e     rtsv7M4_T_le_v4SPD16_eabi.lib : copy_decompress_none.c.obj (.text:decompress:none:__TI_decompress_none)
                  00005b58    0000000c     driverlib.lib : cpu.obj (.text:CPUcpsie)
                  00005b64    0000000c     rtsv7M4_T_le_v4SPD16_eabi.lib : copy_zero_init.c.obj (.text:decompress:ZI:__TI_zero_init)
                  00005b70    0000000c     tm4c123gh6pm_startup_ccs.obj (.text)
                  00005b7c    00000008     rtsv7M4_T_le_v4SPD16_eabi.lib : errno.c.obj (.text:__aeabi_errno_addr)
                  00005b84    00000008                                   : memory.c.obj (.text:malloc)
                  00005b8c    00000004                                   : printf.c.obj (.text:_outc)
                  00005b90    00000004                                   : printf.c.obj (.text:_outs)
                  00005b94    00000004                                   : pre_init.c.obj (.text:_system_pre_init)
                  00005b98    00000004                                   : exit.c.obj (.text:abort:abort)

.const     0    00005ba0    0000014b     
                  00005ba0    00000101     rtsv7M4_T_le_v4SPD16_eabi.lib : ctype.c.obj (.const:.string:_ctypes_)
                  00005ca1    00000004     lcd.obj (.const:.string:lineAddress$1)
                  00005ca5    00000003     --HOLE-- [fill = 0]
                  00005ca8    00000030     rtsv7M4_T_le_v4SPD16_eabi.lib : e_pow.c.obj (.const:$O1$$)
                  00005cd8    0000000f     open_interface.obj (.const:.string:$P$T0$3)
                  00005ce7    00000004     lcd.obj (.const:.string:lineAddresses$2)

.cinit     0    00005cf0    000000b0     
                  00005cf0    00000077     (.cinit..data.load) [load image, compression = lzss]
                  00005d67    00000001     --HOLE-- [fill = 0]
                  00005d68    0000000c     (__TI_handler_table)
                  00005d74    00000004     --HOLE-- [fill = 0]
                  00005d78    00000008     (.cinit..bss.load) [load image, compression = zero_init]
                  00005d80    00000008     (.cinit..vtable.load) [load image, compression = zero_init]
                  00005d88    00000018     (__TI_cinit_table)

.init_array 
*          0    00000000    00000000     UNINITIALIZED

.vtable    0    20000000    0000026c     UNINITIALIZED
                  20000000    0000026c     driverlib.lib : interrupt.obj (.vtable)

.stack     0    20000270    00000800     UNINITIALIZED
                  20000270    00000004     rtsv7M4_T_le_v4SPD16_eabi.lib : boot_cortex_m.c.obj (.stack)
                  20000274    000007fc     --HOLE--

.sysmem    0    20000a70    00000400     UNINITIALIZED
                  20000a70    00000010     rtsv7M4_T_le_v4SPD16_eabi.lib : memory.c.obj (.sysmem)
                  20000a80    000003f0     --HOLE--

.bss       0    20000e70    00000247     UNINITIALIZED
                  20000e70    00000120     rtsv7M4_T_le_v4SPD16_eabi.lib : trgmsg.c.obj (.bss:_CIOBUF_)
                  20000f90    000000a0     (.common:__TI_tmpnams)
                  20001030    00000054     lcd.obj (.bss:lastbuffer$3)
                  20001084    00000018     open_interface.obj (.bss:firmware$2)
                  2000109c    00000008     (.common:parmbuf)
                  200010a4    00000004     servo.obj (.bss)
                  200010a8    00000004     (.common:_timeout_ticks)
                  200010ac    00000004     (.common:fallingTime)
                  200010b0    00000004     (.common:risingTime)
                  200010b4    00000001     (.common:data_received)
                  200010b5    00000001     (.common:done)
                  200010b6    00000001     (.common:high)

.data      0    200010b8    00000213     UNINITIALIZED
                  200010b8    000000f0     rtsv7M4_T_le_v4SPD16_eabi.lib : defs.c.obj (.data:_ftable)
                  200011a8    00000078                                   : host_device.c.obj (.data:_device)
                  20001220    00000050                                   : host_device.c.obj (.data:_stream)
                  20001270    00000020     open_interface.obj (.data)
                  20001290    00000010     rtsv7M4_T_le_v4SPD16_eabi.lib : defs.c.obj (.data)
                  200012a0    0000000c                                   : exit.c.obj (.data:$O1$$)
                  200012ac    00000008                                   : _lock.c.obj (.data:$O1$$)
                  200012b4    00000008                                   : memory.c.obj (.data:$O1$$)
                  200012bc    00000008     servo.obj (.data)
                  200012c4    00000004     rtsv7M4_T_le_v4SPD16_eabi.lib : errno.c.obj (.data)
                  200012c8    00000001     Timer.obj (.data)
                  200012c9    00000001     button.obj (.data)
                  200012ca    00000001     uart.obj (.data)

__llvm_prf_cnts 
*          0    20000000    00000000     UNINITIALIZED

MODULE SUMMARY

       Module                         code    ro data   rw data
       ------                         ----    -------   -------
    .\
       open_interface.obj             3128    15        56     
       uart.obj                       956     0         2      
       lcd.obj                        824     8         84     
       sonar.obj                      640     0         0      
       tm4c123gh6pm_startup_ccs.obj   12      620       0      
       Timer.obj                      584     0         5      
       scan.obj                       392     0         0      
       main.obj                       314     0         10     
       adc.obj                        220     0         0      
       button.obj                     116     0         1      
    +--+------------------------------+-------+---------+---------+
       Total:                         7186    643       158    
                                                               
    .\files_for_alarm\
       servo.obj                      1552    0         12     
    +--+------------------------------+-------+---------+---------+
       Total:                         1552    0         12     
                                                               
    C:/ti/TivaWare_C_Series-2.1.4.178/driverlib/ccs/Debug/driverlib.lib
       interrupt.obj                  68      0         620    
       cpu.obj                        12      0         0      
    +--+------------------------------+-------+---------+---------+
       Total:                         80      0         620    
                                                               
    C:\ti\ccs1031\ccs\tools\compiler\ti-cgt-arm_20.2.4.LTS\lib\rtsv7M4_T_le_v4SPD16_eabi.lib
       _printfi.c.obj                 4851    0         0      
       e_pow.c.obj                    2496    48        0      
       memory.c.obj                   728     0         8      
       fd_add_t2.asm.obj              438     0         0      
       defs.c.obj                     0       0         416    
       trgmsg.c.obj                   108     0         288    
       e_sqrt.c.obj                   344     0         0      
       fd_div_t2.asm.obj              310     0         0      
       fputs.c.obj                    276     0         0      
       s_scalbn.c.obj                 272     0         0      
       fd_cmp_t2.asm.obj              268     0         0      
       ctype.c.obj                    0       257       0      
       fd_mul_t2.asm.obj              252     0         0      
       setvbuf.c.obj                  220     0         0      
       host_device.c.obj              0       0         200    
       memcpy_t2.asm.obj              156     0         0      
       ull_div_t2.asm.obj             150     0         0      
       fputc.c.obj                    140     0         0      
       vsnprintf.c.obj                136     0         0      
       memset_t2.asm.obj              122     0         0      
       fclose.c.obj                   116     0         0      
       getdevice.c.obj                116     0         0      
       printf.c.obj                   112     0         0      
       fd_tos_t2.asm.obj              110     0         0      
       hostrename.c.obj               108     0         0      
       copy_decompress_lzss.c.obj     104     0         0      
       hostlseek.c.obj                104     0         0      
       hostopen.c.obj                 96      0         8      
       fseek.c.obj                    100     0         0      
       s_frexp.c.obj                  100     0         0      
       _io_perm.c.obj                 98      0         0      
       close.c.obj                    92      0         0      
       exit.c.obj                     76      0         12     
       hostread.c.obj                 88      0         0      
       hostwrite.c.obj                88      0         0      
       _ltoa.c.obj                    84      0         0      
       atoi.c.obj                     76      0         0      
       fflush.c.obj                   76      0         0      
       fd_toi_t2.asm.obj              72      0         0      
       autoinit.c.obj                 68      0         0      
       fd_tou_t2.asm.obj              68      0         0      
       hostclose.c.obj                68      0         0      
       hostunlink.c.obj               68      0         0      
       fs_tod_t2.asm.obj              56      0         0      
       strncpy.c.obj                  54      0         0      
       boot_cortex_m.c.obj            52      0         0      
       fopen.c.obj                    52      0         0      
       i_tofd_t2.asm.obj              46      0         0      
       unlink.c.obj                   44      0         0      
       lseek.c.obj                    40      0         0      
       write.c.obj                    40      0         0      
       memchr.c.obj                   32      0         0      
       u_tofd_t2.asm.obj              32      0         0      
       memccpy.c.obj                  28      0         0      
       s_copysign.c.obj               26      0         0      
       strcmp.c.obj                   24      0         0      
       strchr.c.obj                   22      0         0      
       strcpy.c.obj                   20      0         0      
       strlen.c.obj                   20      0         0      
       wcslen.c.obj                   18      0         0      
       copy_decompress_none.c.obj     14      0         0      
       copy_zero_init.c.obj           12      0         0      
       errno.c.obj                    8       0         4      
       _lock.c.obj                    2       0         8      
       pre_init.c.obj                 4       0         0      
       div0.asm.obj                   2       0         0      
    +--+------------------------------+-------+---------+---------+
       Total:                         14003   305       944    
                                                               
       Heap:                          0       0         1024   
       Stack:                         0       0         2048   
       Linker Generated:              0       171       0      
    +--+------------------------------+-------+---------+---------+
       Grand Total:                   22821   1119      4806   


LINKER GENERATED COPY TABLES

__TI_cinit_table @ 00005d88 records: 3, size/record: 8, table size: 24
	.data: load addr=00005cf0, load size=00000077 bytes, run addr=200010b8, run size=00000213 bytes, compression=lzss
	.bss: load addr=00005d78, load size=00000008 bytes, run addr=20000e70, run size=00000247 bytes, compression=zero_init
	.vtable: load addr=00005d80, load size=00000008 bytes, run addr=20000000, run size=0000026c bytes, compression=zero_init


LINKER GENERATED HANDLER TABLE

__TI_handler_table @ 00005d68 records: 3, size/record: 4, table size: 12
	index: 0, handler: __TI_zero_init
	index: 1, handler: __TI_decompress_lzss
	index: 2, handler: __TI_decompress_none


GLOBAL SYMBOLS: SORTED ALPHABETICALLY BY Name 

address   name                           
-------   ----                           
00005b99  C$$EXIT                        
0000574b  C$$IO$$                        
00005b59  CPUcpsie                       
00000bc3  GPIOF_Handler                  
00003a97  GetActualDistance              
0000315f  GetSonarDistance               
00005549  HOSTclose                      
00004f55  HOSTlseek                      
000051b9  HOSTopen                       
00005275  HOSTread                       
00004ee9  HOSTrename                     
0000558d  HOSTunlink                     
000052cd  HOSTwrite                      
00003a81  IRDistanceScan                 
00003a6f  IRRawScan                      
00005b2b  IntMasterEnable                
000057fd  IntRegister                    
00005b71  ResetISR                       
000030fd  SonarCalcDistance              
00002ffd  SonarConfig                    
00003a51  SonarScan                      
00002f91  SonarSendStart                 
000030af  Timer3Handler                  
20000e70  __CIOBUF_                      
20000a70  __STACK_END                    
00000800  __STACK_SIZE                   
20000470  __STACK_TOP                    
00000400  __SYSMEM_SIZE                  
00005d88  __TI_CINIT_Base                
00005da0  __TI_CINIT_Limit               
00005d68  __TI_Handler_Table_Base        
00005d74  __TI_Handler_Table_Limit       
000055d1  __TI_auto_init_nobinit_nopinit 
00005831  __TI_cleanup                   
200012a0  __TI_cleanup_ptr               
00004cb5  __TI_closefile                 
00004fbd  __TI_decompress_lzss           
00005b4b  __TI_decompress_none           
00005421  __TI_doflush                   
200012a4  __TI_dtors_ptr                 
200012a8  __TI_enable_exit_profile_output
20001290  __TI_ft_end                    
0000537b  __TI_ltoa                      
ffffffff  __TI_pprof_out_hndl            
00000e8d  __TI_printfi                   
ffffffff  __TI_prof_data_size            
ffffffff  __TI_prof_data_start           
00005865  __TI_readmsg                   
00000000  __TI_static_base__             
20000f90  __TI_tmpnams                   
0000571d  __TI_writemsg                  
00005155  __TI_wrt_ok                    
00005b65  __TI_zero_init                 
00004b2d  __aeabi_cdcmpeq                
00004b2d  __aeabi_cdcmple                
00004bb3  __aeabi_cdrcmple               
00004e7b  __aeabi_d2f                    
00005501  __aeabi_d2iz                   
00005659  __aeabi_d2uiz                  
000038a3  __aeabi_dadd                   
00003fa7  __aeabi_ddiv                   
00004525  __aeabi_dmul                   
00003899  __aeabi_dsub                   
00005b7d  __aeabi_errno_addr             
0000578d  __aeabi_f2d                    
0000592d  __aeabi_i2d                    
00003a4f  __aeabi_idiv0                  
00003a4f  __aeabi_ldiv0                  
00004c39  __aeabi_memclr                 
00004c39  __aeabi_memclr4                
00004c39  __aeabi_memclr8                
0000496f  __aeabi_memcpy                 
0000496f  __aeabi_memcpy4                
0000496f  __aeabi_memcpy8                
00004c3b  __aeabi_memset                 
00004c3b  __aeabi_memset4                
00004c3b  __aeabi_memset8                
2000129c  __aeabi_stderr                 
20001294  __aeabi_stdin                  
20001298  __aeabi_stdout                 
00005a21  __aeabi_ui2d                   
00004a0b  __aeabi_uldivmod               
ffffffff  __binit__                      
ffffffff  __c_args__                     
UNDEFED   __mpu_init                     
20000270  __stack                        
20000000  __start___llvm_prf_cnts        
20000000  __stop___llvm_prf_cnts         
00005899  _c_int00_noargs                
00005ba0  _ctypes_                       
200011a8  _device                        
200010b8  _ftable                        
200012ac  _lock                          
000018db  _nop                           
200012c8  _running                       
20001220  _stream                        
20000a70  _sys_memory                    
UNDEFED   _system_post_cinit             
00005b95  _system_pre_init               
200010a8  _timeout_ticks                 
200012b0  _unlock                        
00005b99  abort                          
00004705  adc_init                       
00004781  adc_read                       
00004425  aligned_alloc                  
0000546d  atoi                           
0000229d  better_servo_init              
ffffffff  binit                          
000029c7  botprintf                      
00004d55  button_getButton               
00004d29  button_init                    
00005755  calloc                         
00002b0b  char_input                     
00005219  close                          
00005a79  copysign                       
00005a79  copysignl                      
200010b4  data_received                  
200012ca  data_received_flag             
00002359  deg_to_clk                     
200010b5  done                           
200012c4  errno                          
000054b9  exit                           
200010ac  fallingTime                    
000058fd  finddevice                     
00004aa1  fputc                          
00004201  fputs                          
00004621  free                           
0000508d  frexp                          
0000508d  frexpl                         
000050f1  fseek                          
20000000  g_pfnRAMVectors                
00000000  g_pfnVectors                   
00002b55  getChar                        
00002b65  getInt                         
0000273d  get_deg                        
00005615  getdevice                      
0000097f  go_charge                      
200010b6  high                           
00002b75  is_input                       
00002531  lab10_part2                    
00005b3b  lcd_clear                      
00002e3d  lcd_gotoLine                   
00002ca5  lcd_init                       
00002ea3  lcd_printf                     
00002d65  lcd_putc                       
00002d9d  lcd_puts                       
00002c69  lcd_reverseNibble              
00002dbb  lcd_sendCommand                
00002df9  lcd_sendNibble                 
00002e65  lcd_setCursorPos               
00004315  ldexp                          
00004315  ldexpl                         
000059b1  lseek                          
00003ebd  main                           
00005b85  malloc                         
00004425  memalign                       
00005a5d  memccpy                        
00005a01  memchr                         
0000496f  memcpy                         
00004c41  memset                         
20001270  motor_cal_factor_L             
20001274  motor_cal_factor_R             
00002431  move_servo                     
0000026d  oi_alloc                       
00000aa9  oi_checkFirmware               
000002c7  oi_close                       
00000279  oi_free                        
00000ded  oi_getMotorCalibrationLeft     
00000e01  oi_getMotorCalibrationRight    
000002b1  oi_init                        
00000289  oi_init_noupdate               
00000915  oi_loadSong                    
00005aab  oi_parseInt                    
0000032b  oi_parsePacket                 
0000096b  oi_play_song                   
0000084b  oi_setLeds                     
00000db1  oi_setMotorCalibration         
0000088f  oi_setWheels                   
00000b51  oi_shutoff_init                
0000098d  oi_uartInit                    
00000a31  oi_uartReceive                 
00000a77  oi_uartSendBuff                
00000a15  oi_uartSendChar                
00000a59  oi_uartSendStr                 
000002d9  oi_update                      
2000109c  parmbuf                        
000018dd  pow                            
000018dd  powl                           
00003ea5  printScn                       
00005025  printf                         
00004aa1  putc                           
0000595d  remove                         
200010b0  risingTime                     
00004315  scalbn                         
00004315  scalbnl                        
200012c0  servo_180                      
0000244b  servo_calibration              
200012bc  servo_zero                     
000047e1  setvbuf                        
00003e6d  simpleScam                     
00003bd9  sqrt                           
00003bd9  sqrtl                          
00005adb  strchr                         
00005ac3  strcmp                         
00005af1  strcpy                         
00005b05  strlen                         
000057c5  strncpy                        
0000359f  timer_getMicros                
00003547  timer_getMillis                
00003481  timer_init                     
00003523  timer_pause                    
00003535  timer_resume                   
000034f9  timer_stop                     
000035f9  timer_waitMicros               
0000362b  timer_waitMillis               
000023ed  turn_servo_deg                 
000029fd  uart_error                     
000028ad  uart_init                      
00002ae5  uart_interrupt_handler         
00002ac5  uart_interrupt_init            
00002a5f  uart_receive                   
000029a9  uart_sendChar                  
00002aab  uart_sendStr                   
0000595d  unlink                         
0000569d  vsnprintf                      
00005b19  wcslen                         
000059d9  write                          


GLOBAL SYMBOLS: SORTED BY Symbol Address 

address   name                           
-------   ----                           
00000000  __TI_static_base__             
00000000  g_pfnVectors                   
0000026d  oi_alloc                       
00000279  oi_free                        
00000289  oi_init_noupdate               
000002b1  oi_init                        
000002c7  oi_close                       
000002d9  oi_update                      
0000032b  oi_parsePacket                 
00000400  __SYSMEM_SIZE                  
00000800  __STACK_SIZE                   
0000084b  oi_setLeds                     
0000088f  oi_setWheels                   
00000915  oi_loadSong                    
0000096b  oi_play_song                   
0000097f  go_charge                      
0000098d  oi_uartInit                    
00000a15  oi_uartSendChar                
00000a31  oi_uartReceive                 
00000a59  oi_uartSendStr                 
00000a77  oi_uartSendBuff                
00000aa9  oi_checkFirmware               
00000b51  oi_shutoff_init                
00000bc3  GPIOF_Handler                  
00000db1  oi_setMotorCalibration         
00000ded  oi_getMotorCalibrationLeft     
00000e01  oi_getMotorCalibrationRight    
00000e8d  __TI_printfi                   
000018db  _nop                           
000018dd  pow                            
000018dd  powl                           
0000229d  better_servo_init              
00002359  deg_to_clk                     
000023ed  turn_servo_deg                 
00002431  move_servo                     
0000244b  servo_calibration              
00002531  lab10_part2                    
0000273d  get_deg                        
000028ad  uart_init                      
000029a9  uart_sendChar                  
000029c7  botprintf                      
000029fd  uart_error                     
00002a5f  uart_receive                   
00002aab  uart_sendStr                   
00002ac5  uart_interrupt_init            
00002ae5  uart_interrupt_handler         
00002b0b  char_input                     
00002b55  getChar                        
00002b65  getInt                         
00002b75  is_input                       
00002c69  lcd_reverseNibble              
00002ca5  lcd_init                       
00002d65  lcd_putc                       
00002d9d  lcd_puts                       
00002dbb  lcd_sendCommand                
00002df9  lcd_sendNibble                 
00002e3d  lcd_gotoLine                   
00002e65  lcd_setCursorPos               
00002ea3  lcd_printf                     
00002f91  SonarSendStart                 
00002ffd  SonarConfig                    
000030af  Timer3Handler                  
000030fd  SonarCalcDistance              
0000315f  GetSonarDistance               
00003481  timer_init                     
000034f9  timer_stop                     
00003523  timer_pause                    
00003535  timer_resume                   
00003547  timer_getMillis                
0000359f  timer_getMicros                
000035f9  timer_waitMicros               
0000362b  timer_waitMillis               
00003899  __aeabi_dsub                   
000038a3  __aeabi_dadd                   
00003a4f  __aeabi_idiv0                  
00003a4f  __aeabi_ldiv0                  
00003a51  SonarScan                      
00003a6f  IRRawScan                      
00003a81  IRDistanceScan                 
00003a97  GetActualDistance              
00003bd9  sqrt                           
00003bd9  sqrtl                          
00003e6d  simpleScam                     
00003ea5  printScn                       
00003ebd  main                           
00003fa7  __aeabi_ddiv                   
00004201  fputs                          
00004315  ldexp                          
00004315  ldexpl                         
00004315  scalbn                         
00004315  scalbnl                        
00004425  aligned_alloc                  
00004425  memalign                       
00004525  __aeabi_dmul                   
00004621  free                           
00004705  adc_init                       
00004781  adc_read                       
000047e1  setvbuf                        
0000496f  __aeabi_memcpy                 
0000496f  __aeabi_memcpy4                
0000496f  __aeabi_memcpy8                
0000496f  memcpy                         
00004a0b  __aeabi_uldivmod               
00004aa1  fputc                          
00004aa1  putc                           
00004b2d  __aeabi_cdcmpeq                
00004b2d  __aeabi_cdcmple                
00004bb3  __aeabi_cdrcmple               
00004c39  __aeabi_memclr                 
00004c39  __aeabi_memclr4                
00004c39  __aeabi_memclr8                
00004c3b  __aeabi_memset                 
00004c3b  __aeabi_memset4                
00004c3b  __aeabi_memset8                
00004c41  memset                         
00004cb5  __TI_closefile                 
00004d29  button_init                    
00004d55  button_getButton               
00004e7b  __aeabi_d2f                    
00004ee9  HOSTrename                     
00004f55  HOSTlseek                      
00004fbd  __TI_decompress_lzss           
00005025  printf                         
0000508d  frexp                          
0000508d  frexpl                         
000050f1  fseek                          
00005155  __TI_wrt_ok                    
000051b9  HOSTopen                       
00005219  close                          
00005275  HOSTread                       
000052cd  HOSTwrite                      
0000537b  __TI_ltoa                      
00005421  __TI_doflush                   
0000546d  atoi                           
000054b9  exit                           
00005501  __aeabi_d2iz                   
00005549  HOSTclose                      
0000558d  HOSTunlink                     
000055d1  __TI_auto_init_nobinit_nopinit 
00005615  getdevice                      
00005659  __aeabi_d2uiz                  
0000569d  vsnprintf                      
0000571d  __TI_writemsg                  
0000574b  C$$IO$$                        
00005755  calloc                         
0000578d  __aeabi_f2d                    
000057c5  strncpy                        
000057fd  IntRegister                    
00005831  __TI_cleanup                   
00005865  __TI_readmsg                   
00005899  _c_int00_noargs                
000058fd  finddevice                     
0000592d  __aeabi_i2d                    
0000595d  remove                         
0000595d  unlink                         
000059b1  lseek                          
000059d9  write                          
00005a01  memchr                         
00005a21  __aeabi_ui2d                   
00005a5d  memccpy                        
00005a79  copysign                       
00005a79  copysignl                      
00005aab  oi_parseInt                    
00005ac3  strcmp                         
00005adb  strchr                         
00005af1  strcpy                         
00005b05  strlen                         
00005b19  wcslen                         
00005b2b  IntMasterEnable                
00005b3b  lcd_clear                      
00005b4b  __TI_decompress_none           
00005b59  CPUcpsie                       
00005b65  __TI_zero_init                 
00005b71  ResetISR                       
00005b7d  __aeabi_errno_addr             
00005b85  malloc                         
00005b95  _system_pre_init               
00005b99  C$$EXIT                        
00005b99  abort                          
00005ba0  _ctypes_                       
00005d68  __TI_Handler_Table_Base        
00005d74  __TI_Handler_Table_Limit       
00005d88  __TI_CINIT_Base                
00005da0  __TI_CINIT_Limit               
20000000  __start___llvm_prf_cnts        
20000000  __stop___llvm_prf_cnts         
20000000  g_pfnRAMVectors                
20000270  __stack                        
20000470  __STACK_TOP                    
20000a70  __STACK_END                    
20000a70  _sys_memory                    
20000e70  __CIOBUF_                      
20000f90  __TI_tmpnams                   
2000109c  parmbuf                        
200010a8  _timeout_ticks                 
200010ac  fallingTime                    
200010b0  risingTime                     
200010b4  data_received                  
200010b5  done                           
200010b6  high                           
200010b8  _ftable                        
200011a8  _device                        
20001220  _stream                        
20001270  motor_cal_factor_L             
20001274  motor_cal_factor_R             
20001290  __TI_ft_end                    
20001294  __aeabi_stdin                  
20001298  __aeabi_stdout                 
2000129c  __aeabi_stderr                 
200012a0  __TI_cleanup_ptr               
200012a4  __TI_dtors_ptr                 
200012a8  __TI_enable_exit_profile_output
200012ac  _lock                          
200012b0  _unlock                        
200012bc  servo_zero                     
200012c0  servo_180                      
200012c4  errno                          
200012c8  _running                       
200012ca  data_received_flag             
ffffffff  __TI_pprof_out_hndl            
ffffffff  __TI_prof_data_size            
ffffffff  __TI_prof_data_start           
ffffffff  __binit__                      
ffffffff  __c_args__                     
ffffffff  binit                          
UNDEFED   __mpu_init                     
UNDEFED   _system_post_cinit             

[227 symbols]
