******************************************************************************
                  TI ARM Linker PC v20.2.4                     
******************************************************************************
>> Linked Tue Nov 30 13:36:55 2021

OUTPUT FILE NAME:   <Lab_4.out>
ENTRY POINT SYMBOL: "_c_int00_noargs"  address: 00006089


MEMORY CONFIGURATION

         name            origin    length      used     unused   attr    fill
----------------------  --------  ---------  --------  --------  ----  --------
  FLASH                 00000000   00040000  000065ff  00039a01  R  X
  SRAM                  20000000   00008000  000012da  00006d26  RW X


SEGMENT ALLOCATION MAP

run origin  load origin   length   init length attrs members
----------  ----------- ---------- ----------- ----- -------
00000000    00000000    00006608   00006608    r-x
  00000000    00000000    0000026c   0000026c    r-- .intvecs
  0000026c    0000026c    00006120   00006120    r-x .text
  00006390    00006390    000001bb   000001bb    r-- .const
  00006550    00006550    000000b8   000000b8    r-- .cinit
20000000    20000000    000012e3   00000000    rw-
  20000000    20000000    0000026c   00000000    rw- .vtable
  20000270    20000270    00000800   00000000    rw- .stack
  20000a70    20000a70    00000400   00000000    rw- .sysmem
  20000e70    20000e70    0000024b   00000000    rw- .bss
  200010c0    200010c0    00000223   00000000    rw- .data


SECTION ALLOCATION MAP

 output                                  attributes/
section   page    origin      length       input sections
--------  ----  ----------  ----------   ----------------
.intvecs   0    00000000    0000026c     
                  00000000    0000026c     tm4c123gh6pm_startup_ccs.obj (.intvecs)

.text      0    0000026c    00006120     
                  0000026c    00000c20     open_interface.obj (.text)
                  00000e8c    00000a4e     rtsv7M4_T_le_v4SPD16_eabi.lib : _printfi.c.obj (.text:__TI_printfi)
                  000018da    00000002                                   : _lock.c.obj (.text:_nop)
                  000018dc    000009c0                                   : e_pow.c.obj (.text:pow)
                  0000229c    000007a8     movement.obj (.text)
                  00002a44    00000610     servo.obj (.text)
                  00003054    000003bc     uart.obj (.text)
                  00003410    00000328     lcd.obj (.text)
                  00003738    00000280     sonar.obj (.text)
                  000039b8    00000270     rtsv7M4_T_le_v4SPD16_eabi.lib : _printfi.c.obj (.text:_pconv_a)
                  00003c28    00000248     Timer.obj (.text)
                  00003e70    000001d0     rtsv7M4_T_le_v4SPD16_eabi.lib : _printfi.c.obj (.text:_pconv_g)
                  00004040    000001b6                                   : fd_add_t2.asm.obj (.text)
                  000041f6    00000002                                   : div0.asm.obj (.text)
                  000041f8    00000188     scan.obj (.text)
                  00004380    00000180     main.obj (.text)
                  00004500    00000158     rtsv7M4_T_le_v4SPD16_eabi.lib : e_sqrt.c.obj (.text:sqrt)
                  00004658    0000013c                                   : _printfi.c.obj (.text:_pconv_e)
                  00004794    00000136                                   : fd_div_t2.asm.obj (.text)
                  000048ca    00000002     --HOLE-- [fill = 0]
                  000048cc    00000124                                   : _printfi.c.obj (.text:fcvt)
                  000049f0    00000114                                   : fputs.c.obj (.text:fputs)
                  00004b04    00000110                                   : s_scalbn.c.obj (.text:scalbn)
                  00004c14    00000100                                   : memory.c.obj (.text:aligned_alloc)
                  00004d14    000000fc                                   : fd_mul_t2.asm.obj (.text)
                  00004e10    000000e4                                   : memory.c.obj (.text:free)
                  00004ef4    000000dc     adc.obj (.text)
                  00004fd0    000000dc     rtsv7M4_T_le_v4SPD16_eabi.lib : setvbuf.c.obj (.text:setvbuf)
                  000050ac    000000b1                                   : _printfi.c.obj (.text:_ltostr)
                  0000515d    00000001     --HOLE-- [fill = 0]
                  0000515e    0000009c                                   : memcpy_t2.asm.obj (.text)
                  000051fa    00000096                                   : ull_div_t2.asm.obj (.text)
                  00005290    0000008c                                   : fputc.c.obj (.text:fputc)
                  0000531c    00000086                                   : fd_cmp_t2.asm.obj (.text:__aeabi_cdcmple)
                  000053a2    00000086                                   : fd_cmp_t2.asm.obj (.text:__aeabi_cdrcmple)
                  00005428    0000007a                                   : memset_t2.asm.obj (.text)
                  000054a2    00000002     --HOLE-- [fill = 0]
                  000054a4    00000074                                   : fclose.c.obj (.text:__TI_closefile)
                  00005518    00000074     button.obj (.text)
                  0000558c    00000070     rtsv7M4_T_le_v4SPD16_eabi.lib : memory.c.obj (.text:split)
                  000055fc    0000006e                                   : _printfi.c.obj (.text:_mcpy)
                  0000566a    0000006e                                   : fd_tos_t2.asm.obj (.text)
                  000056d8    0000006c                                   : hostrename.c.obj (.text:HOSTrename)
                  00005744    00000068                                   : hostlseek.c.obj (.text:HOSTlseek)
                  000057ac    00000068                                   : copy_decompress_lzss.c.obj (.text:decompress:lzss:__TI_decompress_lzss)
                  00005814    00000068                                   : printf.c.obj (.text:printf)
                  0000587c    00000064                                   : s_frexp.c.obj (.text:frexp)
                  000058e0    00000064                                   : fseek.c.obj (.text:fseek)
                  00005944    00000062                                   : _io_perm.c.obj (.text:__TI_wrt_ok)
                  000059a6    00000002     --HOLE-- [fill = 0]
                  000059a8    00000060                                   : hostopen.c.obj (.text:HOSTopen)
                  00005a08    0000005c                                   : close.c.obj (.text:close)
                  00005a64    00000058                                   : hostread.c.obj (.text:HOSTread)
                  00005abc    00000058                                   : hostwrite.c.obj (.text:HOSTwrite)
                  00005b14    00000056                                   : _printfi.c.obj (.text:_pconv_f)
                  00005b6a    00000054                                   : _ltoa.c.obj (.text:__TI_ltoa)
                  00005bbe    00000052                                   : _printfi.c.obj (.text:_ecpy)
                  00005c10    0000004c                                   : fflush.c.obj (.text:__TI_doflush)
                  00005c5c    0000004c                                   : atoi.c.obj (.text:atoi)
                  00005ca8    00000048                                   : exit.c.obj (.text:exit)
                  00005cf0    00000048                                   : fd_toi_t2.asm.obj (.text)
                  00005d38    00000044                                   : hostclose.c.obj (.text:HOSTclose)
                  00005d7c    00000044                                   : hostunlink.c.obj (.text:HOSTunlink)
                  00005dc0    00000044                                   : autoinit.c.obj (.text:__TI_auto_init_nobinit_nopinit:__TI_auto_init_nobinit_nopinit)
                  00005e04    00000044                                   : getdevice.c.obj (.text:getdevice)
                  00005e48    00000044                                   : fd_tou_t2.asm.obj (.text)
                  00005e8c    00000040                                   : vsnprintf.c.obj (.text:vsnprintf)
                  00005ecc    0000003e                                   : _printfi.c.obj (.text:_fcpy)
                  00005f0a    00000002     --HOLE-- [fill = 0]
                  00005f0c    00000038                                   : trgmsg.c.obj (.text:__TI_writemsg)
                  00005f44    00000038                                   : memory.c.obj (.text:calloc)
                  00005f7c    00000038                                   : fs_tod_t2.asm.obj (.text)
                  00005fb4    00000036                                   : strncpy.c.obj (.text:strncpy)
                  00005fea    00000002     --HOLE-- [fill = 0]
                  00005fec    00000034     driverlib.lib : interrupt.obj (.text:IntRegister)
                  00006020    00000034     rtsv7M4_T_le_v4SPD16_eabi.lib : fopen.c.obj (.text:__TI_cleanup)
                  00006054    00000034                                   : trgmsg.c.obj (.text:__TI_readmsg)
                  00006088    00000034                                   : boot_cortex_m.c.obj (.text:_c_int00_noargs:_c_int00_noargs)
                  000060bc    00000030                                   : vsnprintf.c.obj (.text:_outs)
                  000060ec    00000030                                   : getdevice.c.obj (.text:finddevice)
                  0000611c    0000002e                                   : i_tofd_t2.asm.obj (.text)
                  0000614a    00000002     --HOLE-- [fill = 0]
                  0000614c    0000002c                                   : unlink.c.obj (.text:unlink)
                  00006178    00000028                                   : memory.c.obj (.text:free_list_insert)
                  000061a0    00000028                                   : lseek.c.obj (.text:lseek)
                  000061c8    00000028                                   : write.c.obj (.text:write)
                  000061f0    00000020                                   : memchr.c.obj (.text:memchr)
                  00006210    00000020                                   : u_tofd_t2.asm.obj (.text)
                  00006230    0000001c                                   : memory.c.obj (.text:free_list_remove)
                  0000624c    0000001c                                   : memccpy.c.obj (.text:memccpy)
                  00006268    0000001a                                   : s_copysign.c.obj (.text:copysign)
                  00006282    00000018                                   : vsnprintf.c.obj (.text:_outc)
                  0000629a    00000018     open_interface.obj (.text:oi_parseInt)
                  000062b2    00000018     rtsv7M4_T_le_v4SPD16_eabi.lib : strcmp.c.obj (.text:strcmp)
                  000062ca    00000016                                   : strchr.c.obj (.text:strchr)
                  000062e0    00000014                                   : strcpy.c.obj (.text:strcpy)
                  000062f4    00000014                                   : strlen.c.obj (.text:strlen)
                  00006308    00000012                                   : wcslen.c.obj (.text:wcslen)
                  0000631a    00000010     driverlib.lib : interrupt.obj (.text:IntMasterEnable)
                  0000632a    00000010     lcd.obj (.text:lcd_clear)
                  0000633a    0000000e     rtsv7M4_T_le_v4SPD16_eabi.lib : copy_decompress_none.c.obj (.text:decompress:none:__TI_decompress_none)
                  00006348    0000000c     driverlib.lib : cpu.obj (.text:CPUcpsie)
                  00006354    0000000c     rtsv7M4_T_le_v4SPD16_eabi.lib : copy_zero_init.c.obj (.text:decompress:ZI:__TI_zero_init)
                  00006360    0000000c     tm4c123gh6pm_startup_ccs.obj (.text)
                  0000636c    00000008     rtsv7M4_T_le_v4SPD16_eabi.lib : errno.c.obj (.text:__aeabi_errno_addr)
                  00006374    00000008                                   : memory.c.obj (.text:malloc)
                  0000637c    00000004                                   : printf.c.obj (.text:_outc)
                  00006380    00000004                                   : printf.c.obj (.text:_outs)
                  00006384    00000004                                   : pre_init.c.obj (.text:_system_pre_init)
                  00006388    00000004                                   : exit.c.obj (.text:abort:abort)

.const     0    00006390    000001bb     
                  00006390    00000101     rtsv7M4_T_le_v4SPD16_eabi.lib : ctype.c.obj (.const:.string:_ctypes_)
                  00006491    00000004     lcd.obj (.const:.string:lineAddress$1)
                  00006495    00000003     --HOLE-- [fill = 0]
                  00006498    00000038     movement.obj (.const:$P$T0$1)
                  000064d0    00000038     movement.obj (.const:$P$T1$2)
                  00006508    00000030     rtsv7M4_T_le_v4SPD16_eabi.lib : e_pow.c.obj (.const:$O1$$)
                  00006538    0000000f     open_interface.obj (.const:.string:$P$T0$3)
                  00006547    00000004     lcd.obj (.const:.string:lineAddresses$2)

.cinit     0    00006550    000000b8     
                  00006550    00000082     (.cinit..data.load) [load image, compression = lzss]
                  000065d2    00000002     --HOLE-- [fill = 0]
                  000065d4    0000000c     (__TI_handler_table)
                  000065e0    00000008     (.cinit..bss.load) [load image, compression = zero_init]
                  000065e8    00000008     (.cinit..vtable.load) [load image, compression = zero_init]
                  000065f0    00000018     (__TI_cinit_table)

.init_array 
*          0    00000000    00000000     UNINITIALIZED

.vtable    0    20000000    0000026c     UNINITIALIZED
                  20000000    0000026c     driverlib.lib : interrupt.obj (.vtable)

.stack     0    20000270    00000800     UNINITIALIZED
                  20000270    00000004     rtsv7M4_T_le_v4SPD16_eabi.lib : boot_cortex_m.c.obj (.stack)
                  20000274    000007fc     --HOLE--

.sysmem    0    20000a70    00000400     UNINITIALIZED
                  20000a70    00000010     rtsv7M4_T_le_v4SPD16_eabi.lib : memory.c.obj (.sysmem)
                  20000a80    000003f0     --HOLE--

.bss       0    20000e70    0000024b     UNINITIALIZED
                  20000e70    00000120     rtsv7M4_T_le_v4SPD16_eabi.lib : trgmsg.c.obj (.bss:_CIOBUF_)
                  20000f90    000000a0     (.common:__TI_tmpnams)
                  20001030    00000054     lcd.obj (.bss:lastbuffer$3)
                  20001084    00000018     open_interface.obj (.bss:firmware$2)
                  2000109c    00000008     (.common:parmbuf)
                  200010a4    00000004     servo.obj (.bss)
                  200010a8    00000004     (.common:FieldEdgeFound)
                  200010ac    00000004     (.common:_timeout_ticks)
                  200010b0    00000004     (.common:fallingTime)
                  200010b4    00000004     (.common:risingTime)
                  200010b8    00000001     (.common:data_received)
                  200010b9    00000001     (.common:done)
                  200010ba    00000001     (.common:high)

.data      0    200010c0    00000223     UNINITIALIZED
                  200010c0    000000f0     rtsv7M4_T_le_v4SPD16_eabi.lib : defs.c.obj (.data:_ftable)
                  200011b0    00000078                                   : host_device.c.obj (.data:_device)
                  20001228    00000050                                   : host_device.c.obj (.data:_stream)
                  20001278    00000020     open_interface.obj (.data)
                  20001298    00000010     movement.obj (.data)
                  200012a8    00000010     rtsv7M4_T_le_v4SPD16_eabi.lib : defs.c.obj (.data)
                  200012b8    0000000c                                   : exit.c.obj (.data:$O1$$)
                  200012c4    00000008                                   : _lock.c.obj (.data:$O1$$)
                  200012cc    00000008                                   : memory.c.obj (.data:$O1$$)
                  200012d4    00000008     servo.obj (.data)
                  200012dc    00000004     rtsv7M4_T_le_v4SPD16_eabi.lib : errno.c.obj (.data)
                  200012e0    00000001     Timer.obj (.data)
                  200012e1    00000001     button.obj (.data)
                  200012e2    00000001     uart.obj (.data)

__llvm_prf_cnts 
*          0    20000000    00000000     UNINITIALIZED

MODULE SUMMARY

       Module                         code    ro data   rw data
       ------                         ----    -------   -------
    .\
       open_interface.obj             3128    15        56     
       uart.obj                       956     0         2      
       lcd.obj                        824     8         84     
       sonar.obj                      640     0         0      
       tm4c123gh6pm_startup_ccs.obj   12      620       0      
       Timer.obj                      584     0         5      
       main.obj                       384     0         14     
       scan.obj                       392     0         0      
       adc.obj                        220     0         0      
       button.obj                     116     0         1      
    +--+------------------------------+-------+---------+---------+
       Total:                         7256    643       162    
                                                               
    .\files_for_alarm\
       movement.obj                   1960    112       16     
       servo.obj                      1552    0         12     
    +--+------------------------------+-------+---------+---------+
       Total:                         3512    112       28     
                                                               
    C:/ti/TivaWare_C_Series-2.1.4.178/driverlib/ccs/Debug/driverlib.lib
       interrupt.obj                  68      0         620    
       cpu.obj                        12      0         0      
    +--+------------------------------+-------+---------+---------+
       Total:                         80      0         620    
                                                               
    C:\ti\ccs1031\ccs\tools\compiler\ti-cgt-arm_20.2.4.LTS\lib\rtsv7M4_T_le_v4SPD16_eabi.lib
       _printfi.c.obj                 4851    0         0      
       e_pow.c.obj                    2496    48        0      
       memory.c.obj                   728     0         8      
       fd_add_t2.asm.obj              438     0         0      
       defs.c.obj                     0       0         416    
       trgmsg.c.obj                   108     0         288    
       e_sqrt.c.obj                   344     0         0      
       fd_div_t2.asm.obj              310     0         0      
       fputs.c.obj                    276     0         0      
       s_scalbn.c.obj                 272     0         0      
       fd_cmp_t2.asm.obj              268     0         0      
       ctype.c.obj                    0       257       0      
       fd_mul_t2.asm.obj              252     0         0      
       setvbuf.c.obj                  220     0         0      
       host_device.c.obj              0       0         200    
       memcpy_t2.asm.obj              156     0         0      
       ull_div_t2.asm.obj             150     0         0      
       fputc.c.obj                    140     0         0      
       vsnprintf.c.obj                136     0         0      
       memset_t2.asm.obj              122     0         0      
       fclose.c.obj                   116     0         0      
       getdevice.c.obj                116     0         0      
       printf.c.obj                   112     0         0      
       fd_tos_t2.asm.obj              110     0         0      
       hostrename.c.obj               108     0         0      
       copy_decompress_lzss.c.obj     104     0         0      
       hostlseek.c.obj                104     0         0      
       hostopen.c.obj                 96      0         8      
       fseek.c.obj                    100     0         0      
       s_frexp.c.obj                  100     0         0      
       _io_perm.c.obj                 98      0         0      
       close.c.obj                    92      0         0      
       exit.c.obj                     76      0         12     
       hostread.c.obj                 88      0         0      
       hostwrite.c.obj                88      0         0      
       _ltoa.c.obj                    84      0         0      
       atoi.c.obj                     76      0         0      
       fflush.c.obj                   76      0         0      
       fd_toi_t2.asm.obj              72      0         0      
       autoinit.c.obj                 68      0         0      
       fd_tou_t2.asm.obj              68      0         0      
       hostclose.c.obj                68      0         0      
       hostunlink.c.obj               68      0         0      
       fs_tod_t2.asm.obj              56      0         0      
       strncpy.c.obj                  54      0         0      
       boot_cortex_m.c.obj            52      0         0      
       fopen.c.obj                    52      0         0      
       i_tofd_t2.asm.obj              46      0         0      
       unlink.c.obj                   44      0         0      
       lseek.c.obj                    40      0         0      
       write.c.obj                    40      0         0      
       memchr.c.obj                   32      0         0      
       u_tofd_t2.asm.obj              32      0         0      
       memccpy.c.obj                  28      0         0      
       s_copysign.c.obj               26      0         0      
       strcmp.c.obj                   24      0         0      
       strchr.c.obj                   22      0         0      
       strcpy.c.obj                   20      0         0      
       strlen.c.obj                   20      0         0      
       wcslen.c.obj                   18      0         0      
       copy_decompress_none.c.obj     14      0         0      
       copy_zero_init.c.obj           12      0         0      
       errno.c.obj                    8       0         4      
       _lock.c.obj                    2       0         8      
       pre_init.c.obj                 4       0         0      
       div0.asm.obj                   2       0         0      
    +--+------------------------------+-------+---------+---------+
       Total:                         14003   305       944    
                                                               
       Heap:                          0       0         1024   
       Stack:                         0       0         2048   
       Linker Generated:              0       182       0      
    +--+------------------------------+-------+---------+---------+
       Grand Total:                   24851   1242      4826   


LINKER GENERATED COPY TABLES

__TI_cinit_table @ 000065f0 records: 3, size/record: 8, table size: 24
	.data: load addr=00006550, load size=00000082 bytes, run addr=200010c0, run size=00000223 bytes, compression=lzss
	.bss: load addr=000065e0, load size=00000008 bytes, run addr=20000e70, run size=0000024b bytes, compression=zero_init
	.vtable: load addr=000065e8, load size=00000008 bytes, run addr=20000000, run size=0000026c bytes, compression=zero_init


LINKER GENERATED HANDLER TABLE

__TI_handler_table @ 000065d4 records: 3, size/record: 4, table size: 12
	index: 0, handler: __TI_zero_init
	index: 1, handler: __TI_decompress_lzss
	index: 2, handler: __TI_decompress_none


GLOBAL SYMBOLS: SORTED ALPHABETICALLY BY Name 

address   name                               
-------   ----                               
00006389  C$$EXIT                            
00005f3b  C$$IO$$                            
00006349  CPUcpsie                           
200010a8  FieldEdgeFound                     
000023e3  FindStartPostition                 
00000bc3  GPIOF_Handler                      
0000423f  GetActualDistance                  
00003907  GetSonarDistance                   
00005d39  HOSTclose                          
00005745  HOSTlseek                          
000059a9  HOSTopen                           
00005a65  HOSTread                           
000056d9  HOSTrename                         
00005d7d  HOSTunlink                         
00005abd  HOSTwrite                          
00004229  IRDistanceScan                     
00004217  IRRawScan                          
0000631b  IntMasterEnable                    
00005fed  IntRegister                        
00006361  ResetISR                           
000038a5  SonarCalcDistance                  
000037a5  SonarConfig                        
000041f9  SonarScan                          
00003739  SonarSendStart                     
00002459  StopOnLine                         
00003857  Timer3Handler                      
20000e70  __CIOBUF_                          
20000a70  __STACK_END                        
00000800  __STACK_SIZE                       
20000470  __STACK_TOP                        
00000400  __SYSMEM_SIZE                      
000065f0  __TI_CINIT_Base                    
00006608  __TI_CINIT_Limit                   
000065d4  __TI_Handler_Table_Base            
000065e0  __TI_Handler_Table_Limit           
00005dc1  __TI_auto_init_nobinit_nopinit     
00006021  __TI_cleanup                       
200012b8  __TI_cleanup_ptr                   
000054a5  __TI_closefile                     
000057ad  __TI_decompress_lzss               
0000633b  __TI_decompress_none               
00005c11  __TI_doflush                       
200012bc  __TI_dtors_ptr                     
200012c0  __TI_enable_exit_profile_output    
200012a8  __TI_ft_end                        
00005b6b  __TI_ltoa                          
ffffffff  __TI_pprof_out_hndl                
00000e8d  __TI_printfi                       
ffffffff  __TI_prof_data_size                
ffffffff  __TI_prof_data_start               
00006055  __TI_readmsg                       
00000000  __TI_static_base__                 
20000f90  __TI_tmpnams                       
00005f0d  __TI_writemsg                      
00005945  __TI_wrt_ok                        
00006355  __TI_zero_init                     
0000531d  __aeabi_cdcmpeq                    
0000531d  __aeabi_cdcmple                    
000053a3  __aeabi_cdrcmple                   
0000566b  __aeabi_d2f                        
00005cf1  __aeabi_d2iz                       
00005e49  __aeabi_d2uiz                      
0000404b  __aeabi_dadd                       
00004795  __aeabi_ddiv                       
00004d15  __aeabi_dmul                       
00004041  __aeabi_dsub                       
0000636d  __aeabi_errno_addr                 
00005f7d  __aeabi_f2d                        
0000611d  __aeabi_i2d                        
000041f7  __aeabi_idiv0                      
000041f7  __aeabi_ldiv0                      
00005429  __aeabi_memclr                     
00005429  __aeabi_memclr4                    
00005429  __aeabi_memclr8                    
0000515f  __aeabi_memcpy                     
0000515f  __aeabi_memcpy4                    
0000515f  __aeabi_memcpy8                    
0000542b  __aeabi_memset                     
0000542b  __aeabi_memset4                    
0000542b  __aeabi_memset8                    
200012b4  __aeabi_stderr                     
200012ac  __aeabi_stdin                      
200012b0  __aeabi_stdout                     
00006211  __aeabi_ui2d                       
000051fb  __aeabi_uldivmod                   
ffffffff  __binit__                          
ffffffff  __c_args__                         
UNDEFED   __mpu_init                         
20000270  __stack                            
20000000  __start___llvm_prf_cnts            
20000000  __stop___llvm_prf_cnts             
00006089  _c_int00_noargs                    
00006390  _ctypes_                           
200011b0  _device                            
200010c0  _ftable                            
200012c4  _lock                              
000018db  _nop                               
200012e0  _running                           
20001228  _stream                            
20000a70  _sys_memory                        
UNDEFED   _system_post_cinit                 
00006385  _system_pre_init                   
200010ac  _timeout_ticks                     
200012c8  _unlock                            
00006389  abort                              
00002619  actually_move_until_detect_obstacle
00004ef5  adc_init                           
00004f71  adc_read                           
00004c15  aligned_alloc                      
00005c5d  atoi                               
00002a45  better_servo_init                  
ffffffff  binit                              
0000316f  botprintf                          
00005545  button_getButton                   
00005519  button_init                        
00005f45  calloc                             
000032b3  char_input                         
00005a09  close                              
00006269  copysign                           
00006269  copysignl                          
20001298  current_deg                        
200010b8  data_received                      
200012e2  data_received_flag                 
00002b01  deg_to_clk                         
0000229d  detect_cliff                       
200010b9  done                               
200012dc  errno                              
00005ca9  exit                               
200010b0  fallingTime                        
000060ed  finddevice                         
00005291  fputc                              
000049f1  fputs                              
00004e11  free                               
0000587d  frexp                              
0000587d  frexpl                             
000058e1  fseek                              
20000000  g_pfnRAMVectors                    
00000000  g_pfnVectors                       
000032fd  getChar                            
0000330d  getInt                             
00002ee5  get_deg                            
00005e05  getdevice                          
0000097f  go_charge                          
200010ba  high                               
0000331d  is_input                           
00002cd9  lab10_part2                        
0000632b  lcd_clear                          
000035e5  lcd_gotoLine                       
0000344d  lcd_init                           
0000364b  lcd_printf                         
0000350d  lcd_putc                           
00003545  lcd_puts                           
00003411  lcd_reverseNibble                  
00003563  lcd_sendCommand                    
000035a1  lcd_sendNibble                     
0000360d  lcd_setCursorPos                   
00004b05  ldexp                              
00004b05  ldexpl                             
000061a1  lseek                              
000043d1  main                               
00006375  malloc                             
00004c15  memalign                           
0000624d  memccpy                            
000061f1  memchr                             
0000515f  memcpy                             
00005431  memset                             
20001278  motor_cal_factor_L                 
2000127c  motor_cal_factor_R                 
000024af  move_around_cliff                  
000029ab  move_around_obstacle               
00002785  move_around_obstacles              
00002bd9  move_servo                         
0000253d  move_specific_distance             
0000026d  oi_alloc                           
00000aa9  oi_checkFirmware                   
000002c7  oi_close                           
00000279  oi_free                            
00000ded  oi_getMotorCalibrationLeft         
00000e01  oi_getMotorCalibrationRight        
000002b1  oi_init                            
00000289  oi_init_noupdate                   
00000915  oi_loadSong                        
0000629b  oi_parseInt                        
0000032b  oi_parsePacket                     
0000096b  oi_play_song                       
0000084b  oi_setLeds                         
00000db1  oi_setMotorCalibration             
0000088f  oi_setWheels                       
00000b51  oi_shutoff_init                    
0000098d  oi_uartInit                        
00000a31  oi_uartReceive                     
00000a77  oi_uartSendBuff                    
00000a15  oi_uartSendChar                    
00000a59  oi_uartSendStr                     
000002d9  oi_update                          
0000248b  on_detect_cliff                    
2000109c  parmbuf                            
000018dd  pow                                
000018dd  powl                               
000043b9  printScn                           
00005815  printf                             
00005291  putc                               
0000614d  remove                             
200010b4  risingTime                         
00004b05  scalbn                             
00004b05  scalbnl                            
200012d8  servo_180                          
00002bf3  servo_calibration                  
200012d4  servo_zero                         
00004fd1  setvbuf                            
00004381  simpleScam                         
00004501  sqrt                               
00004501  sqrtl                              
000062cb  strchr                             
000062b3  strcmp                             
000062e1  strcpy                             
000062f5  strlen                             
00005fb5  strncpy                            
00003d47  timer_getMicros                    
00003cef  timer_getMillis                    
00003c29  timer_init                         
00003ccb  timer_pause                        
00003cdd  timer_resume                       
00003ca1  timer_stop                         
00003da1  timer_waitMicros                   
00003dd3  timer_waitMillis                   
000022f7  turn_robot_degrees                 
00002b95  turn_servo_deg                     
000031a5  uart_error                         
00003055  uart_init                          
0000328d  uart_interrupt_handler             
0000326d  uart_interrupt_init                
00003207  uart_receive                       
00003151  uart_sendChar                      
00003253  uart_sendStr                       
0000614d  unlink                             
00005e8d  vsnprintf                          
00006309  wcslen                             
000061c9  write                              


GLOBAL SYMBOLS: SORTED BY Symbol Address 

address   name                               
-------   ----                               
00000000  __TI_static_base__                 
00000000  g_pfnVectors                       
0000026d  oi_alloc                           
00000279  oi_free                            
00000289  oi_init_noupdate                   
000002b1  oi_init                            
000002c7  oi_close                           
000002d9  oi_update                          
0000032b  oi_parsePacket                     
00000400  __SYSMEM_SIZE                      
00000800  __STACK_SIZE                       
0000084b  oi_setLeds                         
0000088f  oi_setWheels                       
00000915  oi_loadSong                        
0000096b  oi_play_song                       
0000097f  go_charge                          
0000098d  oi_uartInit                        
00000a15  oi_uartSendChar                    
00000a31  oi_uartReceive                     
00000a59  oi_uartSendStr                     
00000a77  oi_uartSendBuff                    
00000aa9  oi_checkFirmware                   
00000b51  oi_shutoff_init                    
00000bc3  GPIOF_Handler                      
00000db1  oi_setMotorCalibration             
00000ded  oi_getMotorCalibrationLeft         
00000e01  oi_getMotorCalibrationRight        
00000e8d  __TI_printfi                       
000018db  _nop                               
000018dd  pow                                
000018dd  powl                               
0000229d  detect_cliff                       
000022f7  turn_robot_degrees                 
000023e3  FindStartPostition                 
00002459  StopOnLine                         
0000248b  on_detect_cliff                    
000024af  move_around_cliff                  
0000253d  move_specific_distance             
00002619  actually_move_until_detect_obstacle
00002785  move_around_obstacles              
000029ab  move_around_obstacle               
00002a45  better_servo_init                  
00002b01  deg_to_clk                         
00002b95  turn_servo_deg                     
00002bd9  move_servo                         
00002bf3  servo_calibration                  
00002cd9  lab10_part2                        
00002ee5  get_deg                            
00003055  uart_init                          
00003151  uart_sendChar                      
0000316f  botprintf                          
000031a5  uart_error                         
00003207  uart_receive                       
00003253  uart_sendStr                       
0000326d  uart_interrupt_init                
0000328d  uart_interrupt_handler             
000032b3  char_input                         
000032fd  getChar                            
0000330d  getInt                             
0000331d  is_input                           
00003411  lcd_reverseNibble                  
0000344d  lcd_init                           
0000350d  lcd_putc                           
00003545  lcd_puts                           
00003563  lcd_sendCommand                    
000035a1  lcd_sendNibble                     
000035e5  lcd_gotoLine                       
0000360d  lcd_setCursorPos                   
0000364b  lcd_printf                         
00003739  SonarSendStart                     
000037a5  SonarConfig                        
00003857  Timer3Handler                      
000038a5  SonarCalcDistance                  
00003907  GetSonarDistance                   
00003c29  timer_init                         
00003ca1  timer_stop                         
00003ccb  timer_pause                        
00003cdd  timer_resume                       
00003cef  timer_getMillis                    
00003d47  timer_getMicros                    
00003da1  timer_waitMicros                   
00003dd3  timer_waitMillis                   
00004041  __aeabi_dsub                       
0000404b  __aeabi_dadd                       
000041f7  __aeabi_idiv0                      
000041f7  __aeabi_ldiv0                      
000041f9  SonarScan                          
00004217  IRRawScan                          
00004229  IRDistanceScan                     
0000423f  GetActualDistance                  
00004381  simpleScam                         
000043b9  printScn                           
000043d1  main                               
00004501  sqrt                               
00004501  sqrtl                              
00004795  __aeabi_ddiv                       
000049f1  fputs                              
00004b05  ldexp                              
00004b05  ldexpl                             
00004b05  scalbn                             
00004b05  scalbnl                            
00004c15  aligned_alloc                      
00004c15  memalign                           
00004d15  __aeabi_dmul                       
00004e11  free                               
00004ef5  adc_init                           
00004f71  adc_read                           
00004fd1  setvbuf                            
0000515f  __aeabi_memcpy                     
0000515f  __aeabi_memcpy4                    
0000515f  __aeabi_memcpy8                    
0000515f  memcpy                             
000051fb  __aeabi_uldivmod                   
00005291  fputc                              
00005291  putc                               
0000531d  __aeabi_cdcmpeq                    
0000531d  __aeabi_cdcmple                    
000053a3  __aeabi_cdrcmple                   
00005429  __aeabi_memclr                     
00005429  __aeabi_memclr4                    
00005429  __aeabi_memclr8                    
0000542b  __aeabi_memset                     
0000542b  __aeabi_memset4                    
0000542b  __aeabi_memset8                    
00005431  memset                             
000054a5  __TI_closefile                     
00005519  button_init                        
00005545  button_getButton                   
0000566b  __aeabi_d2f                        
000056d9  HOSTrename                         
00005745  HOSTlseek                          
000057ad  __TI_decompress_lzss               
00005815  printf                             
0000587d  frexp                              
0000587d  frexpl                             
000058e1  fseek                              
00005945  __TI_wrt_ok                        
000059a9  HOSTopen                           
00005a09  close                              
00005a65  HOSTread                           
00005abd  HOSTwrite                          
00005b6b  __TI_ltoa                          
00005c11  __TI_doflush                       
00005c5d  atoi                               
00005ca9  exit                               
00005cf1  __aeabi_d2iz                       
00005d39  HOSTclose                          
00005d7d  HOSTunlink                         
00005dc1  __TI_auto_init_nobinit_nopinit     
00005e05  getdevice                          
00005e49  __aeabi_d2uiz                      
00005e8d  vsnprintf                          
00005f0d  __TI_writemsg                      
00005f3b  C$$IO$$                            
00005f45  calloc                             
00005f7d  __aeabi_f2d                        
00005fb5  strncpy                            
00005fed  IntRegister                        
00006021  __TI_cleanup                       
00006055  __TI_readmsg                       
00006089  _c_int00_noargs                    
000060ed  finddevice                         
0000611d  __aeabi_i2d                        
0000614d  remove                             
0000614d  unlink                             
000061a1  lseek                              
000061c9  write                              
000061f1  memchr                             
00006211  __aeabi_ui2d                       
0000624d  memccpy                            
00006269  copysign                           
00006269  copysignl                          
0000629b  oi_parseInt                        
000062b3  strcmp                             
000062cb  strchr                             
000062e1  strcpy                             
000062f5  strlen                             
00006309  wcslen                             
0000631b  IntMasterEnable                    
0000632b  lcd_clear                          
0000633b  __TI_decompress_none               
00006349  CPUcpsie                           
00006355  __TI_zero_init                     
00006361  ResetISR                           
0000636d  __aeabi_errno_addr                 
00006375  malloc                             
00006385  _system_pre_init                   
00006389  C$$EXIT                            
00006389  abort                              
00006390  _ctypes_                           
000065d4  __TI_Handler_Table_Base            
000065e0  __TI_Handler_Table_Limit           
000065f0  __TI_CINIT_Base                    
00006608  __TI_CINIT_Limit                   
20000000  __start___llvm_prf_cnts            
20000000  __stop___llvm_prf_cnts             
20000000  g_pfnRAMVectors                    
20000270  __stack                            
20000470  __STACK_TOP                        
20000a70  __STACK_END                        
20000a70  _sys_memory                        
20000e70  __CIOBUF_                          
20000f90  __TI_tmpnams                       
2000109c  parmbuf                            
200010a8  FieldEdgeFound                     
200010ac  _timeout_ticks                     
200010b0  fallingTime                        
200010b4  risingTime                         
200010b8  data_received                      
200010b9  done                               
200010ba  high                               
200010c0  _ftable                            
200011b0  _device                            
20001228  _stream                            
20001278  motor_cal_factor_L                 
2000127c  motor_cal_factor_R                 
20001298  current_deg                        
200012a8  __TI_ft_end                        
200012ac  __aeabi_stdin                      
200012b0  __aeabi_stdout                     
200012b4  __aeabi_stderr                     
200012b8  __TI_cleanup_ptr                   
200012bc  __TI_dtors_ptr                     
200012c0  __TI_enable_exit_profile_output    
200012c4  _lock                              
200012c8  _unlock                            
200012d4  servo_zero                         
200012d8  servo_180                          
200012dc  errno                              
200012e0  _running                           
200012e2  data_received_flag                 
ffffffff  __TI_pprof_out_hndl                
ffffffff  __TI_prof_data_size                
ffffffff  __TI_prof_data_start               
ffffffff  __binit__                          
ffffffff  __c_args__                         
ffffffff  binit                              
UNDEFED   __mpu_init                         
UNDEFED   _system_post_cinit                 

[239 symbols]
