******************************************************************************
                  TI ARM Linker PC v20.2.4                     
******************************************************************************
>> Linked Mon Sep 27 16:56:24 2021

OUTPUT FILE NAME:   <Lab_3.out>
ENTRY POINT SYMBOL: "_c_int00_noargs"  address: 000042ad


MEMORY CONFIGURATION

         name            origin    length      used     unused   attr    fill
----------------------  --------  ---------  --------  --------  ----  --------
  FLASH                 00000000   00040000  00004658  0003b9a8  R  X
  SRAM                  20000000   00008000  00000f5a  000070a6  RW X


SEGMENT ALLOCATION MAP

run origin  load origin   length   init length attrs members
----------  ----------- ---------- ----------- ----- -------
00000000    00000000    00004658   00004658    r-x
  00000000    00000000    0000026c   0000026c    r-- .intvecs
  0000026c    0000026c    00004284   00004284    r-x .text
  000044f0    000044f0    00000118   00000118    r-- .const
  00004608    00004608    00000050   00000050    r-- .cinit
20000000    20000000    00000f61   00000000    rw-
  20000000    20000000    0000026c   00000000    rw- .vtable
  20000270    20000270    00000800   00000000    rw- .stack
  20000a70    20000a70    00000400   00000000    rw- .sysmem
  20000e70    20000e70    000000b5   00000000    rw- .bss
  20000f28    20000f28    00000039   00000000    rw- .data


SECTION ALLOCATION MAP

 output                                  attributes/
section   page    origin      length       input sections
--------  ----  ----------  ----------   ----------------
.intvecs   0    00000000    0000026c     
                  00000000    0000026c     tm4c123gh6pm_startup_ccs.obj (.intvecs)

.text      0    0000026c    00004284     
                  0000026c    00000c20     open_interface.obj (.text)
                  00000e8c    00000a4e     rtsv7M4_T_le_v4SPD16_eabi.lib : _printfi.c.obj (.text:__TI_printfi)
                  000018da    00000002                                   : _lock.c.obj (.text:_nop)
                  000018dc    000004d4     main.obj (.text)
                  00001db0    00000374     movement.obj (.text)
                  00002124    00000328     lcd.obj (.text)
                  0000244c    00000270     rtsv7M4_T_le_v4SPD16_eabi.lib : _printfi.c.obj (.text:_pconv_a)
                  000026bc    00000248     Timer.obj (.text)
                  00002904    000001ec     libcybotScan.lib : ping.obj (.text)
                  00002af0    000001d0     rtsv7M4_T_le_v4SPD16_eabi.lib : _printfi.c.obj (.text:_pconv_g)
                  00002cc0    000001b6                                   : fd_add_t2.asm.obj (.text)
                  00002e76    00000002                                   : div0.asm.obj (.text)
                  00002e78    0000015c     libcybotUART.lib : uart.obj (.text)
                  00002fd4    0000013c     rtsv7M4_T_le_v4SPD16_eabi.lib : _printfi.c.obj (.text:_pconv_e)
                  00003110    00000136                                   : fd_div_t2.asm.obj (.text)
                  00003246    00000002     --HOLE-- [fill = 0]
                  00003248    00000124                                   : _printfi.c.obj (.text:fcvt)
                  0000336c    00000124     libcybotScan.lib : servo.obj (.text)
                  00003490    00000118                      : ir.obj (.text)
                  000035a8    00000110     rtsv7M4_T_le_v4SPD16_eabi.lib : s_scalbn.c.obj (.text:scalbn)
                  000036b8    00000100                                   : memory.c.obj (.text:aligned_alloc)
                  000037b8    000000fc                                   : fd_mul_t2.asm.obj (.text)
                  000038b4    000000e4                                   : memory.c.obj (.text:free)
                  00003998    000000b1                                   : _printfi.c.obj (.text:_ltostr)
                  00003a49    00000001     --HOLE-- [fill = 0]
                  00003a4a    0000009c                                   : memcpy_t2.asm.obj (.text)
                  00003ae6    00000096                                   : ull_div_t2.asm.obj (.text)
                  00003b7c    00000086                                   : fd_cmp_t2.asm.obj (.text:__aeabi_cdcmple)
                  00003c02    00000086                                   : fd_cmp_t2.asm.obj (.text:__aeabi_cdrcmple)
                  00003c88    0000007a                                   : memset_t2.asm.obj (.text)
                  00003d02    00000002     --HOLE-- [fill = 0]
                  00003d04    00000070                                   : memory.c.obj (.text:split)
                  00003d74    0000006e                                   : _printfi.c.obj (.text:_mcpy)
                  00003de2    0000006e                                   : fd_tos_t2.asm.obj (.text)
                  00003e50    00000068                                   : copy_decompress_lzss.c.obj (.text:decompress:lzss:__TI_decompress_lzss)
                  00003eb8    00000064                                   : s_frexp.c.obj (.text:frexp)
                  00003f1c    00000058     libcybotScan.lib : cyBot_Scan.obj (.text)
                  00003f74    00000056     rtsv7M4_T_le_v4SPD16_eabi.lib : _printfi.c.obj (.text:_pconv_f)
                  00003fca    00000054                                   : _ltoa.c.obj (.text:__TI_ltoa)
                  0000401e    00000052                                   : _printfi.c.obj (.text:_ecpy)
                  00004070    0000004c                                   : atoi.c.obj (.text:atoi)
                  000040bc    00000048                                   : fd_toi_t2.asm.obj (.text)
                  00004104    00000044                                   : autoinit.c.obj (.text:__TI_auto_init_nobinit_nopinit:__TI_auto_init_nobinit_nopinit)
                  00004148    00000040                                   : sprintf.c.obj (.text:sprintf)
                  00004188    00000040                                   : vsnprintf.c.obj (.text:vsnprintf)
                  000041c8    0000003e                                   : _printfi.c.obj (.text:_fcpy)
                  00004206    00000002     --HOLE-- [fill = 0]
                  00004208    00000038                                   : memory.c.obj (.text:calloc)
                  00004240    00000038                                   : fs_tod_t2.asm.obj (.text)
                  00004278    00000034     driverlib.lib : interrupt.obj (.text:IntRegister)
                  000042ac    00000034     rtsv7M4_T_le_v4SPD16_eabi.lib : boot_cortex_m.c.obj (.text:_c_int00_noargs:_c_int00_noargs)
                  000042e0    00000030                                   : vsnprintf.c.obj (.text:_outs)
                  00004310    0000002e                                   : i_tofd_t2.asm.obj (.text)
                  0000433e    00000002     --HOLE-- [fill = 0]
                  00004340    00000028                                   : memory.c.obj (.text:free_list_insert)
                  00004368    0000001c                                   : copy_zero_init.c.obj (.text:decompress:ZI:__TI_zero_init_nomemset:__TI_zero_init_nomemset)
                  00004384    0000001c                                   : memory.c.obj (.text:free_list_remove)
                  000043a0    0000001c                                   : memccpy.c.obj (.text:memccpy)
                  000043bc    0000001a                                   : s_copysign.c.obj (.text:copysign)
                  000043d6    00000018                                   : vsnprintf.c.obj (.text:_outc)
                  000043ee    00000018                                   : sprintf.c.obj (.text:_outs)
                  00004406    00000018     open_interface.obj (.text:oi_parseInt)
                  0000441e    00000018     rtsv7M4_T_le_v4SPD16_eabi.lib : strcmp.c.obj (.text:strcmp)
                  00004436    00000016                                   : strchr.c.obj (.text:strchr)
                  0000444c    00000014                                   : strcpy.c.obj (.text:strcpy)
                  00004460    00000014                                   : strlen.c.obj (.text:strlen)
                  00004474    00000012                                   : wcslen.c.obj (.text:wcslen)
                  00004486    00000010     driverlib.lib : interrupt.obj (.text:IntMasterEnable)
                  00004496    00000010     lcd.obj (.text:lcd_clear)
                  000044a6    0000000e     rtsv7M4_T_le_v4SPD16_eabi.lib : copy_decompress_none.c.obj (.text:decompress:none:__TI_decompress_none)
                  000044b4    0000000c     driverlib.lib : cpu.obj (.text:CPUcpsie)
                  000044c0    0000000c     tm4c123gh6pm_startup_ccs.obj (.text)
                  000044cc    0000000a     rtsv7M4_T_le_v4SPD16_eabi.lib : sprintf.c.obj (.text:_outc)
                  000044d6    00000002     --HOLE-- [fill = 0]
                  000044d8    00000008                                   : errno.c.obj (.text:__aeabi_errno_addr)
                  000044e0    00000008                                   : memory.c.obj (.text:malloc)
                  000044e8    00000004                                   : pre_init.c.obj (.text:_system_pre_init)
                  000044ec    00000004                                   : exit.c.obj (.text:abort:abort)

.const     0    000044f0    00000118     
                  000044f0    00000101     rtsv7M4_T_le_v4SPD16_eabi.lib : ctype.c.obj (.const:.string:_ctypes_)
                  000045f1    0000000f     open_interface.obj (.const:.string:$P$T0$3)
                  00004600    00000004     lcd.obj (.const:.string:lineAddress$1)
                  00004604    00000004     lcd.obj (.const:.string:lineAddresses$2)

.cinit     0    00004608    00000050     
                  00004608    00000018     (.cinit..data.load) [load image, compression = lzss]
                  00004620    0000000c     (__TI_handler_table)
                  0000462c    00000004     --HOLE-- [fill = 0]
                  00004630    00000008     (.cinit..bss.load) [load image, compression = zero_init]
                  00004638    00000008     (.cinit..vtable.load) [load image, compression = zero_init]
                  00004640    00000018     (__TI_cinit_table)

.init_array 
*          0    00000000    00000000     UNINITIALIZED

.vtable    0    20000000    0000026c     UNINITIALIZED
                  20000000    0000026c     driverlib.lib : interrupt.obj (.vtable)

.stack     0    20000270    00000800     UNINITIALIZED
                  20000270    00000004     rtsv7M4_T_le_v4SPD16_eabi.lib : boot_cortex_m.c.obj (.stack)
                  20000274    000007fc     --HOLE--

.sysmem    0    20000a70    00000400     UNINITIALIZED
                  20000a70    00000010     rtsv7M4_T_le_v4SPD16_eabi.lib : memory.c.obj (.sysmem)
                  20000a80    000003f0     --HOLE--

.bss       0    20000e70    000000b5     UNINITIALIZED
                  20000e70    00000054     lcd.obj (.bss:lastbuffer$3)
                  20000ec4    00000034     (.common:isr_char_buffer)
                  20000ef8    00000018     open_interface.obj (.bss:firmware$2)
                  20000f10    00000004     (.common:_timeout_ticks)
                  20000f14    00000004     (.common:fallingEdge)
                  20000f18    00000004     (.common:isr_int_value)
                  20000f1c    00000004     (.common:pulseLength)
                  20000f20    00000004     (.common:risingEdge)
                  20000f24    00000001     (.common:isRisingEdge)

.data      0    20000f28    00000039     UNINITIALIZED
                  20000f28    00000020     open_interface.obj (.data)
                  20000f48    00000008     rtsv7M4_T_le_v4SPD16_eabi.lib : _lock.c.obj (.data:$O1$$)
                  20000f50    00000008                                   : memory.c.obj (.data:$O1$$)
                  20000f58    00000004     libcybotUART.lib : uart.obj (.data)
                  20000f5c    00000004     rtsv7M4_T_le_v4SPD16_eabi.lib : errno.c.obj (.data)
                  20000f60    00000001     Timer.obj (.data)

__llvm_prf_cnts 
*          0    20000000    00000000     UNINITIALIZED

MODULE SUMMARY

       Module                         code    ro data   rw data
       ------                         ----    -------   -------
    .\
       open_interface.obj             3128    15        56     
       main.obj                       1236    0         0      
       lcd.obj                        824     8         84     
       movement.obj                   884     0         0      
       tm4c123gh6pm_startup_ccs.obj   12      620       0      
       Timer.obj                      584     0         5      
    +--+------------------------------+-------+---------+---------+
       Total:                         6668    643       145    
                                                               
    ../libcybotScan.lib
       ping.obj                       492     0         13     
       servo.obj                      292     0         0      
       ir.obj                         280     0         4      
       cyBot_Scan.obj                 88      0         0      
    +--+------------------------------+-------+---------+---------+
       Total:                         1152    0         17     
                                                               
    ../libcybotUART.lib
       uart.obj                       348     0         56     
    +--+------------------------------+-------+---------+---------+
       Total:                         348     0         56     
                                                               
    C:/ti/TivaWare_C_Series-2.1.4.178/driverlib/ccs/Debug/driverlib.lib
       interrupt.obj                  68      0         620    
       cpu.obj                        12      0         0      
    +--+------------------------------+-------+---------+---------+
       Total:                         80      0         620    
                                                               
    C:\ti\ccs1031\ccs\tools\compiler\ti-cgt-arm_20.2.4.LTS\lib\rtsv7M4_T_le_v4SPD16_eabi.lib
       _printfi.c.obj                 4851    0         0      
       memory.c.obj                   728     0         8      
       fd_add_t2.asm.obj              438     0         0      
       fd_div_t2.asm.obj              310     0         0      
       s_scalbn.c.obj                 272     0         0      
       fd_cmp_t2.asm.obj              268     0         0      
       ctype.c.obj                    0       257       0      
       fd_mul_t2.asm.obj              252     0         0      
       memcpy_t2.asm.obj              156     0         0      
       ull_div_t2.asm.obj             150     0         0      
       vsnprintf.c.obj                136     0         0      
       memset_t2.asm.obj              122     0         0      
       fd_tos_t2.asm.obj              110     0         0      
       copy_decompress_lzss.c.obj     104     0         0      
       s_frexp.c.obj                  100     0         0      
       sprintf.c.obj                  98      0         0      
       _ltoa.c.obj                    84      0         0      
       atoi.c.obj                     76      0         0      
       fd_toi_t2.asm.obj              72      0         0      
       autoinit.c.obj                 68      0         0      
       fs_tod_t2.asm.obj              56      0         0      
       boot_cortex_m.c.obj            52      0         0      
       i_tofd_t2.asm.obj              46      0         0      
       copy_zero_init.c.obj           28      0         0      
       memccpy.c.obj                  28      0         0      
       s_copysign.c.obj               26      0         0      
       strcmp.c.obj                   24      0         0      
       strchr.c.obj                   22      0         0      
       strcpy.c.obj                   20      0         0      
       strlen.c.obj                   20      0         0      
       wcslen.c.obj                   18      0         0      
       copy_decompress_none.c.obj     14      0         0      
       errno.c.obj                    8       0         4      
       _lock.c.obj                    2       0         8      
       exit.c.obj                     4       0         0      
       pre_init.c.obj                 4       0         0      
       div0.asm.obj                   2       0         0      
    +--+------------------------------+-------+---------+---------+
       Total:                         8769    257       20     
                                                               
       Heap:                          0       0         1024   
       Stack:                         0       0         2048   
       Linker Generated:              0       76        0      
    +--+------------------------------+-------+---------+---------+
       Grand Total:                   17017   976       3930   


LINKER GENERATED COPY TABLES

__TI_cinit_table @ 00004640 records: 3, size/record: 8, table size: 24
	.data: load addr=00004608, load size=00000018 bytes, run addr=20000f28, run size=00000039 bytes, compression=lzss
	.bss: load addr=00004630, load size=00000008 bytes, run addr=20000e70, run size=000000b5 bytes, compression=zero_init
	.vtable: load addr=00004638, load size=00000008 bytes, run addr=20000000, run size=0000026c bytes, compression=zero_init


LINKER GENERATED HANDLER TABLE

__TI_handler_table @ 00004620 records: 3, size/record: 4, table size: 12
	index: 0, handler: __TI_zero_init
	index: 1, handler: __TI_decompress_lzss
	index: 2, handler: __TI_decompress_none


GLOBAL SYMBOLS: SORTED ALPHABETICALLY BY Name 

address   name                          
-------   ----                          
00003529  ADC0SS0_Handler               
000044ed  C$$EXIT                       
000044b5  CPUcpsie                      
000018dd  ControlMove                   
000019b1  CreateNewFoundObject          
00000bc3  GPIOF_Handler                 
00004487  IntMasterEnable               
00004279  IntRegister                   
00001e85  LeftBumperHit                 
000019e9  PrintToPutty                  
000044c1  ResetISR                      
00001ed1  RightBumperHit                
000029f5  TIMER3B_Handler               
20000a70  __STACK_END                   
00000800  __STACK_SIZE                  
20000470  __STACK_TOP                   
00000400  __SYSMEM_SIZE                 
00004640  __TI_CINIT_Base               
00004658  __TI_CINIT_Limit              
00004620  __TI_Handler_Table_Base       
0000462c  __TI_Handler_Table_Limit      
00004105  __TI_auto_init_nobinit_nopinit
00003e51  __TI_decompress_lzss          
000044a7  __TI_decompress_none          
00003fcb  __TI_ltoa                     
ffffffff  __TI_pprof_out_hndl           
00000e8d  __TI_printfi                  
ffffffff  __TI_prof_data_size           
ffffffff  __TI_prof_data_start          
00000000  __TI_static_base__            
00004369  __TI_zero_init_nomemset       
00003b7d  __aeabi_cdcmpeq               
00003b7d  __aeabi_cdcmple               
00003c03  __aeabi_cdrcmple              
00003de3  __aeabi_d2f                   
000040bd  __aeabi_d2iz                  
00002ccb  __aeabi_dadd                  
00003111  __aeabi_ddiv                  
000037b9  __aeabi_dmul                  
00002cc1  __aeabi_dsub                  
000044d9  __aeabi_errno_addr            
00004241  __aeabi_f2d                   
00004311  __aeabi_i2d                   
00002e77  __aeabi_idiv0                 
00002e77  __aeabi_ldiv0                 
00003c89  __aeabi_memclr                
00003c89  __aeabi_memclr4               
00003c89  __aeabi_memclr8               
00003a4b  __aeabi_memcpy                
00003a4b  __aeabi_memcpy4               
00003a4b  __aeabi_memcpy8               
00003c8b  __aeabi_memset                
00003c8b  __aeabi_memset4               
00003c8b  __aeabi_memset8               
00003ae7  __aeabi_uldivmod              
ffffffff  __binit__                     
ffffffff  __c_args__                    
UNDEFED   __mpu_init                    
20000270  __stack                       
20000000  __start___llvm_prf_cnts       
20000000  __stop___llvm_prf_cnts        
000042ad  _c_int00_noargs               
000044f0  _ctypes_                      
20000f48  _lock                         
000018db  _nop                          
20000f60  _running                      
20000a70  _sys_memory                   
UNDEFED   _system_post_cinit            
000044e9  _system_pre_init              
20000f10  _timeout_ticks                
20000f4c  _unlock                       
000044ed  abort                         
00001f95  adjustForHardware             
000036b9  aligned_alloc                 
00004071  atoi                          
ffffffff  binit                         
00004209  calloc                        
000043bd  copysign                      
000043bd  copysignl                     
00003f2d  cyBOT_Scan                    
00003f1d  cyBOT_init_Scan               
00002f81  cyBot_UART1_Handler           
00002f67  cyBot_getByte                 
00002e79  cyBot_sendByte                
00002f49  cyBot_uart_flush              
00002eb7  cyBot_uart_init               
00002e9f  cyBot_uart_sendBuffer         
00002e85  cyBot_uart_sendStr            
20000f5c  errno                         
20000f14  fallingEdge                   
000038b5  free                          
00003eb9  frexp                         
00003eb9  frexpl                        
20000000  g_pfnRAMVectors               
00000000  g_pfnVectors                  
0000097f  go_charge                     
0000353f  ir_enableInterrupt            
00003521  ir_getDistance                
000034f9  ir_getValue                   
00003491  ir_init                       
00001975  isNotNewObject                
20000f24  isRisingEdge                  
20000ec4  isr_char_buffer               
20000f58  isr_counter                   
20000f18  isr_int_value                 
00004497  lcd_clear                     
000022f9  lcd_gotoLine                  
00002161  lcd_init                      
0000235f  lcd_printf                    
00002221  lcd_putc                      
00002259  lcd_puts                      
00002125  lcd_reverseNibble             
00002277  lcd_sendCommand               
000022b5  lcd_sendNibble                
00002321  lcd_setCursorPos              
000035a9  ldexp                         
000035a9  ldexpl                        
00001a15  main                          
000044e1  malloc                        
000036b9  memalign                      
000043a1  memccpy                       
00003a4b  memcpy                        
00003c91  memset                        
20000f28  motor_cal_factor_L            
20000f2c  motor_cal_factor_R            
00001dbd  move                          
0000026d  oi_alloc                      
00000aa9  oi_checkFirmware              
000002c7  oi_close                      
00000279  oi_free                       
00000ded  oi_getMotorCalibrationLeft    
00000e01  oi_getMotorCalibrationRight   
000002b1  oi_init                       
00000289  oi_init_noupdate              
00000915  oi_loadSong                   
00004407  oi_parseInt                   
0000032b  oi_parsePacket                
0000096b  oi_play_song                  
0000084b  oi_setLeds                    
00000db1  oi_setMotorCalibration        
0000088f  oi_setWheels                  
00000b51  oi_shutoff_init               
0000098d  oi_uartInit                   
00000a31  oi_uartReceive                
00000a77  oi_uartSendBuff               
00000a15  oi_uartSendChar               
00000a59  oi_uartSendStr                
000002d9  oi_update                     
00002a47  ping_getDistance              
00002905  ping_init                     
0000298b  ping_trigger                  
20000f1c  pulseLength                   
00001f1d  reverse                       
20000f20  risingEdge                    
00001fb3  rotateLeft                    
0000203d  rotateRight                   
000035a9  scalbn                        
000035a9  scalbnl                       
0000336d  servo_init                    
000033f1  servo_move                    
0000343b  servo_setPWM                  
000033e5  servo_stop                    
00004149  sprintf                       
00001db1  stopWheels                    
00004437  strchr                        
0000441f  strcmp                        
0000444d  strcpy                        
00004461  strlen                        
000027db  timer_getMicros               
00002783  timer_getMillis               
000026bd  timer_init                    
0000275f  timer_pause                   
00002771  timer_resume                  
00002735  timer_stop                    
00002835  timer_waitMicros              
00002867  timer_waitMillis              
00004189  vsnprintf                     
00004475  wcslen                        


GLOBAL SYMBOLS: SORTED BY Symbol Address 

address   name                          
-------   ----                          
00000000  __TI_static_base__            
00000000  g_pfnVectors                  
0000026d  oi_alloc                      
00000279  oi_free                       
00000289  oi_init_noupdate              
000002b1  oi_init                       
000002c7  oi_close                      
000002d9  oi_update                     
0000032b  oi_parsePacket                
00000400  __SYSMEM_SIZE                 
00000800  __STACK_SIZE                  
0000084b  oi_setLeds                    
0000088f  oi_setWheels                  
00000915  oi_loadSong                   
0000096b  oi_play_song                  
0000097f  go_charge                     
0000098d  oi_uartInit                   
00000a15  oi_uartSendChar               
00000a31  oi_uartReceive                
00000a59  oi_uartSendStr                
00000a77  oi_uartSendBuff               
00000aa9  oi_checkFirmware              
00000b51  oi_shutoff_init               
00000bc3  GPIOF_Handler                 
00000db1  oi_setMotorCalibration        
00000ded  oi_getMotorCalibrationLeft    
00000e01  oi_getMotorCalibrationRight   
00000e8d  __TI_printfi                  
000018db  _nop                          
000018dd  ControlMove                   
00001975  isNotNewObject                
000019b1  CreateNewFoundObject          
000019e9  PrintToPutty                  
00001a15  main                          
00001db1  stopWheels                    
00001dbd  move                          
00001e85  LeftBumperHit                 
00001ed1  RightBumperHit                
00001f1d  reverse                       
00001f95  adjustForHardware             
00001fb3  rotateLeft                    
0000203d  rotateRight                   
00002125  lcd_reverseNibble             
00002161  lcd_init                      
00002221  lcd_putc                      
00002259  lcd_puts                      
00002277  lcd_sendCommand               
000022b5  lcd_sendNibble                
000022f9  lcd_gotoLine                  
00002321  lcd_setCursorPos              
0000235f  lcd_printf                    
000026bd  timer_init                    
00002735  timer_stop                    
0000275f  timer_pause                   
00002771  timer_resume                  
00002783  timer_getMillis               
000027db  timer_getMicros               
00002835  timer_waitMicros              
00002867  timer_waitMillis              
00002905  ping_init                     
0000298b  ping_trigger                  
000029f5  TIMER3B_Handler               
00002a47  ping_getDistance              
00002cc1  __aeabi_dsub                  
00002ccb  __aeabi_dadd                  
00002e77  __aeabi_idiv0                 
00002e77  __aeabi_ldiv0                 
00002e79  cyBot_sendByte                
00002e85  cyBot_uart_sendStr            
00002e9f  cyBot_uart_sendBuffer         
00002eb7  cyBot_uart_init               
00002f49  cyBot_uart_flush              
00002f67  cyBot_getByte                 
00002f81  cyBot_UART1_Handler           
00003111  __aeabi_ddiv                  
0000336d  servo_init                    
000033e5  servo_stop                    
000033f1  servo_move                    
0000343b  servo_setPWM                  
00003491  ir_init                       
000034f9  ir_getValue                   
00003521  ir_getDistance                
00003529  ADC0SS0_Handler               
0000353f  ir_enableInterrupt            
000035a9  ldexp                         
000035a9  ldexpl                        
000035a9  scalbn                        
000035a9  scalbnl                       
000036b9  aligned_alloc                 
000036b9  memalign                      
000037b9  __aeabi_dmul                  
000038b5  free                          
00003a4b  __aeabi_memcpy                
00003a4b  __aeabi_memcpy4               
00003a4b  __aeabi_memcpy8               
00003a4b  memcpy                        
00003ae7  __aeabi_uldivmod              
00003b7d  __aeabi_cdcmpeq               
00003b7d  __aeabi_cdcmple               
00003c03  __aeabi_cdrcmple              
00003c89  __aeabi_memclr                
00003c89  __aeabi_memclr4               
00003c89  __aeabi_memclr8               
00003c8b  __aeabi_memset                
00003c8b  __aeabi_memset4               
00003c8b  __aeabi_memset8               
00003c91  memset                        
00003de3  __aeabi_d2f                   
00003e51  __TI_decompress_lzss          
00003eb9  frexp                         
00003eb9  frexpl                        
00003f1d  cyBOT_init_Scan               
00003f2d  cyBOT_Scan                    
00003fcb  __TI_ltoa                     
00004071  atoi                          
000040bd  __aeabi_d2iz                  
00004105  __TI_auto_init_nobinit_nopinit
00004149  sprintf                       
00004189  vsnprintf                     
00004209  calloc                        
00004241  __aeabi_f2d                   
00004279  IntRegister                   
000042ad  _c_int00_noargs               
00004311  __aeabi_i2d                   
00004369  __TI_zero_init_nomemset       
000043a1  memccpy                       
000043bd  copysign                      
000043bd  copysignl                     
00004407  oi_parseInt                   
0000441f  strcmp                        
00004437  strchr                        
0000444d  strcpy                        
00004461  strlen                        
00004475  wcslen                        
00004487  IntMasterEnable               
00004497  lcd_clear                     
000044a7  __TI_decompress_none          
000044b5  CPUcpsie                      
000044c1  ResetISR                      
000044d9  __aeabi_errno_addr            
000044e1  malloc                        
000044e9  _system_pre_init              
000044ed  C$$EXIT                       
000044ed  abort                         
000044f0  _ctypes_                      
00004620  __TI_Handler_Table_Base       
0000462c  __TI_Handler_Table_Limit      
00004640  __TI_CINIT_Base               
00004658  __TI_CINIT_Limit              
20000000  __start___llvm_prf_cnts       
20000000  __stop___llvm_prf_cnts        
20000000  g_pfnRAMVectors               
20000270  __stack                       
20000470  __STACK_TOP                   
20000a70  __STACK_END                   
20000a70  _sys_memory                   
20000ec4  isr_char_buffer               
20000f10  _timeout_ticks                
20000f14  fallingEdge                   
20000f18  isr_int_value                 
20000f1c  pulseLength                   
20000f20  risingEdge                    
20000f24  isRisingEdge                  
20000f28  motor_cal_factor_L            
20000f2c  motor_cal_factor_R            
20000f48  _lock                         
20000f4c  _unlock                       
20000f58  isr_counter                   
20000f5c  errno                         
20000f60  _running                      
ffffffff  __TI_pprof_out_hndl           
ffffffff  __TI_prof_data_size           
ffffffff  __TI_prof_data_start          
ffffffff  __binit__                     
ffffffff  __c_args__                    
ffffffff  binit                         
UNDEFED   __mpu_init                    
UNDEFED   _system_post_cinit            

[178 symbols]
