******************************************************************************
                  TI ARM Linker PC v20.2.4                     
******************************************************************************
>> Linked Thu Nov 11 16:09:13 2021

OUTPUT FILE NAME:   <Lab_4.out>
ENTRY POINT SYMBOL: "_c_int00_noargs"  address: 00005811


MEMORY CONFIGURATION

         name            origin    length      used     unused   attr    fill
----------------------  --------  ---------  --------  --------  ----  --------
  FLASH                 00000000   00040000  00005bef  0003a411  R  X
  SRAM                  20000000   00008000  00000f43  000070bd  RW X


SEGMENT ALLOCATION MAP

run origin  load origin   length   init length attrs members
----------  ----------- ---------- ----------- ----- -------
00000000    00000000    00005bf8   00005bf8    r-x
  00000000    00000000    0000026c   0000026c    r-- .intvecs
  0000026c    0000026c    000057e8   000057e8    r-x .text
  00005a58    00005a58    0000014b   0000014b    r-- .const
  00005ba8    00005ba8    00000050   00000050    r-- .cinit
20000000    20000000    00000f4a   00000000    rw-
  20000000    20000000    0000026c   00000000    rw- .vtable
  20000270    20000270    00000800   00000000    rw- .stack
  20000a70    20000a70    00000400   00000000    rw- .sysmem
  20000e70    20000e70    000000a1   00000000    rw- .bss
  20000f14    20000f14    00000036   00000000    rw- .data


SECTION ALLOCATION MAP

 output                                  attributes/
section   page    origin      length       input sections
--------  ----  ----------  ----------   ----------------
.intvecs   0    00000000    0000026c     
                  00000000    0000026c     tm4c123gh6pm_startup_ccs.obj (.intvecs)

.text      0    0000026c    000057e8     
                  0000026c    00000c20     open_interface.obj (.text)
                  00000e8c    00000a4e     rtsv7M4_T_le_v4SPD16_eabi.lib : _printfi.c.obj (.text:__TI_printfi)
                  000018da    00000002                                   : _lock.c.obj (.text:_nop)
                  000018dc    000009c0                                   : e_pow.c.obj (.text:pow)
                  0000229c    0000071c     main.obj (.text)
                  000029b8    00000424     movement.obj (.text)
                  00002ddc    00000328     lcd.obj (.text)
                  00003104    00000270     rtsv7M4_T_le_v4SPD16_eabi.lib : _printfi.c.obj (.text:_pconv_a)
                  00003374    00000254     sonar.obj (.text)
                  000035c8    00000248     Timer.obj (.text)
                  00003810    000001ec     libcybotScan.lib : cyBot_Scan.obj (.text)
                  000039fc    000001ec                      : ping.obj (.text)
                  00003be8    000001d0     rtsv7M4_T_le_v4SPD16_eabi.lib : _printfi.c.obj (.text:_pconv_g)
                  00003db8    000001b6                                   : fd_add_t2.asm.obj (.text)
                  00003f6e    00000002                                   : div0.asm.obj (.text)
                  00003f70    00000190     servo.obj (.text)
                  00004100    00000170     uart.obj (.text)
                  00004270    00000158     libcybotScan.lib : servo.obj (.text)
                  000043c8    00000158     rtsv7M4_T_le_v4SPD16_eabi.lib : e_sqrt.c.obj (.text:sqrt)
                  00004520    0000013c                                   : _printfi.c.obj (.text:_pconv_e)
                  0000465c    00000136                                   : fd_div_t2.asm.obj (.text)
                  00004792    00000002     --HOLE-- [fill = 0]
                  00004794    00000124                                   : _printfi.c.obj (.text:fcvt)
                  000048b8    00000118     libcybotScan.lib : ir.obj (.text)
                  000049d0    00000110     rtsv7M4_T_le_v4SPD16_eabi.lib : s_scalbn.c.obj (.text:scalbn)
                  00004ae0    00000100                                   : memory.c.obj (.text:aligned_alloc)
                  00004be0    000000fc                                   : fd_mul_t2.asm.obj (.text)
                  00004cdc    000000e4                                   : memory.c.obj (.text:free)
                  00004dc0    000000dc     adc.obj (.text)
                  00004e9c    000000b1     rtsv7M4_T_le_v4SPD16_eabi.lib : _printfi.c.obj (.text:_ltostr)
                  00004f4d    00000001     --HOLE-- [fill = 0]
                  00004f4e    0000009c                                   : memcpy_t2.asm.obj (.text)
                  00004fea    00000096                                   : ull_div_t2.asm.obj (.text)
                  00005080    00000086                                   : fd_cmp_t2.asm.obj (.text:__aeabi_cdcmple)
                  00005106    00000086                                   : fd_cmp_t2.asm.obj (.text:__aeabi_cdrcmple)
                  0000518c    0000007a                                   : memset_t2.asm.obj (.text)
                  00005206    00000002     --HOLE-- [fill = 0]
                  00005208    00000074     button.obj (.text)
                  0000527c    00000070     rtsv7M4_T_le_v4SPD16_eabi.lib : memory.c.obj (.text:split)
                  000052ec    0000006e                                   : _printfi.c.obj (.text:_mcpy)
                  0000535a    0000006e                                   : fd_tos_t2.asm.obj (.text)
                  000053c8    00000068                                   : copy_decompress_lzss.c.obj (.text:decompress:lzss:__TI_decompress_lzss)
                  00005430    00000064                                   : s_frexp.c.obj (.text:frexp)
                  00005494    00000056                                   : _printfi.c.obj (.text:_pconv_f)
                  000054ea    00000054                                   : _ltoa.c.obj (.text:__TI_ltoa)
                  0000553e    00000052                                   : _printfi.c.obj (.text:_ecpy)
                  00005590    0000004c                                   : atoi.c.obj (.text:atoi)
                  000055dc    00000048                                   : fd_toi_t2.asm.obj (.text)
                  00005624    00000044                                   : autoinit.c.obj (.text:__TI_auto_init_nobinit_nopinit:__TI_auto_init_nobinit_nopinit)
                  00005668    00000044                                   : fd_tou_t2.asm.obj (.text)
                  000056ac    00000040                                   : sprintf.c.obj (.text:sprintf)
                  000056ec    00000040                                   : vsnprintf.c.obj (.text:vsnprintf)
                  0000572c    0000003e                                   : _printfi.c.obj (.text:_fcpy)
                  0000576a    00000002     --HOLE-- [fill = 0]
                  0000576c    00000038                                   : memory.c.obj (.text:calloc)
                  000057a4    00000038                                   : fs_tod_t2.asm.obj (.text)
                  000057dc    00000034     driverlib.lib : interrupt.obj (.text:IntRegister)
                  00005810    00000034     rtsv7M4_T_le_v4SPD16_eabi.lib : boot_cortex_m.c.obj (.text:_c_int00_noargs:_c_int00_noargs)
                  00005844    00000030                                   : vsnprintf.c.obj (.text:_outs)
                  00005874    0000002e                                   : i_tofd_t2.asm.obj (.text)
                  000058a2    00000002     --HOLE-- [fill = 0]
                  000058a4    00000028                                   : memory.c.obj (.text:free_list_insert)
                  000058cc    0000001c                                   : copy_zero_init.c.obj (.text:decompress:ZI:__TI_zero_init_nomemset:__TI_zero_init_nomemset)
                  000058e8    0000001c                                   : memory.c.obj (.text:free_list_remove)
                  00005904    0000001c                                   : memccpy.c.obj (.text:memccpy)
                  00005920    0000001a                                   : s_copysign.c.obj (.text:copysign)
                  0000593a    00000018                                   : vsnprintf.c.obj (.text:_outc)
                  00005952    00000018                                   : sprintf.c.obj (.text:_outs)
                  0000596a    00000018     open_interface.obj (.text:oi_parseInt)
                  00005982    00000018     rtsv7M4_T_le_v4SPD16_eabi.lib : strcmp.c.obj (.text:strcmp)
                  0000599a    00000016                                   : strchr.c.obj (.text:strchr)
                  000059b0    00000014                                   : strcpy.c.obj (.text:strcpy)
                  000059c4    00000014                                   : strlen.c.obj (.text:strlen)
                  000059d8    00000012                                   : wcslen.c.obj (.text:wcslen)
                  000059ea    00000010     driverlib.lib : interrupt.obj (.text:IntMasterEnable)
                  000059fa    00000010     lcd.obj (.text:lcd_clear)
                  00005a0a    0000000e     rtsv7M4_T_le_v4SPD16_eabi.lib : copy_decompress_none.c.obj (.text:decompress:none:__TI_decompress_none)
                  00005a18    0000000c     driverlib.lib : cpu.obj (.text:CPUcpsie)
                  00005a24    0000000c     tm4c123gh6pm_startup_ccs.obj (.text)
                  00005a30    0000000a     rtsv7M4_T_le_v4SPD16_eabi.lib : sprintf.c.obj (.text:_outc)
                  00005a3a    00000002     --HOLE-- [fill = 0]
                  00005a3c    00000008                                   : errno.c.obj (.text:__aeabi_errno_addr)
                  00005a44    00000008                                   : memory.c.obj (.text:malloc)
                  00005a4c    00000004                                   : pre_init.c.obj (.text:_system_pre_init)
                  00005a50    00000004                                   : exit.c.obj (.text:abort:abort)

.const     0    00005a58    0000014b     
                  00005a58    00000101     rtsv7M4_T_le_v4SPD16_eabi.lib : ctype.c.obj (.const:.string:_ctypes_)
                  00005b59    00000004     lcd.obj (.const:.string:lineAddress$1)
                  00005b5d    00000003     --HOLE-- [fill = 0]
                  00005b60    00000030     rtsv7M4_T_le_v4SPD16_eabi.lib : e_pow.c.obj (.const:$O1$$)
                  00005b90    0000000f     open_interface.obj (.const:.string:$P$T0$3)
                  00005b9f    00000004     lcd.obj (.const:.string:lineAddresses$2)

.cinit     0    00005ba8    00000050     
                  00005ba8    00000018     (.cinit..data.load) [load image, compression = lzss]
                  00005bc0    0000000c     (__TI_handler_table)
                  00005bcc    00000004     --HOLE-- [fill = 0]
                  00005bd0    00000008     (.cinit..bss.load) [load image, compression = zero_init]
                  00005bd8    00000008     (.cinit..vtable.load) [load image, compression = zero_init]
                  00005be0    00000018     (__TI_cinit_table)

.init_array 
*          0    00000000    00000000     UNINITIALIZED

.vtable    0    20000000    0000026c     UNINITIALIZED
                  20000000    0000026c     driverlib.lib : interrupt.obj (.vtable)

.stack     0    20000270    00000800     UNINITIALIZED
                  20000270    00000004     rtsv7M4_T_le_v4SPD16_eabi.lib : boot_cortex_m.c.obj (.stack)
                  20000274    000007fc     --HOLE--

.sysmem    0    20000a70    00000400     UNINITIALIZED
                  20000a70    00000010     rtsv7M4_T_le_v4SPD16_eabi.lib : memory.c.obj (.sysmem)
                  20000a80    000003f0     --HOLE--

.bss       0    20000e70    000000a1     UNINITIALIZED
                  20000e70    00000054     lcd.obj (.bss:lastbuffer$3)
                  20000ec4    00000018     open_interface.obj (.bss:firmware$2)
                  20000edc    00000004     (.common:_timeout_ticks)
                  20000ee0    00000004     (.common:fallingEdge)
                  20000ee4    00000004     (.common:fallingTime)
                  20000ee8    00000004     (.common:isr_int_value)
                  20000eec    00000004     (.common:leftValue)
                  20000ef0    00000004     (.common:left_calibration_value)
                  20000ef4    00000004     (.common:pulseLength)
                  20000ef8    00000004     (.common:pulsePeriod)
                  20000efc    00000004     (.common:rightValue)
                  20000f00    00000004     (.common:right_calibration_value)
                  20000f04    00000004     (.common:risingEdge)
                  20000f08    00000004     (.common:risingTime)
                  20000f0c    00000001     (.common:contact)
                  20000f0d    00000001     (.common:data)
                  20000f0e    00000001     (.common:done)
                  20000f0f    00000001     (.common:high)
                  20000f10    00000001     (.common:isRisingEdge)

.data      0    20000f14    00000036     UNINITIALIZED
                  20000f14    00000020     open_interface.obj (.data)
                  20000f34    00000008     rtsv7M4_T_le_v4SPD16_eabi.lib : _lock.c.obj (.data:$O1$$)
                  20000f3c    00000008                                   : memory.c.obj (.data:$O1$$)
                  20000f44    00000004                                   : errno.c.obj (.data)
                  20000f48    00000001     Timer.obj (.data)
                  20000f49    00000001     button.obj (.data)

__llvm_prf_cnts 
*          0    20000000    00000000     UNINITIALIZED

MODULE SUMMARY

       Module                         code    ro data   rw data
       ------                         ----    -------   -------
    .\
       open_interface.obj             3128    15        56     
       main.obj                       1820    0         31     
       movement.obj                   1060    0         0      
       lcd.obj                        824     8         84     
       tm4c123gh6pm_startup_ccs.obj   12      620       0      
       sonar.obj                      596     0         0      
       Timer.obj                      584     0         5      
       servo.obj                      400     0         0      
       uart.obj                       368     0         1      
       adc.obj                        220     0         0      
       button.obj                     116     0         1      
    +--+------------------------------+-------+---------+---------+
       Total:                         9128    643       178    
                                                               
    ../libcybotScan.lib
       ping.obj                       492     0         13     
       cyBot_Scan.obj                 492     0         0      
       servo.obj                      344     0         0      
       ir.obj                         280     0         4      
    +--+------------------------------+-------+---------+---------+
       Total:                         1608    0         17     
                                                               
    C:/ti/TivaWare_C_Series-2.1.4.178/driverlib/ccs/Debug/driverlib.lib
       interrupt.obj                  68      0         620    
       cpu.obj                        12      0         0      
    +--+------------------------------+-------+---------+---------+
       Total:                         80      0         620    
                                                               
    C:\ti\ccs1031\ccs\tools\compiler\ti-cgt-arm_20.2.4.LTS\lib\rtsv7M4_T_le_v4SPD16_eabi.lib
       _printfi.c.obj                 4851    0         0      
       e_pow.c.obj                    2496    48        0      
       memory.c.obj                   728     0         8      
       fd_add_t2.asm.obj              438     0         0      
       e_sqrt.c.obj                   344     0         0      
       fd_div_t2.asm.obj              310     0         0      
       s_scalbn.c.obj                 272     0         0      
       fd_cmp_t2.asm.obj              268     0         0      
       ctype.c.obj                    0       257       0      
       fd_mul_t2.asm.obj              252     0         0      
       memcpy_t2.asm.obj              156     0         0      
       ull_div_t2.asm.obj             150     0         0      
       vsnprintf.c.obj                136     0         0      
       memset_t2.asm.obj              122     0         0      
       fd_tos_t2.asm.obj              110     0         0      
       copy_decompress_lzss.c.obj     104     0         0      
       s_frexp.c.obj                  100     0         0      
       sprintf.c.obj                  98      0         0      
       _ltoa.c.obj                    84      0         0      
       atoi.c.obj                     76      0         0      
       fd_toi_t2.asm.obj              72      0         0      
       autoinit.c.obj                 68      0         0      
       fd_tou_t2.asm.obj              68      0         0      
       fs_tod_t2.asm.obj              56      0         0      
       boot_cortex_m.c.obj            52      0         0      
       i_tofd_t2.asm.obj              46      0         0      
       copy_zero_init.c.obj           28      0         0      
       memccpy.c.obj                  28      0         0      
       s_copysign.c.obj               26      0         0      
       strcmp.c.obj                   24      0         0      
       strchr.c.obj                   22      0         0      
       strcpy.c.obj                   20      0         0      
       strlen.c.obj                   20      0         0      
       wcslen.c.obj                   18      0         0      
       copy_decompress_none.c.obj     14      0         0      
       errno.c.obj                    8       0         4      
       _lock.c.obj                    2       0         8      
       exit.c.obj                     4       0         0      
       pre_init.c.obj                 4       0         0      
       div0.asm.obj                   2       0         0      
    +--+------------------------------+-------+---------+---------+
       Total:                         11677   305       20     
                                                               
       Heap:                          0       0         1024   
       Stack:                         0       0         2048   
       Linker Generated:              0       76        0      
    +--+------------------------------+-------+---------+---------+
       Grand Total:                   22493   1024      3907   


LINKER GENERATED COPY TABLES

__TI_cinit_table @ 00005be0 records: 3, size/record: 8, table size: 24
	.data: load addr=00005ba8, load size=00000018 bytes, run addr=20000f14, run size=00000036 bytes, compression=lzss
	.bss: load addr=00005bd0, load size=00000008 bytes, run addr=20000e70, run size=000000a1 bytes, compression=zero_init
	.vtable: load addr=00005bd8, load size=00000008 bytes, run addr=20000000, run size=0000026c bytes, compression=zero_init


LINKER GENERATED HANDLER TABLE

__TI_handler_table @ 00005bc0 records: 3, size/record: 4, table size: 12
	index: 0, handler: __TI_zero_init
	index: 1, handler: __TI_decompress_lzss
	index: 2, handler: __TI_decompress_none


GLOBAL SYMBOLS: SORTED ALPHABETICALLY BY Name 

address   name                          
-------   ----                          
00004951  ADC0SS0_Handler               
00005a51  C$$EXIT                       
00005a19  CPUcpsie                      
00002d21  ControlMove                   
000022c1  CreateNewFoundObject          
00002565  FindThinestObject             
00000bc3  GPIOF_Handler                 
00002353  GetActualDistance             
0000351b  GetSonarDistance              
0000245b  IRDistanceScan                
00002443  IRRawScan                     
000024b9  IdentifyObjects               
000059eb  IntMasterEnable               
000057dd  IntRegister                   
00002a8f  LeftBumperHit                 
00002477  LogScan                       
000026ef  Mission                       
0000285f  PrintIRValue                  
00002327  PrintToPutty                  
00005a25  ResetISR                      
0000409f  ResetServo                    
00002ae1  RightBumperHit                
0000404d  RotateServo                   
00002661  RotateTowardsObject           
00003ffd  ServoConfigure                
00003f71  ServoInit                     
000034b9  SonarCalcDistance             
000033d1  SonarConfig                   
0000229d  SonarScan                     
00003375  SonarSendStart                
00003aed  TIMER3B_Handler               
0000346d  Timer3Handler                 
000041ed  UART1_Handler                 
20000a70  __STACK_END                   
00000800  __STACK_SIZE                  
20000470  __STACK_TOP                   
00000400  __SYSMEM_SIZE                 
00005be0  __TI_CINIT_Base               
00005bf8  __TI_CINIT_Limit              
00005bc0  __TI_Handler_Table_Base       
00005bcc  __TI_Handler_Table_Limit      
00005625  __TI_auto_init_nobinit_nopinit
000053c9  __TI_decompress_lzss          
00005a0b  __TI_decompress_none          
000054eb  __TI_ltoa                     
ffffffff  __TI_pprof_out_hndl           
00000e8d  __TI_printfi                  
ffffffff  __TI_prof_data_size           
ffffffff  __TI_prof_data_start          
00000000  __TI_static_base__            
000058cd  __TI_zero_init_nomemset       
00005081  __aeabi_cdcmpeq               
00005081  __aeabi_cdcmple               
00005107  __aeabi_cdrcmple              
0000535b  __aeabi_d2f                   
000055dd  __aeabi_d2iz                  
00005669  __aeabi_d2uiz                 
00003dc3  __aeabi_dadd                  
0000465d  __aeabi_ddiv                  
00004be1  __aeabi_dmul                  
00003db9  __aeabi_dsub                  
00005a3d  __aeabi_errno_addr            
000057a5  __aeabi_f2d                   
00005875  __aeabi_i2d                   
00003f6f  __aeabi_idiv0                 
00003f6f  __aeabi_ldiv0                 
0000518d  __aeabi_memclr                
0000518d  __aeabi_memclr4               
0000518d  __aeabi_memclr8               
00004f4f  __aeabi_memcpy                
00004f4f  __aeabi_memcpy4               
00004f4f  __aeabi_memcpy8               
0000518f  __aeabi_memset                
0000518f  __aeabi_memset4               
0000518f  __aeabi_memset8               
00004feb  __aeabi_uldivmod              
ffffffff  __binit__                     
ffffffff  __c_args__                    
UNDEFED   __mpu_init                    
20000270  __stack                       
20000000  __start___llvm_prf_cnts       
20000000  __stop___llvm_prf_cnts        
00005811  _c_int00_noargs               
00005a58  _ctypes_                      
20000f34  _lock                         
000018db  _nop                          
20000f48  _running                      
20000a70  _sys_memory                   
UNDEFED   _system_post_cinit            
00005a4d  _system_pre_init              
20000edc  _timeout_ticks                
20000f38  _unlock                       
00005a51  abort                         
00004dc1  adc_init                      
00004e3d  adc_read                      
00002bab  adjustForHardware             
00004ae1  aligned_alloc                 
00005591  atoi                          
ffffffff  binit                         
00005235  button_getButton              
00005209  button_init                   
0000576d  calloc                        
20000f0c  contact                       
00005921  copysign                      
00005921  copysignl                     
00003891  cyBOT_SERVO_cal               
00003849  cyBOT_Scan                    
00003811  cyBOT_init_Scan               
20000f0d  data                          
20000f0e  done                          
20000f44  errno                         
20000ee0  fallingEdge                   
20000ee4  fallingTime                   
00004cdd  free                          
00005431  frexp                         
00005431  frexpl                        
20000000  g_pfnRAMVectors               
00000000  g_pfnVectors                  
0000097f  go_charge                     
20000f0f  high                          
00004967  ir_enableInterrupt            
00004949  ir_getDistance                
00004921  ir_getValue                   
000048b9  ir_init                       
20000f10  isRisingEdge                  
20000ee8  isr_int_value                 
000059fb  lcd_clear                     
00002fb1  lcd_gotoLine                  
00002e19  lcd_init                      
00003017  lcd_printf                    
00002ed9  lcd_putc                      
00002f11  lcd_puts                      
00002ddd  lcd_reverseNibble             
00002f2f  lcd_sendCommand               
00002f6d  lcd_sendNibble                
00002fd9  lcd_setCursorPos              
000049d1  ldexp                         
000049d1  ldexpl                        
20000eec  leftValue                     
20000ef0  left_calibration_value        
0000289d  main                          
00005a45  malloc                        
00004ae1  memalign                      
00005905  memccpy                       
00004f4f  memcpy                        
00005195  memset                        
20000f14  motor_cal_factor_L            
20000f18  motor_cal_factor_R            
000029c5  move                          
0000026d  oi_alloc                      
00000aa9  oi_checkFirmware              
000002c7  oi_close                      
00000279  oi_free                       
00000ded  oi_getMotorCalibrationLeft    
00000e01  oi_getMotorCalibrationRight   
000002b1  oi_init                       
00000289  oi_init_noupdate              
00000915  oi_loadSong                   
0000596b  oi_parseInt                   
0000032b  oi_parsePacket                
0000096b  oi_play_song                  
0000084b  oi_setLeds                    
00000db1  oi_setMotorCalibration        
0000088f  oi_setWheels                  
00000b51  oi_shutoff_init               
0000098d  oi_uartInit                   
00000a31  oi_uartReceive                
00000a77  oi_uartSendBuff               
00000a15  oi_uartSendChar               
00000a59  oi_uartSendStr                
000002d9  oi_update                     
00003b3f  ping_getDistance              
000039fd  ping_init                     
00003a83  ping_trigger                  
000018dd  pow                           
000018dd  powl                          
20000ef4  pulseLength                   
20000ef8  pulsePeriod                   
00002b33  reverse                       
20000efc  rightValue                    
20000f00  right_calibration_value       
20000f04  risingEdge                    
20000f08  risingTime                    
00002bc9  rotateLeft                    
00002c53  rotateRight                   
000049d1  scalbn                        
000049d1  scalbnl                       
00004271  servo_init                    
00004301  servo_move                    
00004361  servo_setPWM                  
000042f5  servo_stop                    
000056ad  sprintf                       
000043c9  sqrt                          
000043c9  sqrtl                         
000029b9  stopWheels                    
0000599b  strchr                        
00005983  strcmp                        
000059b1  strcpy                        
000059c5  strlen                        
000036e7  timer_getMicros               
0000368f  timer_getMillis               
000035c9  timer_init                    
0000366b  timer_pause                   
0000367d  timer_resume                  
00003641  timer_stop                    
00003741  timer_waitMicros              
00003773  timer_waitMillis              
00004101  uart_init                     
000041d3  uart_receive                  
000041b7  uart_sendChar                 
000056ed  vsnprintf                     
000059d9  wcslen                        


GLOBAL SYMBOLS: SORTED BY Symbol Address 

address   name                          
-------   ----                          
00000000  __TI_static_base__            
00000000  g_pfnVectors                  
0000026d  oi_alloc                      
00000279  oi_free                       
00000289  oi_init_noupdate              
000002b1  oi_init                       
000002c7  oi_close                      
000002d9  oi_update                     
0000032b  oi_parsePacket                
00000400  __SYSMEM_SIZE                 
00000800  __STACK_SIZE                  
0000084b  oi_setLeds                    
0000088f  oi_setWheels                  
00000915  oi_loadSong                   
0000096b  oi_play_song                  
0000097f  go_charge                     
0000098d  oi_uartInit                   
00000a15  oi_uartSendChar               
00000a31  oi_uartReceive                
00000a59  oi_uartSendStr                
00000a77  oi_uartSendBuff               
00000aa9  oi_checkFirmware              
00000b51  oi_shutoff_init               
00000bc3  GPIOF_Handler                 
00000db1  oi_setMotorCalibration        
00000ded  oi_getMotorCalibrationLeft    
00000e01  oi_getMotorCalibrationRight   
00000e8d  __TI_printfi                  
000018db  _nop                          
000018dd  pow                           
000018dd  powl                          
0000229d  SonarScan                     
000022c1  CreateNewFoundObject          
00002327  PrintToPutty                  
00002353  GetActualDistance             
00002443  IRRawScan                     
0000245b  IRDistanceScan                
00002477  LogScan                       
000024b9  IdentifyObjects               
00002565  FindThinestObject             
00002661  RotateTowardsObject           
000026ef  Mission                       
0000285f  PrintIRValue                  
0000289d  main                          
000029b9  stopWheels                    
000029c5  move                          
00002a8f  LeftBumperHit                 
00002ae1  RightBumperHit                
00002b33  reverse                       
00002bab  adjustForHardware             
00002bc9  rotateLeft                    
00002c53  rotateRight                   
00002d21  ControlMove                   
00002ddd  lcd_reverseNibble             
00002e19  lcd_init                      
00002ed9  lcd_putc                      
00002f11  lcd_puts                      
00002f2f  lcd_sendCommand               
00002f6d  lcd_sendNibble                
00002fb1  lcd_gotoLine                  
00002fd9  lcd_setCursorPos              
00003017  lcd_printf                    
00003375  SonarSendStart                
000033d1  SonarConfig                   
0000346d  Timer3Handler                 
000034b9  SonarCalcDistance             
0000351b  GetSonarDistance              
000035c9  timer_init                    
00003641  timer_stop                    
0000366b  timer_pause                   
0000367d  timer_resume                  
0000368f  timer_getMillis               
000036e7  timer_getMicros               
00003741  timer_waitMicros              
00003773  timer_waitMillis              
00003811  cyBOT_init_Scan               
00003849  cyBOT_Scan                    
00003891  cyBOT_SERVO_cal               
000039fd  ping_init                     
00003a83  ping_trigger                  
00003aed  TIMER3B_Handler               
00003b3f  ping_getDistance              
00003db9  __aeabi_dsub                  
00003dc3  __aeabi_dadd                  
00003f6f  __aeabi_idiv0                 
00003f6f  __aeabi_ldiv0                 
00003f71  ServoInit                     
00003ffd  ServoConfigure                
0000404d  RotateServo                   
0000409f  ResetServo                    
00004101  uart_init                     
000041b7  uart_sendChar                 
000041d3  uart_receive                  
000041ed  UART1_Handler                 
00004271  servo_init                    
000042f5  servo_stop                    
00004301  servo_move                    
00004361  servo_setPWM                  
000043c9  sqrt                          
000043c9  sqrtl                         
0000465d  __aeabi_ddiv                  
000048b9  ir_init                       
00004921  ir_getValue                   
00004949  ir_getDistance                
00004951  ADC0SS0_Handler               
00004967  ir_enableInterrupt            
000049d1  ldexp                         
000049d1  ldexpl                        
000049d1  scalbn                        
000049d1  scalbnl                       
00004ae1  aligned_alloc                 
00004ae1  memalign                      
00004be1  __aeabi_dmul                  
00004cdd  free                          
00004dc1  adc_init                      
00004e3d  adc_read                      
00004f4f  __aeabi_memcpy                
00004f4f  __aeabi_memcpy4               
00004f4f  __aeabi_memcpy8               
00004f4f  memcpy                        
00004feb  __aeabi_uldivmod              
00005081  __aeabi_cdcmpeq               
00005081  __aeabi_cdcmple               
00005107  __aeabi_cdrcmple              
0000518d  __aeabi_memclr                
0000518d  __aeabi_memclr4               
0000518d  __aeabi_memclr8               
0000518f  __aeabi_memset                
0000518f  __aeabi_memset4               
0000518f  __aeabi_memset8               
00005195  memset                        
00005209  button_init                   
00005235  button_getButton              
0000535b  __aeabi_d2f                   
000053c9  __TI_decompress_lzss          
00005431  frexp                         
00005431  frexpl                        
000054eb  __TI_ltoa                     
00005591  atoi                          
000055dd  __aeabi_d2iz                  
00005625  __TI_auto_init_nobinit_nopinit
00005669  __aeabi_d2uiz                 
000056ad  sprintf                       
000056ed  vsnprintf                     
0000576d  calloc                        
000057a5  __aeabi_f2d                   
000057dd  IntRegister                   
00005811  _c_int00_noargs               
00005875  __aeabi_i2d                   
000058cd  __TI_zero_init_nomemset       
00005905  memccpy                       
00005921  copysign                      
00005921  copysignl                     
0000596b  oi_parseInt                   
00005983  strcmp                        
0000599b  strchr                        
000059b1  strcpy                        
000059c5  strlen                        
000059d9  wcslen                        
000059eb  IntMasterEnable               
000059fb  lcd_clear                     
00005a0b  __TI_decompress_none          
00005a19  CPUcpsie                      
00005a25  ResetISR                      
00005a3d  __aeabi_errno_addr            
00005a45  malloc                        
00005a4d  _system_pre_init              
00005a51  C$$EXIT                       
00005a51  abort                         
00005a58  _ctypes_                      
00005bc0  __TI_Handler_Table_Base       
00005bcc  __TI_Handler_Table_Limit      
00005be0  __TI_CINIT_Base               
00005bf8  __TI_CINIT_Limit              
20000000  __start___llvm_prf_cnts       
20000000  __stop___llvm_prf_cnts        
20000000  g_pfnRAMVectors               
20000270  __stack                       
20000470  __STACK_TOP                   
20000a70  __STACK_END                   
20000a70  _sys_memory                   
20000edc  _timeout_ticks                
20000ee0  fallingEdge                   
20000ee4  fallingTime                   
20000ee8  isr_int_value                 
20000eec  leftValue                     
20000ef0  left_calibration_value        
20000ef4  pulseLength                   
20000ef8  pulsePeriod                   
20000efc  rightValue                    
20000f00  right_calibration_value       
20000f04  risingEdge                    
20000f08  risingTime                    
20000f0c  contact                       
20000f0d  data                          
20000f0e  done                          
20000f0f  high                          
20000f10  isRisingEdge                  
20000f14  motor_cal_factor_L            
20000f18  motor_cal_factor_R            
20000f34  _lock                         
20000f38  _unlock                       
20000f44  errno                         
20000f48  _running                      
ffffffff  __TI_pprof_out_hndl           
ffffffff  __TI_prof_data_size           
ffffffff  __TI_prof_data_start          
ffffffff  __binit__                     
ffffffff  __c_args__                    
ffffffff  binit                         
UNDEFED   __mpu_init                    
UNDEFED   _system_post_cinit            

[212 symbols]
