******************************************************************************
                  TI ARM Linker PC v20.2.4                     
******************************************************************************
>> Linked Mon Nov 29 13:29:50 2021

OUTPUT FILE NAME:   <Lab_4.out>
ENTRY POINT SYMBOL: "_c_int00_noargs"  address: 000058d9


MEMORY CONFIGURATION

         name            origin    length      used     unused   attr    fill
----------------------  --------  ---------  --------  --------  ----  --------
  FLASH                 00000000   00040000  00005dd7  0003a229  R  X
  SRAM                  20000000   00008000  000012c6  00006d3a  RW X


SEGMENT ALLOCATION MAP

run origin  load origin   length   init length attrs members
----------  ----------- ---------- ----------- ----- -------
00000000    00000000    00005de0   00005de0    r-x
  00000000    00000000    0000026c   0000026c    r-- .intvecs
  0000026c    0000026c    00005970   00005970    r-x .text
  00005be0    00005be0    0000014b   0000014b    r-- .const
  00005d30    00005d30    000000b0   000000b0    r-- .cinit
20000000    20000000    000012cb   00000000    rw-
  20000000    20000000    0000026c   00000000    rw- .vtable
  20000270    20000270    00000800   00000000    rw- .stack
  20000a70    20000a70    00000400   00000000    rw- .sysmem
  20000e70    20000e70    00000247   00000000    rw- .bss
  200010b8    200010b8    00000213   00000000    rw- .data


SECTION ALLOCATION MAP

 output                                  attributes/
section   page    origin      length       input sections
--------  ----  ----------  ----------   ----------------
.intvecs   0    00000000    0000026c     
                  00000000    0000026c     tm4c123gh6pm_startup_ccs.obj (.intvecs)

.text      0    0000026c    00005970     
                  0000026c    00000c20     open_interface.obj (.text)
                  00000e8c    00000a4e     rtsv7M4_T_le_v4SPD16_eabi.lib : _printfi.c.obj (.text:__TI_printfi)
                  000018da    00000002                                   : _lock.c.obj (.text:_nop)
                  000018dc    000009c0                                   : e_pow.c.obj (.text:pow)
                  0000229c    00000610     servo.obj (.text)
                  000028ac    000003b8     uart.obj (.text)
                  00002c64    00000328     lcd.obj (.text)
                  00002f8c    00000280     sonar.obj (.text)
                  0000320c    00000270     rtsv7M4_T_le_v4SPD16_eabi.lib : _printfi.c.obj (.text:_pconv_a)
                  0000347c    00000248     Timer.obj (.text)
                  000036c4    000001d0     rtsv7M4_T_le_v4SPD16_eabi.lib : _printfi.c.obj (.text:_pconv_g)
                  00003894    000001b6                                   : fd_add_t2.asm.obj (.text)
                  00003a4a    00000002                                   : div0.asm.obj (.text)
                  00003a4c    00000188     scan.obj (.text)
                  00003bd4    0000017c     main.obj (.text)
                  00003d50    00000158     rtsv7M4_T_le_v4SPD16_eabi.lib : e_sqrt.c.obj (.text:sqrt)
                  00003ea8    0000013c                                   : _printfi.c.obj (.text:_pconv_e)
                  00003fe4    00000136                                   : fd_div_t2.asm.obj (.text)
                  0000411a    00000002     --HOLE-- [fill = 0]
                  0000411c    00000124                                   : _printfi.c.obj (.text:fcvt)
                  00004240    00000114                                   : fputs.c.obj (.text:fputs)
                  00004354    00000110                                   : s_scalbn.c.obj (.text:scalbn)
                  00004464    00000100                                   : memory.c.obj (.text:aligned_alloc)
                  00004564    000000fc                                   : fd_mul_t2.asm.obj (.text)
                  00004660    000000e4                                   : memory.c.obj (.text:free)
                  00004744    000000dc     adc.obj (.text)
                  00004820    000000dc     rtsv7M4_T_le_v4SPD16_eabi.lib : setvbuf.c.obj (.text:setvbuf)
                  000048fc    000000b1                                   : _printfi.c.obj (.text:_ltostr)
                  000049ad    00000001     --HOLE-- [fill = 0]
                  000049ae    0000009c                                   : memcpy_t2.asm.obj (.text)
                  00004a4a    00000096                                   : ull_div_t2.asm.obj (.text)
                  00004ae0    0000008c                                   : fputc.c.obj (.text:fputc)
                  00004b6c    00000086                                   : fd_cmp_t2.asm.obj (.text:__aeabi_cdcmple)
                  00004bf2    00000086                                   : fd_cmp_t2.asm.obj (.text:__aeabi_cdrcmple)
                  00004c78    0000007a                                   : memset_t2.asm.obj (.text)
                  00004cf2    00000002     --HOLE-- [fill = 0]
                  00004cf4    00000074                                   : fclose.c.obj (.text:__TI_closefile)
                  00004d68    00000074     button.obj (.text)
                  00004ddc    00000070     rtsv7M4_T_le_v4SPD16_eabi.lib : memory.c.obj (.text:split)
                  00004e4c    0000006e                                   : _printfi.c.obj (.text:_mcpy)
                  00004eba    0000006e                                   : fd_tos_t2.asm.obj (.text)
                  00004f28    0000006c                                   : hostrename.c.obj (.text:HOSTrename)
                  00004f94    00000068                                   : hostlseek.c.obj (.text:HOSTlseek)
                  00004ffc    00000068                                   : copy_decompress_lzss.c.obj (.text:decompress:lzss:__TI_decompress_lzss)
                  00005064    00000068                                   : printf.c.obj (.text:printf)
                  000050cc    00000064                                   : s_frexp.c.obj (.text:frexp)
                  00005130    00000064                                   : fseek.c.obj (.text:fseek)
                  00005194    00000062                                   : _io_perm.c.obj (.text:__TI_wrt_ok)
                  000051f6    00000002     --HOLE-- [fill = 0]
                  000051f8    00000060                                   : hostopen.c.obj (.text:HOSTopen)
                  00005258    0000005c                                   : close.c.obj (.text:close)
                  000052b4    00000058                                   : hostread.c.obj (.text:HOSTread)
                  0000530c    00000058                                   : hostwrite.c.obj (.text:HOSTwrite)
                  00005364    00000056                                   : _printfi.c.obj (.text:_pconv_f)
                  000053ba    00000054                                   : _ltoa.c.obj (.text:__TI_ltoa)
                  0000540e    00000052                                   : _printfi.c.obj (.text:_ecpy)
                  00005460    0000004c                                   : fflush.c.obj (.text:__TI_doflush)
                  000054ac    0000004c                                   : atoi.c.obj (.text:atoi)
                  000054f8    00000048                                   : exit.c.obj (.text:exit)
                  00005540    00000048                                   : fd_toi_t2.asm.obj (.text)
                  00005588    00000044                                   : hostclose.c.obj (.text:HOSTclose)
                  000055cc    00000044                                   : hostunlink.c.obj (.text:HOSTunlink)
                  00005610    00000044                                   : autoinit.c.obj (.text:__TI_auto_init_nobinit_nopinit:__TI_auto_init_nobinit_nopinit)
                  00005654    00000044                                   : getdevice.c.obj (.text:getdevice)
                  00005698    00000044                                   : fd_tou_t2.asm.obj (.text)
                  000056dc    00000040                                   : vsnprintf.c.obj (.text:vsnprintf)
                  0000571c    0000003e                                   : _printfi.c.obj (.text:_fcpy)
                  0000575a    00000002     --HOLE-- [fill = 0]
                  0000575c    00000038                                   : trgmsg.c.obj (.text:__TI_writemsg)
                  00005794    00000038                                   : memory.c.obj (.text:calloc)
                  000057cc    00000038                                   : fs_tod_t2.asm.obj (.text)
                  00005804    00000036                                   : strncpy.c.obj (.text:strncpy)
                  0000583a    00000002     --HOLE-- [fill = 0]
                  0000583c    00000034     driverlib.lib : interrupt.obj (.text:IntRegister)
                  00005870    00000034     rtsv7M4_T_le_v4SPD16_eabi.lib : fopen.c.obj (.text:__TI_cleanup)
                  000058a4    00000034                                   : trgmsg.c.obj (.text:__TI_readmsg)
                  000058d8    00000034                                   : boot_cortex_m.c.obj (.text:_c_int00_noargs:_c_int00_noargs)
                  0000590c    00000030                                   : vsnprintf.c.obj (.text:_outs)
                  0000593c    00000030                                   : getdevice.c.obj (.text:finddevice)
                  0000596c    0000002e                                   : i_tofd_t2.asm.obj (.text)
                  0000599a    00000002     --HOLE-- [fill = 0]
                  0000599c    0000002c                                   : unlink.c.obj (.text:unlink)
                  000059c8    00000028                                   : memory.c.obj (.text:free_list_insert)
                  000059f0    00000028                                   : lseek.c.obj (.text:lseek)
                  00005a18    00000028                                   : write.c.obj (.text:write)
                  00005a40    00000020                                   : memchr.c.obj (.text:memchr)
                  00005a60    00000020                                   : u_tofd_t2.asm.obj (.text)
                  00005a80    0000001c                                   : memory.c.obj (.text:free_list_remove)
                  00005a9c    0000001c                                   : memccpy.c.obj (.text:memccpy)
                  00005ab8    0000001a                                   : s_copysign.c.obj (.text:copysign)
                  00005ad2    00000018                                   : vsnprintf.c.obj (.text:_outc)
                  00005aea    00000018     open_interface.obj (.text:oi_parseInt)
                  00005b02    00000018     rtsv7M4_T_le_v4SPD16_eabi.lib : strcmp.c.obj (.text:strcmp)
                  00005b1a    00000016                                   : strchr.c.obj (.text:strchr)
                  00005b30    00000014                                   : strcpy.c.obj (.text:strcpy)
                  00005b44    00000014                                   : strlen.c.obj (.text:strlen)
                  00005b58    00000012                                   : wcslen.c.obj (.text:wcslen)
                  00005b6a    00000010     driverlib.lib : interrupt.obj (.text:IntMasterEnable)
                  00005b7a    00000010     lcd.obj (.text:lcd_clear)
                  00005b8a    0000000e     rtsv7M4_T_le_v4SPD16_eabi.lib : copy_decompress_none.c.obj (.text:decompress:none:__TI_decompress_none)
                  00005b98    0000000c     driverlib.lib : cpu.obj (.text:CPUcpsie)
                  00005ba4    0000000c     rtsv7M4_T_le_v4SPD16_eabi.lib : copy_zero_init.c.obj (.text:decompress:ZI:__TI_zero_init)
                  00005bb0    0000000c     tm4c123gh6pm_startup_ccs.obj (.text)
                  00005bbc    00000008     rtsv7M4_T_le_v4SPD16_eabi.lib : errno.c.obj (.text:__aeabi_errno_addr)
                  00005bc4    00000008                                   : memory.c.obj (.text:malloc)
                  00005bcc    00000004                                   : printf.c.obj (.text:_outc)
                  00005bd0    00000004                                   : printf.c.obj (.text:_outs)
                  00005bd4    00000004                                   : pre_init.c.obj (.text:_system_pre_init)
                  00005bd8    00000004                                   : exit.c.obj (.text:abort:abort)

.const     0    00005be0    0000014b     
                  00005be0    00000101     rtsv7M4_T_le_v4SPD16_eabi.lib : ctype.c.obj (.const:.string:_ctypes_)
                  00005ce1    00000004     lcd.obj (.const:.string:lineAddress$1)
                  00005ce5    00000003     --HOLE-- [fill = 0]
                  00005ce8    00000030     rtsv7M4_T_le_v4SPD16_eabi.lib : e_pow.c.obj (.const:$O1$$)
                  00005d18    0000000f     open_interface.obj (.const:.string:$P$T0$3)
                  00005d27    00000004     lcd.obj (.const:.string:lineAddresses$2)

.cinit     0    00005d30    000000b0     
                  00005d30    0000007b     (.cinit..data.load) [load image, compression = lzss]
                  00005dab    00000001     --HOLE-- [fill = 0]
                  00005dac    0000000c     (__TI_handler_table)
                  00005db8    00000008     (.cinit..bss.load) [load image, compression = zero_init]
                  00005dc0    00000008     (.cinit..vtable.load) [load image, compression = zero_init]
                  00005dc8    00000018     (__TI_cinit_table)

.init_array 
*          0    00000000    00000000     UNINITIALIZED

.vtable    0    20000000    0000026c     UNINITIALIZED
                  20000000    0000026c     driverlib.lib : interrupt.obj (.vtable)

.stack     0    20000270    00000800     UNINITIALIZED
                  20000270    00000004     rtsv7M4_T_le_v4SPD16_eabi.lib : boot_cortex_m.c.obj (.stack)
                  20000274    000007fc     --HOLE--

.sysmem    0    20000a70    00000400     UNINITIALIZED
                  20000a70    00000010     rtsv7M4_T_le_v4SPD16_eabi.lib : memory.c.obj (.sysmem)
                  20000a80    000003f0     --HOLE--

.bss       0    20000e70    00000247     UNINITIALIZED
                  20000e70    00000120     rtsv7M4_T_le_v4SPD16_eabi.lib : trgmsg.c.obj (.bss:_CIOBUF_)
                  20000f90    000000a0     (.common:__TI_tmpnams)
                  20001030    00000054     lcd.obj (.bss:lastbuffer$3)
                  20001084    00000018     open_interface.obj (.bss:firmware$2)
                  2000109c    00000008     (.common:parmbuf)
                  200010a4    00000004     servo.obj (.bss)
                  200010a8    00000004     (.common:_timeout_ticks)
                  200010ac    00000004     (.common:fallingTime)
                  200010b0    00000004     (.common:risingTime)
                  200010b4    00000001     (.common:data_received)
                  200010b5    00000001     (.common:done)
                  200010b6    00000001     (.common:high)

.data      0    200010b8    00000213     UNINITIALIZED
                  200010b8    000000f0     rtsv7M4_T_le_v4SPD16_eabi.lib : defs.c.obj (.data:_ftable)
                  200011a8    00000078                                   : host_device.c.obj (.data:_device)
                  20001220    00000050                                   : host_device.c.obj (.data:_stream)
                  20001270    00000020     open_interface.obj (.data)
                  20001290    00000010     rtsv7M4_T_le_v4SPD16_eabi.lib : defs.c.obj (.data)
                  200012a0    0000000c                                   : exit.c.obj (.data:$O1$$)
                  200012ac    00000008                                   : _lock.c.obj (.data:$O1$$)
                  200012b4    00000008                                   : memory.c.obj (.data:$O1$$)
                  200012bc    00000008     servo.obj (.data)
                  200012c4    00000004     rtsv7M4_T_le_v4SPD16_eabi.lib : errno.c.obj (.data)
                  200012c8    00000001     Timer.obj (.data)
                  200012c9    00000001     button.obj (.data)
                  200012ca    00000001     uart.obj (.data)

__llvm_prf_cnts 
*          0    20000000    00000000     UNINITIALIZED

MODULE SUMMARY

       Module                         code    ro data   rw data
       ------                         ----    -------   -------
    .\
       open_interface.obj             3128    15        56     
       uart.obj                       952     0         2      
       lcd.obj                        824     8         84     
       sonar.obj                      640     0         0      
       tm4c123gh6pm_startup_ccs.obj   12      620       0      
       Timer.obj                      584     0         5      
       scan.obj                       392     0         0      
       main.obj                       380     0         10     
       adc.obj                        220     0         0      
       button.obj                     116     0         1      
    +--+------------------------------+-------+---------+---------+
       Total:                         7248    643       158    
                                                               
    .\files_for_alarm\
       servo.obj                      1552    0         12     
    +--+------------------------------+-------+---------+---------+
       Total:                         1552    0         12     
                                                               
    C:/ti/TivaWare_C_Series-2.1.4.178/driverlib/ccs/Debug/driverlib.lib
       interrupt.obj                  68      0         620    
       cpu.obj                        12      0         0      
    +--+------------------------------+-------+---------+---------+
       Total:                         80      0         620    
                                                               
    C:\ti\ccs1031\ccs\tools\compiler\ti-cgt-arm_20.2.4.LTS\lib\rtsv7M4_T_le_v4SPD16_eabi.lib
       _printfi.c.obj                 4851    0         0      
       e_pow.c.obj                    2496    48        0      
       memory.c.obj                   728     0         8      
       fd_add_t2.asm.obj              438     0         0      
       defs.c.obj                     0       0         416    
       trgmsg.c.obj                   108     0         288    
       e_sqrt.c.obj                   344     0         0      
       fd_div_t2.asm.obj              310     0         0      
       fputs.c.obj                    276     0         0      
       s_scalbn.c.obj                 272     0         0      
       fd_cmp_t2.asm.obj              268     0         0      
       ctype.c.obj                    0       257       0      
       fd_mul_t2.asm.obj              252     0         0      
       setvbuf.c.obj                  220     0         0      
       host_device.c.obj              0       0         200    
       memcpy_t2.asm.obj              156     0         0      
       ull_div_t2.asm.obj             150     0         0      
       fputc.c.obj                    140     0         0      
       vsnprintf.c.obj                136     0         0      
       memset_t2.asm.obj              122     0         0      
       fclose.c.obj                   116     0         0      
       getdevice.c.obj                116     0         0      
       printf.c.obj                   112     0         0      
       fd_tos_t2.asm.obj              110     0         0      
       hostrename.c.obj               108     0         0      
       copy_decompress_lzss.c.obj     104     0         0      
       hostlseek.c.obj                104     0         0      
       hostopen.c.obj                 96      0         8      
       fseek.c.obj                    100     0         0      
       s_frexp.c.obj                  100     0         0      
       _io_perm.c.obj                 98      0         0      
       close.c.obj                    92      0         0      
       exit.c.obj                     76      0         12     
       hostread.c.obj                 88      0         0      
       hostwrite.c.obj                88      0         0      
       _ltoa.c.obj                    84      0         0      
       atoi.c.obj                     76      0         0      
       fflush.c.obj                   76      0         0      
       fd_toi_t2.asm.obj              72      0         0      
       autoinit.c.obj                 68      0         0      
       fd_tou_t2.asm.obj              68      0         0      
       hostclose.c.obj                68      0         0      
       hostunlink.c.obj               68      0         0      
       fs_tod_t2.asm.obj              56      0         0      
       strncpy.c.obj                  54      0         0      
       boot_cortex_m.c.obj            52      0         0      
       fopen.c.obj                    52      0         0      
       i_tofd_t2.asm.obj              46      0         0      
       unlink.c.obj                   44      0         0      
       lseek.c.obj                    40      0         0      
       write.c.obj                    40      0         0      
       memchr.c.obj                   32      0         0      
       u_tofd_t2.asm.obj              32      0         0      
       memccpy.c.obj                  28      0         0      
       s_copysign.c.obj               26      0         0      
       strcmp.c.obj                   24      0         0      
       strchr.c.obj                   22      0         0      
       strcpy.c.obj                   20      0         0      
       strlen.c.obj                   20      0         0      
       wcslen.c.obj                   18      0         0      
       copy_decompress_none.c.obj     14      0         0      
       copy_zero_init.c.obj           12      0         0      
       errno.c.obj                    8       0         4      
       _lock.c.obj                    2       0         8      
       pre_init.c.obj                 4       0         0      
       div0.asm.obj                   2       0         0      
    +--+------------------------------+-------+---------+---------+
       Total:                         14003   305       944    
                                                               
       Heap:                          0       0         1024   
       Stack:                         0       0         2048   
       Linker Generated:              0       175       0      
    +--+------------------------------+-------+---------+---------+
       Grand Total:                   22883   1123      4806   


LINKER GENERATED COPY TABLES

__TI_cinit_table @ 00005dc8 records: 3, size/record: 8, table size: 24
	.data: load addr=00005d30, load size=0000007b bytes, run addr=200010b8, run size=00000213 bytes, compression=lzss
	.bss: load addr=00005db8, load size=00000008 bytes, run addr=20000e70, run size=00000247 bytes, compression=zero_init
	.vtable: load addr=00005dc0, load size=00000008 bytes, run addr=20000000, run size=0000026c bytes, compression=zero_init


LINKER GENERATED HANDLER TABLE

__TI_handler_table @ 00005dac records: 3, size/record: 4, table size: 12
	index: 0, handler: __TI_zero_init
	index: 1, handler: __TI_decompress_lzss
	index: 2, handler: __TI_decompress_none


GLOBAL SYMBOLS: SORTED ALPHABETICALLY BY Name 

address   name                           
-------   ----                           
00005bd9  C$$EXIT                        
0000578b  C$$IO$$                        
00005b99  CPUcpsie                       
00000bc3  GPIOF_Handler                  
00003a93  GetActualDistance              
0000315b  GetSonarDistance               
00005589  HOSTclose                      
00004f95  HOSTlseek                      
000051f9  HOSTopen                       
000052b5  HOSTread                       
00004f29  HOSTrename                     
000055cd  HOSTunlink                     
0000530d  HOSTwrite                      
00003a7d  IRDistanceScan                 
00003a6b  IRRawScan                      
00005b6b  IntMasterEnable                
0000583d  IntRegister                    
00005bb1  ResetISR                       
000030f9  SonarCalcDistance              
00002ff9  SonarConfig                    
00003a4d  SonarScan                      
00002f8d  SonarSendStart                 
000030ab  Timer3Handler                  
20000e70  __CIOBUF_                      
20000a70  __STACK_END                    
00000800  __STACK_SIZE                   
20000470  __STACK_TOP                    
00000400  __SYSMEM_SIZE                  
00005dc8  __TI_CINIT_Base                
00005de0  __TI_CINIT_Limit               
00005dac  __TI_Handler_Table_Base        
00005db8  __TI_Handler_Table_Limit       
00005611  __TI_auto_init_nobinit_nopinit 
00005871  __TI_cleanup                   
200012a0  __TI_cleanup_ptr               
00004cf5  __TI_closefile                 
00004ffd  __TI_decompress_lzss           
00005b8b  __TI_decompress_none           
00005461  __TI_doflush                   
200012a4  __TI_dtors_ptr                 
200012a8  __TI_enable_exit_profile_output
20001290  __TI_ft_end                    
000053bb  __TI_ltoa                      
ffffffff  __TI_pprof_out_hndl            
00000e8d  __TI_printfi                   
ffffffff  __TI_prof_data_size            
ffffffff  __TI_prof_data_start           
000058a5  __TI_readmsg                   
00000000  __TI_static_base__             
20000f90  __TI_tmpnams                   
0000575d  __TI_writemsg                  
00005195  __TI_wrt_ok                    
00005ba5  __TI_zero_init                 
00004b6d  __aeabi_cdcmpeq                
00004b6d  __aeabi_cdcmple                
00004bf3  __aeabi_cdrcmple               
00004ebb  __aeabi_d2f                    
00005541  __aeabi_d2iz                   
00005699  __aeabi_d2uiz                  
0000389f  __aeabi_dadd                   
00003fe5  __aeabi_ddiv                   
00004565  __aeabi_dmul                   
00003895  __aeabi_dsub                   
00005bbd  __aeabi_errno_addr             
000057cd  __aeabi_f2d                    
0000596d  __aeabi_i2d                    
00003a4b  __aeabi_idiv0                  
00003a4b  __aeabi_ldiv0                  
00004c79  __aeabi_memclr                 
00004c79  __aeabi_memclr4                
00004c79  __aeabi_memclr8                
000049af  __aeabi_memcpy                 
000049af  __aeabi_memcpy4                
000049af  __aeabi_memcpy8                
00004c7b  __aeabi_memset                 
00004c7b  __aeabi_memset4                
00004c7b  __aeabi_memset8                
2000129c  __aeabi_stderr                 
20001294  __aeabi_stdin                  
20001298  __aeabi_stdout                 
00005a61  __aeabi_ui2d                   
00004a4b  __aeabi_uldivmod               
ffffffff  __binit__                      
ffffffff  __c_args__                     
UNDEFED   __mpu_init                     
20000270  __stack                        
20000000  __start___llvm_prf_cnts        
20000000  __stop___llvm_prf_cnts         
000058d9  _c_int00_noargs                
00005be0  _ctypes_                       
200011a8  _device                        
200010b8  _ftable                        
200012ac  _lock                          
000018db  _nop                           
200012c8  _running                       
20001220  _stream                        
20000a70  _sys_memory                    
UNDEFED   _system_post_cinit             
00005bd5  _system_pre_init               
200010a8  _timeout_ticks                 
200012b0  _unlock                        
00005bd9  abort                          
00004745  adc_init                       
000047c1  adc_read                       
00004465  aligned_alloc                  
000054ad  atoi                           
0000229d  better_servo_init              
ffffffff  binit                          
000029c7  botprintf                      
00004d95  button_getButton               
00004d69  button_init                    
00005795  calloc                         
00002b0b  char_input                     
00005259  close                          
00005ab9  copysign                       
00005ab9  copysignl                      
200010b4  data_received                  
200012ca  data_received_flag             
00002359  deg_to_clk                     
200010b5  done                           
200012c4  errno                          
000054f9  exit                           
200010ac  fallingTime                    
0000593d  finddevice                     
00004ae1  fputc                          
00004241  fputs                          
00004661  free                           
000050cd  frexp                          
000050cd  frexpl                         
00005131  fseek                          
20000000  g_pfnRAMVectors                
00000000  g_pfnVectors                   
00002b55  getChar                        
0000273d  get_deg                        
00005655  getdevice                      
0000097f  go_charge                      
200010b6  high                           
00002b6d  is_input                       
00002531  lab10_part2                    
00005b7b  lcd_clear                      
00002e39  lcd_gotoLine                   
00002ca1  lcd_init                       
00002e9f  lcd_printf                     
00002d61  lcd_putc                       
00002d99  lcd_puts                       
00002c65  lcd_reverseNibble              
00002db7  lcd_sendCommand                
00002df5  lcd_sendNibble                 
00002e61  lcd_setCursorPos               
00004355  ldexp                          
00004355  ldexpl                         
000059f1  lseek                          
00003c25  main                           
00005bc5  malloc                         
00004465  memalign                       
00005a9d  memccpy                        
00005a41  memchr                         
000049af  memcpy                         
00004c81  memset                         
20001270  motor_cal_factor_L             
20001274  motor_cal_factor_R             
00002431  move_servo                     
0000026d  oi_alloc                       
00000aa9  oi_checkFirmware               
000002c7  oi_close                       
00000279  oi_free                        
00000ded  oi_getMotorCalibrationLeft     
00000e01  oi_getMotorCalibrationRight    
000002b1  oi_init                        
00000289  oi_init_noupdate               
00000915  oi_loadSong                    
00005aeb  oi_parseInt                    
0000032b  oi_parsePacket                 
0000096b  oi_play_song                   
0000084b  oi_setLeds                     
00000db1  oi_setMotorCalibration         
0000088f  oi_setWheels                   
00000b51  oi_shutoff_init                
0000098d  oi_uartInit                    
00000a31  oi_uartReceive                 
00000a77  oi_uartSendBuff                
00000a15  oi_uartSendChar                
00000a59  oi_uartSendStr                 
000002d9  oi_update                      
2000109c  parmbuf                        
000018dd  pow                            
000018dd  powl                           
00003c0d  printScn                       
00005065  printf                         
00004ae1  putc                           
0000599d  remove                         
200010b0  risingTime                     
00004355  scalbn                         
00004355  scalbnl                        
200012c0  servo_180                      
0000244b  servo_calibration              
200012bc  servo_zero                     
00004821  setvbuf                        
00003bd5  simpleScam                     
00003d51  sqrt                           
00003d51  sqrtl                          
00005b1b  strchr                         
00005b03  strcmp                         
00005b31  strcpy                         
00005b45  strlen                         
00005805  strncpy                        
0000359b  timer_getMicros                
00003543  timer_getMillis                
0000347d  timer_init                     
0000351f  timer_pause                    
00003531  timer_resume                   
000034f5  timer_stop                     
000035f5  timer_waitMicros               
00003627  timer_waitMillis               
000023ed  turn_servo_deg                 
000029fd  uart_error                     
000028ad  uart_init                      
00002ae5  uart_interrupt_handler         
00002ac5  uart_interrupt_init            
00002a5f  uart_receive                   
000029a9  uart_sendChar                  
00002aab  uart_sendStr                   
0000599d  unlink                         
000056dd  vsnprintf                      
00005b59  wcslen                         
00005a19  write                          


GLOBAL SYMBOLS: SORTED BY Symbol Address 

address   name                           
-------   ----                           
00000000  __TI_static_base__             
00000000  g_pfnVectors                   
0000026d  oi_alloc                       
00000279  oi_free                        
00000289  oi_init_noupdate               
000002b1  oi_init                        
000002c7  oi_close                       
000002d9  oi_update                      
0000032b  oi_parsePacket                 
00000400  __SYSMEM_SIZE                  
00000800  __STACK_SIZE                   
0000084b  oi_setLeds                     
0000088f  oi_setWheels                   
00000915  oi_loadSong                    
0000096b  oi_play_song                   
0000097f  go_charge                      
0000098d  oi_uartInit                    
00000a15  oi_uartSendChar                
00000a31  oi_uartReceive                 
00000a59  oi_uartSendStr                 
00000a77  oi_uartSendBuff                
00000aa9  oi_checkFirmware               
00000b51  oi_shutoff_init                
00000bc3  GPIOF_Handler                  
00000db1  oi_setMotorCalibration         
00000ded  oi_getMotorCalibrationLeft     
00000e01  oi_getMotorCalibrationRight    
00000e8d  __TI_printfi                   
000018db  _nop                           
000018dd  pow                            
000018dd  powl                           
0000229d  better_servo_init              
00002359  deg_to_clk                     
000023ed  turn_servo_deg                 
00002431  move_servo                     
0000244b  servo_calibration              
00002531  lab10_part2                    
0000273d  get_deg                        
000028ad  uart_init                      
000029a9  uart_sendChar                  
000029c7  botprintf                      
000029fd  uart_error                     
00002a5f  uart_receive                   
00002aab  uart_sendStr                   
00002ac5  uart_interrupt_init            
00002ae5  uart_interrupt_handler         
00002b0b  char_input                     
00002b55  getChar                        
00002b6d  is_input                       
00002c65  lcd_reverseNibble              
00002ca1  lcd_init                       
00002d61  lcd_putc                       
00002d99  lcd_puts                       
00002db7  lcd_sendCommand                
00002df5  lcd_sendNibble                 
00002e39  lcd_gotoLine                   
00002e61  lcd_setCursorPos               
00002e9f  lcd_printf                     
00002f8d  SonarSendStart                 
00002ff9  SonarConfig                    
000030ab  Timer3Handler                  
000030f9  SonarCalcDistance              
0000315b  GetSonarDistance               
0000347d  timer_init                     
000034f5  timer_stop                     
0000351f  timer_pause                    
00003531  timer_resume                   
00003543  timer_getMillis                
0000359b  timer_getMicros                
000035f5  timer_waitMicros               
00003627  timer_waitMillis               
00003895  __aeabi_dsub                   
0000389f  __aeabi_dadd                   
00003a4b  __aeabi_idiv0                  
00003a4b  __aeabi_ldiv0                  
00003a4d  SonarScan                      
00003a6b  IRRawScan                      
00003a7d  IRDistanceScan                 
00003a93  GetActualDistance              
00003bd5  simpleScam                     
00003c0d  printScn                       
00003c25  main                           
00003d51  sqrt                           
00003d51  sqrtl                          
00003fe5  __aeabi_ddiv                   
00004241  fputs                          
00004355  ldexp                          
00004355  ldexpl                         
00004355  scalbn                         
00004355  scalbnl                        
00004465  aligned_alloc                  
00004465  memalign                       
00004565  __aeabi_dmul                   
00004661  free                           
00004745  adc_init                       
000047c1  adc_read                       
00004821  setvbuf                        
000049af  __aeabi_memcpy                 
000049af  __aeabi_memcpy4                
000049af  __aeabi_memcpy8                
000049af  memcpy                         
00004a4b  __aeabi_uldivmod               
00004ae1  fputc                          
00004ae1  putc                           
00004b6d  __aeabi_cdcmpeq                
00004b6d  __aeabi_cdcmple                
00004bf3  __aeabi_cdrcmple               
00004c79  __aeabi_memclr                 
00004c79  __aeabi_memclr4                
00004c79  __aeabi_memclr8                
00004c7b  __aeabi_memset                 
00004c7b  __aeabi_memset4                
00004c7b  __aeabi_memset8                
00004c81  memset                         
00004cf5  __TI_closefile                 
00004d69  button_init                    
00004d95  button_getButton               
00004ebb  __aeabi_d2f                    
00004f29  HOSTrename                     
00004f95  HOSTlseek                      
00004ffd  __TI_decompress_lzss           
00005065  printf                         
000050cd  frexp                          
000050cd  frexpl                         
00005131  fseek                          
00005195  __TI_wrt_ok                    
000051f9  HOSTopen                       
00005259  close                          
000052b5  HOSTread                       
0000530d  HOSTwrite                      
000053bb  __TI_ltoa                      
00005461  __TI_doflush                   
000054ad  atoi                           
000054f9  exit                           
00005541  __aeabi_d2iz                   
00005589  HOSTclose                      
000055cd  HOSTunlink                     
00005611  __TI_auto_init_nobinit_nopinit 
00005655  getdevice                      
00005699  __aeabi_d2uiz                  
000056dd  vsnprintf                      
0000575d  __TI_writemsg                  
0000578b  C$$IO$$                        
00005795  calloc                         
000057cd  __aeabi_f2d                    
00005805  strncpy                        
0000583d  IntRegister                    
00005871  __TI_cleanup                   
000058a5  __TI_readmsg                   
000058d9  _c_int00_noargs                
0000593d  finddevice                     
0000596d  __aeabi_i2d                    
0000599d  remove                         
0000599d  unlink                         
000059f1  lseek                          
00005a19  write                          
00005a41  memchr                         
00005a61  __aeabi_ui2d                   
00005a9d  memccpy                        
00005ab9  copysign                       
00005ab9  copysignl                      
00005aeb  oi_parseInt                    
00005b03  strcmp                         
00005b1b  strchr                         
00005b31  strcpy                         
00005b45  strlen                         
00005b59  wcslen                         
00005b6b  IntMasterEnable                
00005b7b  lcd_clear                      
00005b8b  __TI_decompress_none           
00005b99  CPUcpsie                       
00005ba5  __TI_zero_init                 
00005bb1  ResetISR                       
00005bbd  __aeabi_errno_addr             
00005bc5  malloc                         
00005bd5  _system_pre_init               
00005bd9  C$$EXIT                        
00005bd9  abort                          
00005be0  _ctypes_                       
00005dac  __TI_Handler_Table_Base        
00005db8  __TI_Handler_Table_Limit       
00005dc8  __TI_CINIT_Base                
00005de0  __TI_CINIT_Limit               
20000000  __start___llvm_prf_cnts        
20000000  __stop___llvm_prf_cnts         
20000000  g_pfnRAMVectors                
20000270  __stack                        
20000470  __STACK_TOP                    
20000a70  __STACK_END                    
20000a70  _sys_memory                    
20000e70  __CIOBUF_                      
20000f90  __TI_tmpnams                   
2000109c  parmbuf                        
200010a8  _timeout_ticks                 
200010ac  fallingTime                    
200010b0  risingTime                     
200010b4  data_received                  
200010b5  done                           
200010b6  high                           
200010b8  _ftable                        
200011a8  _device                        
20001220  _stream                        
20001270  motor_cal_factor_L             
20001274  motor_cal_factor_R             
20001290  __TI_ft_end                    
20001294  __aeabi_stdin                  
20001298  __aeabi_stdout                 
2000129c  __aeabi_stderr                 
200012a0  __TI_cleanup_ptr               
200012a4  __TI_dtors_ptr                 
200012a8  __TI_enable_exit_profile_output
200012ac  _lock                          
200012b0  _unlock                        
200012bc  servo_zero                     
200012c0  servo_180                      
200012c4  errno                          
200012c8  _running                       
200012ca  data_received_flag             
ffffffff  __TI_pprof_out_hndl            
ffffffff  __TI_prof_data_size            
ffffffff  __TI_prof_data_start           
ffffffff  __binit__                      
ffffffff  __c_args__                     
ffffffff  binit                          
UNDEFED   __mpu_init                     
UNDEFED   _system_post_cinit             

[226 symbols]
