******************************************************************************
                  TI ARM Linker PC v20.2.4                     
******************************************************************************
>> Linked Thu Sep  9 15:58:44 2021

OUTPUT FILE NAME:   <Lab_2.out>
ENTRY POINT SYMBOL: "_c_int00_noargs"  address: 000037f9


MEMORY CONFIGURATION

         name            origin    length      used     unused   attr    fill
----------------------  --------  ---------  --------  --------  ----  --------
  FLASH                 00000000   00040000  00003b88  0003c478  R  X
  SRAM                  20000000   00008000  00000f11  000070ef  RW X


SEGMENT ALLOCATION MAP

run origin  load origin   length   init length attrs members
----------  ----------- ---------- ----------- ----- -------
00000000    00000000    00003b88   00003b88    r-x
  00000000    00000000    0000026c   0000026c    r-- .intvecs
  0000026c    0000026c    000037ac   000037ac    r-x .text
  00003a18    00003a18    00000120   00000120    r-- .const
  00003b38    00003b38    00000050   00000050    r-- .cinit
20000000    20000000    00000f15   00000000    rw-
  20000000    20000000    0000026c   00000000    rw- .vtable
  20000270    20000270    00000800   00000000    rw- .stack
  20000a70    20000a70    00000400   00000000    rw- .sysmem
  20000e70    20000e70    00000070   00000000    rw- .bss
  20000ee0    20000ee0    00000035   00000000    rw- .data


SECTION ALLOCATION MAP

 output                                  attributes/
section   page    origin      length       input sections
--------  ----  ----------  ----------   ----------------
.intvecs   0    00000000    0000026c     
                  00000000    0000026c     tm4c123gh6pm_startup_ccs.obj (.intvecs)

.text      0    0000026c    000037ac     
                  0000026c    00000c20     open_interface.obj (.text)
                  00000e8c    00000a4e     rtsv7M4_T_le_v4SPD16_eabi.lib : _printfi.c.obj (.text:__TI_printfi)
                  000018da    00000002                                   : _lock.c.obj (.text:_nop)
                  000018dc    00000374     movement.obj (.text)
                  00001c50    00000328     lcd.obj (.text)
                  00001f78    00000270     rtsv7M4_T_le_v4SPD16_eabi.lib : _printfi.c.obj (.text:_pconv_a)
                  000021e8    00000248     Timer.obj (.text)
                  00002430    000001d0     rtsv7M4_T_le_v4SPD16_eabi.lib : _printfi.c.obj (.text:_pconv_g)
                  00002600    000001b6                                   : fd_add_t2.asm.obj (.text)
                  000027b6    00000002                                   : div0.asm.obj (.text)
                  000027b8    0000013c                                   : _printfi.c.obj (.text:_pconv_e)
                  000028f4    00000136                                   : fd_div_t2.asm.obj (.text)
                  00002a2a    00000002     --HOLE-- [fill = 0]
                  00002a2c    00000124                                   : _printfi.c.obj (.text:fcvt)
                  00002b50    00000110                                   : s_scalbn.c.obj (.text:scalbn)
                  00002c60    00000100                                   : memory.c.obj (.text:aligned_alloc)
                  00002d60    000000fc                                   : fd_mul_t2.asm.obj (.text)
                  00002e5c    000000e4                                   : memory.c.obj (.text:free)
                  00002f40    000000b1                                   : _printfi.c.obj (.text:_ltostr)
                  00002ff1    00000001     --HOLE-- [fill = 0]
                  00002ff2    0000009c                                   : memcpy_t2.asm.obj (.text)
                  0000308e    00000096                                   : ull_div_t2.asm.obj (.text)
                  00003124    00000086                                   : fd_cmp_t2.asm.obj (.text:__aeabi_cdcmple)
                  000031aa    00000086                                   : fd_cmp_t2.asm.obj (.text:__aeabi_cdrcmple)
                  00003230    0000007a                                   : memset_t2.asm.obj (.text)
                  000032aa    00000002     --HOLE-- [fill = 0]
                  000032ac    00000070                                   : memory.c.obj (.text:split)
                  0000331c    0000006e                                   : _printfi.c.obj (.text:_mcpy)
                  0000338a    0000006e                                   : fd_tos_t2.asm.obj (.text)
                  000033f8    00000068                                   : copy_decompress_lzss.c.obj (.text:decompress:lzss:__TI_decompress_lzss)
                  00003460    00000064                                   : s_frexp.c.obj (.text:frexp)
                  000034c4    00000056                                   : _printfi.c.obj (.text:_pconv_f)
                  0000351a    00000054                                   : _ltoa.c.obj (.text:__TI_ltoa)
                  0000356e    00000052                                   : _printfi.c.obj (.text:_ecpy)
                  000035c0    0000004c                                   : atoi.c.obj (.text:atoi)
                  0000360c    00000048                                   : fd_toi_t2.asm.obj (.text)
                  00003654    00000044                                   : autoinit.c.obj (.text:__TI_auto_init_nobinit_nopinit:__TI_auto_init_nobinit_nopinit)
                  00003698    00000040                                   : vsnprintf.c.obj (.text:vsnprintf)
                  000036d8    0000003e                                   : _printfi.c.obj (.text:_fcpy)
                  00003716    00000002     --HOLE-- [fill = 0]
                  00003718    0000003c     main.obj (.text)
                  00003754    00000038     rtsv7M4_T_le_v4SPD16_eabi.lib : memory.c.obj (.text:calloc)
                  0000378c    00000038                                   : fs_tod_t2.asm.obj (.text)
                  000037c4    00000034     driverlib.lib : interrupt.obj (.text:IntRegister)
                  000037f8    00000034     rtsv7M4_T_le_v4SPD16_eabi.lib : boot_cortex_m.c.obj (.text:_c_int00_noargs:_c_int00_noargs)
                  0000382c    00000030                                   : vsnprintf.c.obj (.text:_outs)
                  0000385c    0000002e                                   : i_tofd_t2.asm.obj (.text)
                  0000388a    00000002     --HOLE-- [fill = 0]
                  0000388c    00000028                                   : memory.c.obj (.text:free_list_insert)
                  000038b4    0000001c                                   : copy_zero_init.c.obj (.text:decompress:ZI:__TI_zero_init_nomemset:__TI_zero_init_nomemset)
                  000038d0    0000001c                                   : memory.c.obj (.text:free_list_remove)
                  000038ec    0000001c                                   : memccpy.c.obj (.text:memccpy)
                  00003908    0000001a                                   : s_copysign.c.obj (.text:copysign)
                  00003922    00000018                                   : vsnprintf.c.obj (.text:_outc)
                  0000393a    00000018     open_interface.obj (.text:oi_parseInt)
                  00003952    00000018     rtsv7M4_T_le_v4SPD16_eabi.lib : strcmp.c.obj (.text:strcmp)
                  0000396a    00000016                                   : strchr.c.obj (.text:strchr)
                  00003980    00000014                                   : strcpy.c.obj (.text:strcpy)
                  00003994    00000014                                   : strlen.c.obj (.text:strlen)
                  000039a8    00000012                                   : wcslen.c.obj (.text:wcslen)
                  000039ba    00000010     driverlib.lib : interrupt.obj (.text:IntMasterEnable)
                  000039ca    00000010     lcd.obj (.text:lcd_clear)
                  000039da    0000000e     rtsv7M4_T_le_v4SPD16_eabi.lib : copy_decompress_none.c.obj (.text:decompress:none:__TI_decompress_none)
                  000039e8    0000000c     driverlib.lib : cpu.obj (.text:CPUcpsie)
                  000039f4    0000000c     tm4c123gh6pm_startup_ccs.obj (.text)
                  00003a00    00000008     rtsv7M4_T_le_v4SPD16_eabi.lib : errno.c.obj (.text:__aeabi_errno_addr)
                  00003a08    00000008                                   : memory.c.obj (.text:malloc)
                  00003a10    00000004                                   : pre_init.c.obj (.text:_system_pre_init)
                  00003a14    00000004                                   : exit.c.obj (.text:abort:abort)

.const     0    00003a18    00000120     
                  00003a18    00000101     rtsv7M4_T_le_v4SPD16_eabi.lib : ctype.c.obj (.const:.string:_ctypes_)
                  00003b19    0000000f     open_interface.obj (.const:.string:$P$T0$3)
                  00003b28    00000008     main.obj (.const)
                  00003b30    00000004     lcd.obj (.const:.string:lineAddress$1)
                  00003b34    00000004     lcd.obj (.const:.string:lineAddresses$2)

.cinit     0    00003b38    00000050     
                  00003b38    00000018     (.cinit..data.load) [load image, compression = lzss]
                  00003b50    0000000c     (__TI_handler_table)
                  00003b5c    00000004     --HOLE-- [fill = 0]
                  00003b60    00000008     (.cinit..bss.load) [load image, compression = zero_init]
                  00003b68    00000008     (.cinit..vtable.load) [load image, compression = zero_init]
                  00003b70    00000018     (__TI_cinit_table)

.init_array 
*          0    00000000    00000000     UNINITIALIZED

.vtable    0    20000000    0000026c     UNINITIALIZED
                  20000000    0000026c     driverlib.lib : interrupt.obj (.vtable)

.stack     0    20000270    00000800     UNINITIALIZED
                  20000270    00000004     rtsv7M4_T_le_v4SPD16_eabi.lib : boot_cortex_m.c.obj (.stack)
                  20000274    000007fc     --HOLE--

.sysmem    0    20000a70    00000400     UNINITIALIZED
                  20000a70    00000010     rtsv7M4_T_le_v4SPD16_eabi.lib : memory.c.obj (.sysmem)
                  20000a80    000003f0     --HOLE--

.bss       0    20000e70    00000070     UNINITIALIZED
                  20000e70    00000054     lcd.obj (.bss:lastbuffer$3)
                  20000ec4    00000018     open_interface.obj (.bss:firmware$2)
                  20000edc    00000004     (.common:_timeout_ticks)

.data      0    20000ee0    00000035     UNINITIALIZED
                  20000ee0    00000020     open_interface.obj (.data)
                  20000f00    00000008     rtsv7M4_T_le_v4SPD16_eabi.lib : _lock.c.obj (.data:$O1$$)
                  20000f08    00000008                                   : memory.c.obj (.data:$O1$$)
                  20000f10    00000004                                   : errno.c.obj (.data)
                  20000f14    00000001     Timer.obj (.data)

__llvm_prf_cnts 
*          0    20000000    00000000     UNINITIALIZED

MODULE SUMMARY

       Module                         code    ro data   rw data
       ------                         ----    -------   -------
    .\
       open_interface.obj             3128    15        56     
       lcd.obj                        824     8         84     
       movement.obj                   884     0         0      
       tm4c123gh6pm_startup_ccs.obj   12      620       0      
       Timer.obj                      584     0         5      
       main.obj                       60      8         0      
    +--+------------------------------+-------+---------+---------+
       Total:                         5492    651       145    
                                                               
    C:/ti/TivaWare_C_Series-2.1.4.178/driverlib/ccs/Debug/driverlib.lib
       interrupt.obj                  68      0         620    
       cpu.obj                        12      0         0      
    +--+------------------------------+-------+---------+---------+
       Total:                         80      0         620    
                                                               
    C:\ti\ccs1031\ccs\tools\compiler\ti-cgt-arm_20.2.4.LTS\lib\rtsv7M4_T_le_v4SPD16_eabi.lib
       _printfi.c.obj                 4851    0         0      
       memory.c.obj                   728     0         8      
       fd_add_t2.asm.obj              438     0         0      
       fd_div_t2.asm.obj              310     0         0      
       s_scalbn.c.obj                 272     0         0      
       fd_cmp_t2.asm.obj              268     0         0      
       ctype.c.obj                    0       257       0      
       fd_mul_t2.asm.obj              252     0         0      
       memcpy_t2.asm.obj              156     0         0      
       ull_div_t2.asm.obj             150     0         0      
       vsnprintf.c.obj                136     0         0      
       memset_t2.asm.obj              122     0         0      
       fd_tos_t2.asm.obj              110     0         0      
       copy_decompress_lzss.c.obj     104     0         0      
       s_frexp.c.obj                  100     0         0      
       _ltoa.c.obj                    84      0         0      
       atoi.c.obj                     76      0         0      
       fd_toi_t2.asm.obj              72      0         0      
       autoinit.c.obj                 68      0         0      
       fs_tod_t2.asm.obj              56      0         0      
       boot_cortex_m.c.obj            52      0         0      
       i_tofd_t2.asm.obj              46      0         0      
       copy_zero_init.c.obj           28      0         0      
       memccpy.c.obj                  28      0         0      
       s_copysign.c.obj               26      0         0      
       strcmp.c.obj                   24      0         0      
       strchr.c.obj                   22      0         0      
       strcpy.c.obj                   20      0         0      
       strlen.c.obj                   20      0         0      
       wcslen.c.obj                   18      0         0      
       copy_decompress_none.c.obj     14      0         0      
       errno.c.obj                    8       0         4      
       _lock.c.obj                    2       0         8      
       exit.c.obj                     4       0         0      
       pre_init.c.obj                 4       0         0      
       div0.asm.obj                   2       0         0      
    +--+------------------------------+-------+---------+---------+
       Total:                         8671    257       20     
                                                               
       Heap:                          0       0         1024   
       Stack:                         0       0         2048   
       Linker Generated:              0       76        0      
    +--+------------------------------+-------+---------+---------+
       Grand Total:                   14243   984       3857   


LINKER GENERATED COPY TABLES

__TI_cinit_table @ 00003b70 records: 3, size/record: 8, table size: 24
	.data: load addr=00003b38, load size=00000018 bytes, run addr=20000ee0, run size=00000035 bytes, compression=lzss
	.bss: load addr=00003b60, load size=00000008 bytes, run addr=20000e70, run size=00000070 bytes, compression=zero_init
	.vtable: load addr=00003b68, load size=00000008 bytes, run addr=20000000, run size=0000026c bytes, compression=zero_init


LINKER GENERATED HANDLER TABLE

__TI_handler_table @ 00003b50 records: 3, size/record: 4, table size: 12
	index: 0, handler: __TI_zero_init
	index: 1, handler: __TI_decompress_lzss
	index: 2, handler: __TI_decompress_none


GLOBAL SYMBOLS: SORTED ALPHABETICALLY BY Name 

address   name                          
-------   ----                          
00003a15  C$$EXIT                       
000039e9  CPUcpsie                      
00000bc3  GPIOF_Handler                 
000039bb  IntMasterEnable               
000037c5  IntRegister                   
000019b1  LeftBumperHit                 
00003b28  MAX_DISTANCE                  
000039f5  ResetISR                      
000019fd  RightBumperHit                
20000a70  __STACK_END                   
00000800  __STACK_SIZE                  
20000470  __STACK_TOP                   
00000400  __SYSMEM_SIZE                 
00003b70  __TI_CINIT_Base               
00003b88  __TI_CINIT_Limit              
00003b50  __TI_Handler_Table_Base       
00003b5c  __TI_Handler_Table_Limit      
00003655  __TI_auto_init_nobinit_nopinit
000033f9  __TI_decompress_lzss          
000039db  __TI_decompress_none          
0000351b  __TI_ltoa                     
ffffffff  __TI_pprof_out_hndl           
00000e8d  __TI_printfi                  
ffffffff  __TI_prof_data_size           
ffffffff  __TI_prof_data_start          
00000000  __TI_static_base__            
000038b5  __TI_zero_init_nomemset       
00003125  __aeabi_cdcmpeq               
00003125  __aeabi_cdcmple               
000031ab  __aeabi_cdrcmple              
0000338b  __aeabi_d2f                   
0000360d  __aeabi_d2iz                  
0000260b  __aeabi_dadd                  
000028f5  __aeabi_ddiv                  
00002d61  __aeabi_dmul                  
00002601  __aeabi_dsub                  
00003a01  __aeabi_errno_addr            
0000378d  __aeabi_f2d                   
0000385d  __aeabi_i2d                   
000027b7  __aeabi_idiv0                 
000027b7  __aeabi_ldiv0                 
00003231  __aeabi_memclr                
00003231  __aeabi_memclr4               
00003231  __aeabi_memclr8               
00002ff3  __aeabi_memcpy                
00002ff3  __aeabi_memcpy4               
00002ff3  __aeabi_memcpy8               
00003233  __aeabi_memset                
00003233  __aeabi_memset4               
00003233  __aeabi_memset8               
0000308f  __aeabi_uldivmod              
ffffffff  __binit__                     
ffffffff  __c_args__                    
UNDEFED   __mpu_init                    
20000270  __stack                       
20000000  __start___llvm_prf_cnts       
20000000  __stop___llvm_prf_cnts        
000037f9  _c_int00_noargs               
00003a18  _ctypes_                      
20000f00  _lock                         
000018db  _nop                          
20000f14  _running                      
20000a70  _sys_memory                   
UNDEFED   _system_post_cinit            
00003a11  _system_pre_init              
20000edc  _timeout_ticks                
20000f04  _unlock                       
00003a15  abort                         
00001ac1  adjustForHardware             
00002c61  aligned_alloc                 
000035c1  atoi                          
ffffffff  binit                         
00003755  calloc                        
00003909  copysign                      
00003909  copysignl                     
20000f10  errno                         
00002e5d  free                          
00003461  frexp                         
00003461  frexpl                        
20000000  g_pfnRAMVectors               
00000000  g_pfnVectors                  
0000097f  go_charge                     
000039cb  lcd_clear                     
00001e25  lcd_gotoLine                  
00001c8d  lcd_init                      
00001e8b  lcd_printf                    
00001d4d  lcd_putc                      
00001d85  lcd_puts                      
00001c51  lcd_reverseNibble             
00001da3  lcd_sendCommand               
00001de1  lcd_sendNibble                
00001e4d  lcd_setCursorPos              
00002b51  ldexp                         
00002b51  ldexpl                        
00003719  main                          
00003a09  malloc                        
00002c61  memalign                      
000038ed  memccpy                       
00002ff3  memcpy                        
00003239  memset                        
20000ee0  motor_cal_factor_L            
20000ee4  motor_cal_factor_R            
000018e9  move                          
0000026d  oi_alloc                      
00000aa9  oi_checkFirmware              
000002c7  oi_close                      
00000279  oi_free                       
00000ded  oi_getMotorCalibrationLeft    
00000e01  oi_getMotorCalibrationRight   
000002b1  oi_init                       
00000289  oi_init_noupdate              
00000915  oi_loadSong                   
0000393b  oi_parseInt                   
0000032b  oi_parsePacket                
0000096b  oi_play_song                  
0000084b  oi_setLeds                    
00000db1  oi_setMotorCalibration        
0000088f  oi_setWheels                  
00000b51  oi_shutoff_init               
0000098d  oi_uartInit                   
00000a31  oi_uartReceive                
00000a77  oi_uartSendBuff               
00000a15  oi_uartSendChar               
00000a59  oi_uartSendStr                
000002d9  oi_update                     
00001a49  reverse                       
00001adf  rotateLeft                    
00001b69  rotateRight                   
00002b51  scalbn                        
00002b51  scalbnl                       
000018dd  stop                          
0000396b  strchr                        
00003953  strcmp                        
00003981  strcpy                        
00003995  strlen                        
00002307  timer_getMicros               
000022af  timer_getMillis               
000021e9  timer_init                    
0000228b  timer_pause                   
0000229d  timer_resume                  
00002261  timer_stop                    
00002361  timer_waitMicros              
00002393  timer_waitMillis              
00003699  vsnprintf                     
000039a9  wcslen                        


GLOBAL SYMBOLS: SORTED BY Symbol Address 

address   name                          
-------   ----                          
00000000  __TI_static_base__            
00000000  g_pfnVectors                  
0000026d  oi_alloc                      
00000279  oi_free                       
00000289  oi_init_noupdate              
000002b1  oi_init                       
000002c7  oi_close                      
000002d9  oi_update                     
0000032b  oi_parsePacket                
00000400  __SYSMEM_SIZE                 
00000800  __STACK_SIZE                  
0000084b  oi_setLeds                    
0000088f  oi_setWheels                  
00000915  oi_loadSong                   
0000096b  oi_play_song                  
0000097f  go_charge                     
0000098d  oi_uartInit                   
00000a15  oi_uartSendChar               
00000a31  oi_uartReceive                
00000a59  oi_uartSendStr                
00000a77  oi_uartSendBuff               
00000aa9  oi_checkFirmware              
00000b51  oi_shutoff_init               
00000bc3  GPIOF_Handler                 
00000db1  oi_setMotorCalibration        
00000ded  oi_getMotorCalibrationLeft    
00000e01  oi_getMotorCalibrationRight   
00000e8d  __TI_printfi                  
000018db  _nop                          
000018dd  stop                          
000018e9  move                          
000019b1  LeftBumperHit                 
000019fd  RightBumperHit                
00001a49  reverse                       
00001ac1  adjustForHardware             
00001adf  rotateLeft                    
00001b69  rotateRight                   
00001c51  lcd_reverseNibble             
00001c8d  lcd_init                      
00001d4d  lcd_putc                      
00001d85  lcd_puts                      
00001da3  lcd_sendCommand               
00001de1  lcd_sendNibble                
00001e25  lcd_gotoLine                  
00001e4d  lcd_setCursorPos              
00001e8b  lcd_printf                    
000021e9  timer_init                    
00002261  timer_stop                    
0000228b  timer_pause                   
0000229d  timer_resume                  
000022af  timer_getMillis               
00002307  timer_getMicros               
00002361  timer_waitMicros              
00002393  timer_waitMillis              
00002601  __aeabi_dsub                  
0000260b  __aeabi_dadd                  
000027b7  __aeabi_idiv0                 
000027b7  __aeabi_ldiv0                 
000028f5  __aeabi_ddiv                  
00002b51  ldexp                         
00002b51  ldexpl                        
00002b51  scalbn                        
00002b51  scalbnl                       
00002c61  aligned_alloc                 
00002c61  memalign                      
00002d61  __aeabi_dmul                  
00002e5d  free                          
00002ff3  __aeabi_memcpy                
00002ff3  __aeabi_memcpy4               
00002ff3  __aeabi_memcpy8               
00002ff3  memcpy                        
0000308f  __aeabi_uldivmod              
00003125  __aeabi_cdcmpeq               
00003125  __aeabi_cdcmple               
000031ab  __aeabi_cdrcmple              
00003231  __aeabi_memclr                
00003231  __aeabi_memclr4               
00003231  __aeabi_memclr8               
00003233  __aeabi_memset                
00003233  __aeabi_memset4               
00003233  __aeabi_memset8               
00003239  memset                        
0000338b  __aeabi_d2f                   
000033f9  __TI_decompress_lzss          
00003461  frexp                         
00003461  frexpl                        
0000351b  __TI_ltoa                     
000035c1  atoi                          
0000360d  __aeabi_d2iz                  
00003655  __TI_auto_init_nobinit_nopinit
00003699  vsnprintf                     
00003719  main                          
00003755  calloc                        
0000378d  __aeabi_f2d                   
000037c5  IntRegister                   
000037f9  _c_int00_noargs               
0000385d  __aeabi_i2d                   
000038b5  __TI_zero_init_nomemset       
000038ed  memccpy                       
00003909  copysign                      
00003909  copysignl                     
0000393b  oi_parseInt                   
00003953  strcmp                        
0000396b  strchr                        
00003981  strcpy                        
00003995  strlen                        
000039a9  wcslen                        
000039bb  IntMasterEnable               
000039cb  lcd_clear                     
000039db  __TI_decompress_none          
000039e9  CPUcpsie                      
000039f5  ResetISR                      
00003a01  __aeabi_errno_addr            
00003a09  malloc                        
00003a11  _system_pre_init              
00003a15  C$$EXIT                       
00003a15  abort                         
00003a18  _ctypes_                      
00003b28  MAX_DISTANCE                  
00003b50  __TI_Handler_Table_Base       
00003b5c  __TI_Handler_Table_Limit      
00003b70  __TI_CINIT_Base               
00003b88  __TI_CINIT_Limit              
20000000  __start___llvm_prf_cnts       
20000000  __stop___llvm_prf_cnts        
20000000  g_pfnRAMVectors               
20000270  __stack                       
20000470  __STACK_TOP                   
20000a70  __STACK_END                   
20000a70  _sys_memory                   
20000edc  _timeout_ticks                
20000ee0  motor_cal_factor_L            
20000ee4  motor_cal_factor_R            
20000f00  _lock                         
20000f04  _unlock                       
20000f10  errno                         
20000f14  _running                      
ffffffff  __TI_pprof_out_hndl           
ffffffff  __TI_prof_data_size           
ffffffff  __TI_prof_data_start          
ffffffff  __binit__                     
ffffffff  __c_args__                    
ffffffff  binit                         
UNDEFED   __mpu_init                    
UNDEFED   _system_post_cinit            

[145 symbols]
