<?xml version="1.0" encoding="ISO-8859-1" ?>
<link_info>
   <banner>TI ARM Linker PC v20.2.4.LTS</banner>
   <copyright>Copyright (c) 1996-2018 Texas Instruments Incorporated</copyright>
   <link_time>0x61afb1dd</link_time>
   <link_errors>0x0</link_errors>
   <output_file>Lab_4.out</output_file>
   <entry_point>
      <name>_c_int00_noargs</name>
      <address>0x78fd</address>
   </entry_point>
   <input_file_list>
      <input_file id="fl-2">
         <path>.\</path>
         <kind>object</kind>
         <file>Timer.obj</file>
         <name>Timer.obj</name>
      </input_file>
      <input_file id="fl-3">
         <path>.\</path>
         <kind>object</kind>
         <file>adc.obj</file>
         <name>adc.obj</name>
      </input_file>
      <input_file id="fl-4">
         <path>.\</path>
         <kind>object</kind>
         <file>button.obj</file>
         <name>button.obj</name>
      </input_file>
      <input_file id="fl-5">
         <path>.\</path>
         <kind>object</kind>
         <file>lcd.obj</file>
         <name>lcd.obj</name>
      </input_file>
      <input_file id="fl-6">
         <path>.\</path>
         <kind>object</kind>
         <file>main.obj</file>
         <name>main.obj</name>
      </input_file>
      <input_file id="fl-7">
         <path>.\</path>
         <kind>object</kind>
         <file>movement.obj</file>
         <name>movement.obj</name>
      </input_file>
      <input_file id="fl-8">
         <path>.\</path>
         <kind>object</kind>
         <file>open_interface.obj</file>
         <name>open_interface.obj</name>
      </input_file>
      <input_file id="fl-9">
         <path>.\</path>
         <kind>object</kind>
         <file>scan.obj</file>
         <name>scan.obj</name>
      </input_file>
      <input_file id="fl-a">
         <path>.\</path>
         <kind>object</kind>
         <file>servo.obj</file>
         <name>servo.obj</name>
      </input_file>
      <input_file id="fl-b">
         <path>.\</path>
         <kind>object</kind>
         <file>sonar.obj</file>
         <name>sonar.obj</name>
      </input_file>
      <input_file id="fl-c">
         <path>.\</path>
         <kind>object</kind>
         <file>tm4c123gh6pm_startup_ccs.obj</file>
         <name>tm4c123gh6pm_startup_ccs.obj</name>
      </input_file>
      <input_file id="fl-d">
         <path>.\</path>
         <kind>object</kind>
         <file>traversal.obj</file>
         <name>traversal.obj</name>
      </input_file>
      <input_file id="fl-e">
         <path>.\</path>
         <kind>object</kind>
         <file>uart.obj</file>
         <name>uart.obj</name>
      </input_file>
      <input_file id="fl-13">
         <kind>object</kind>
         <file>&lt;internal&gt;</file>
         <name>&lt;internal&gt;</name>
      </input_file>
      <input_file id="fl-c9">
         <path>C:\ti\ccs1031\ccs\tools\compiler\ti-cgt-arm_20.2.4.LTS\lib\</path>
         <kind>archive</kind>
         <file>rtsv7M4_T_le_v4SPD16_eabi.lib</file>
         <name>printf.c.obj</name>
      </input_file>
      <input_file id="fl-ca">
         <path>C:\ti\ccs1031\ccs\tools\compiler\ti-cgt-arm_20.2.4.LTS\lib\</path>
         <kind>archive</kind>
         <file>rtsv7M4_T_le_v4SPD16_eabi.lib</file>
         <name>_printfi.c.obj</name>
      </input_file>
      <input_file id="fl-cb">
         <path>C:\ti\ccs1031\ccs\tools\compiler\ti-cgt-arm_20.2.4.LTS\lib\</path>
         <kind>archive</kind>
         <file>rtsv7M4_T_le_v4SPD16_eabi.lib</file>
         <name>vsnprintf.c.obj</name>
      </input_file>
      <input_file id="fl-cc">
         <path>C:\ti\ccs1031\ccs\tools\compiler\ti-cgt-arm_20.2.4.LTS\lib\</path>
         <kind>archive</kind>
         <file>rtsv7M4_T_le_v4SPD16_eabi.lib</file>
         <name>fputc.c.obj</name>
      </input_file>
      <input_file id="fl-cd">
         <path>C:\ti\ccs1031\ccs\tools\compiler\ti-cgt-arm_20.2.4.LTS\lib\</path>
         <kind>archive</kind>
         <file>rtsv7M4_T_le_v4SPD16_eabi.lib</file>
         <name>fputs.c.obj</name>
      </input_file>
      <input_file id="fl-ce">
         <path>C:\ti\ccs1031\ccs\tools\compiler\ti-cgt-arm_20.2.4.LTS\lib\</path>
         <kind>archive</kind>
         <file>rtsv7M4_T_le_v4SPD16_eabi.lib</file>
         <name>_io_perm.c.obj</name>
      </input_file>
      <input_file id="fl-cf">
         <path>C:\ti\ccs1031\ccs\tools\compiler\ti-cgt-arm_20.2.4.LTS\lib\</path>
         <kind>archive</kind>
         <file>rtsv7M4_T_le_v4SPD16_eabi.lib</file>
         <name>setvbuf.c.obj</name>
      </input_file>
      <input_file id="fl-d0">
         <path>C:\ti\ccs1031\ccs\tools\compiler\ti-cgt-arm_20.2.4.LTS\lib\</path>
         <kind>archive</kind>
         <file>rtsv7M4_T_le_v4SPD16_eabi.lib</file>
         <name>e_pow.c.obj</name>
      </input_file>
      <input_file id="fl-d1">
         <path>C:\ti\ccs1031\ccs\tools\compiler\ti-cgt-arm_20.2.4.LTS\lib\</path>
         <kind>archive</kind>
         <file>rtsv7M4_T_le_v4SPD16_eabi.lib</file>
         <name>e_sqrt.c.obj</name>
      </input_file>
      <input_file id="fl-d2">
         <path>C:\ti\ccs1031\ccs\tools\compiler\ti-cgt-arm_20.2.4.LTS\lib\</path>
         <kind>archive</kind>
         <file>rtsv7M4_T_le_v4SPD16_eabi.lib</file>
         <name>s_frexp.c.obj</name>
      </input_file>
      <input_file id="fl-d3">
         <path>C:\ti\ccs1031\ccs\tools\compiler\ti-cgt-arm_20.2.4.LTS\lib\</path>
         <kind>archive</kind>
         <file>rtsv7M4_T_le_v4SPD16_eabi.lib</file>
         <name>s_scalbn.c.obj</name>
      </input_file>
      <input_file id="fl-d4">
         <path>C:\ti\ccs1031\ccs\tools\compiler\ti-cgt-arm_20.2.4.LTS\lib\</path>
         <kind>archive</kind>
         <file>rtsv7M4_T_le_v4SPD16_eabi.lib</file>
         <name>s_sin.c.obj</name>
      </input_file>
      <input_file id="fl-d5">
         <path>C:\ti\ccs1031\ccs\tools\compiler\ti-cgt-arm_20.2.4.LTS\lib\</path>
         <kind>archive</kind>
         <file>rtsv7M4_T_le_v4SPD16_eabi.lib</file>
         <name>s_copysign.c.obj</name>
      </input_file>
      <input_file id="fl-d6">
         <path>C:\ti\ccs1031\ccs\tools\compiler\ti-cgt-arm_20.2.4.LTS\lib\</path>
         <kind>archive</kind>
         <file>rtsv7M4_T_le_v4SPD16_eabi.lib</file>
         <name>ull_div_t2.asm.obj</name>
      </input_file>
      <input_file id="fl-d7">
         <path>C:\ti\ccs1031\ccs\tools\compiler\ti-cgt-arm_20.2.4.LTS\lib\</path>
         <kind>archive</kind>
         <file>rtsv7M4_T_le_v4SPD16_eabi.lib</file>
         <name>memset_t2.asm.obj</name>
      </input_file>
      <input_file id="fl-d8">
         <path>C:\ti\ccs1031\ccs\tools\compiler\ti-cgt-arm_20.2.4.LTS\lib\</path>
         <kind>archive</kind>
         <file>rtsv7M4_T_le_v4SPD16_eabi.lib</file>
         <name>fd_add_t2.asm.obj</name>
      </input_file>
      <input_file id="fl-d9">
         <path>C:\ti\ccs1031\ccs\tools\compiler\ti-cgt-arm_20.2.4.LTS\lib\</path>
         <kind>archive</kind>
         <file>rtsv7M4_T_le_v4SPD16_eabi.lib</file>
         <name>fd_cmp_t2.asm.obj</name>
      </input_file>
      <input_file id="fl-da">
         <path>C:\ti\ccs1031\ccs\tools\compiler\ti-cgt-arm_20.2.4.LTS\lib\</path>
         <kind>archive</kind>
         <file>rtsv7M4_T_le_v4SPD16_eabi.lib</file>
         <name>fd_div_t2.asm.obj</name>
      </input_file>
      <input_file id="fl-db">
         <path>C:\ti\ccs1031\ccs\tools\compiler\ti-cgt-arm_20.2.4.LTS\lib\</path>
         <kind>archive</kind>
         <file>rtsv7M4_T_le_v4SPD16_eabi.lib</file>
         <name>fd_mul_t2.asm.obj</name>
      </input_file>
      <input_file id="fl-dc">
         <path>C:\ti\ccs1031\ccs\tools\compiler\ti-cgt-arm_20.2.4.LTS\lib\</path>
         <kind>archive</kind>
         <file>rtsv7M4_T_le_v4SPD16_eabi.lib</file>
         <name>fd_toi_t2.asm.obj</name>
      </input_file>
      <input_file id="fl-dd">
         <path>C:\ti\ccs1031\ccs\tools\compiler\ti-cgt-arm_20.2.4.LTS\lib\</path>
         <kind>archive</kind>
         <file>rtsv7M4_T_le_v4SPD16_eabi.lib</file>
         <name>fd_tos_t2.asm.obj</name>
      </input_file>
      <input_file id="fl-de">
         <path>C:\ti\ccs1031\ccs\tools\compiler\ti-cgt-arm_20.2.4.LTS\lib\</path>
         <kind>archive</kind>
         <file>rtsv7M4_T_le_v4SPD16_eabi.lib</file>
         <name>fd_tou_t2.asm.obj</name>
      </input_file>
      <input_file id="fl-df">
         <path>C:\ti\ccs1031\ccs\tools\compiler\ti-cgt-arm_20.2.4.LTS\lib\</path>
         <kind>archive</kind>
         <file>rtsv7M4_T_le_v4SPD16_eabi.lib</file>
         <name>fs_tod_t2.asm.obj</name>
      </input_file>
      <input_file id="fl-e0">
         <path>C:\ti\ccs1031\ccs\tools\compiler\ti-cgt-arm_20.2.4.LTS\lib\</path>
         <kind>archive</kind>
         <file>rtsv7M4_T_le_v4SPD16_eabi.lib</file>
         <name>i_tofd_t2.asm.obj</name>
      </input_file>
      <input_file id="fl-e1">
         <path>C:\ti\ccs1031\ccs\tools\compiler\ti-cgt-arm_20.2.4.LTS\lib\</path>
         <kind>archive</kind>
         <file>rtsv7M4_T_le_v4SPD16_eabi.lib</file>
         <name>memcpy_t2.asm.obj</name>
      </input_file>
      <input_file id="fl-e2">
         <path>C:\ti\ccs1031\ccs\tools\compiler\ti-cgt-arm_20.2.4.LTS\lib\</path>
         <kind>archive</kind>
         <file>rtsv7M4_T_le_v4SPD16_eabi.lib</file>
         <name>u_tofd_t2.asm.obj</name>
      </input_file>
      <input_file id="fl-e3">
         <path>C:\ti\ccs1031\ccs\tools\compiler\ti-cgt-arm_20.2.4.LTS\lib\</path>
         <kind>archive</kind>
         <file>rtsv7M4_T_le_v4SPD16_eabi.lib</file>
         <name>copy_zero_init.c.obj</name>
      </input_file>
      <input_file id="fl-e4">
         <path>C:\ti\ccs1031\ccs\tools\compiler\ti-cgt-arm_20.2.4.LTS\lib\</path>
         <kind>archive</kind>
         <file>rtsv7M4_T_le_v4SPD16_eabi.lib</file>
         <name>copy_decompress_none.c.obj</name>
      </input_file>
      <input_file id="fl-e5">
         <path>C:\ti\ccs1031\ccs\tools\compiler\ti-cgt-arm_20.2.4.LTS\lib\</path>
         <kind>archive</kind>
         <file>rtsv7M4_T_le_v4SPD16_eabi.lib</file>
         <name>copy_decompress_lzss.c.obj</name>
      </input_file>
      <input_file id="fl-e6">
         <path>C:\ti\ccs1031\ccs\tools\compiler\ti-cgt-arm_20.2.4.LTS\lib\</path>
         <kind>archive</kind>
         <file>rtsv7M4_T_le_v4SPD16_eabi.lib</file>
         <name>exit.c.obj</name>
      </input_file>
      <input_file id="fl-e7">
         <path>C:\ti\ccs1031\ccs\tools\compiler\ti-cgt-arm_20.2.4.LTS\lib\</path>
         <kind>archive</kind>
         <file>rtsv7M4_T_le_v4SPD16_eabi.lib</file>
         <name>_lock.c.obj</name>
      </input_file>
      <input_file id="fl-e8">
         <path>C:\ti\ccs1031\ccs\tools\compiler\ti-cgt-arm_20.2.4.LTS\lib\</path>
         <kind>archive</kind>
         <file>rtsv7M4_T_le_v4SPD16_eabi.lib</file>
         <name>_ltoa.c.obj</name>
      </input_file>
      <input_file id="fl-e9">
         <path>C:\ti\ccs1031\ccs\tools\compiler\ti-cgt-arm_20.2.4.LTS\lib\</path>
         <kind>archive</kind>
         <file>rtsv7M4_T_le_v4SPD16_eabi.lib</file>
         <name>atoi.c.obj</name>
      </input_file>
      <input_file id="fl-ea">
         <path>C:\ti\ccs1031\ccs\tools\compiler\ti-cgt-arm_20.2.4.LTS\lib\</path>
         <kind>archive</kind>
         <file>rtsv7M4_T_le_v4SPD16_eabi.lib</file>
         <name>ctype.c.obj</name>
      </input_file>
      <input_file id="fl-eb">
         <path>C:\ti\ccs1031\ccs\tools\compiler\ti-cgt-arm_20.2.4.LTS\lib\</path>
         <kind>archive</kind>
         <file>rtsv7M4_T_le_v4SPD16_eabi.lib</file>
         <name>defs.c.obj</name>
      </input_file>
      <input_file id="fl-ec">
         <path>C:\ti\ccs1031\ccs\tools\compiler\ti-cgt-arm_20.2.4.LTS\lib\</path>
         <kind>archive</kind>
         <file>rtsv7M4_T_le_v4SPD16_eabi.lib</file>
         <name>memccpy.c.obj</name>
      </input_file>
      <input_file id="fl-ed">
         <path>C:\ti\ccs1031\ccs\tools\compiler\ti-cgt-arm_20.2.4.LTS\lib\</path>
         <kind>archive</kind>
         <file>rtsv7M4_T_le_v4SPD16_eabi.lib</file>
         <name>memchr.c.obj</name>
      </input_file>
      <input_file id="fl-ee">
         <path>C:\ti\ccs1031\ccs\tools\compiler\ti-cgt-arm_20.2.4.LTS\lib\</path>
         <kind>archive</kind>
         <file>rtsv7M4_T_le_v4SPD16_eabi.lib</file>
         <name>memory.c.obj</name>
      </input_file>
      <input_file id="fl-ef">
         <path>C:\ti\ccs1031\ccs\tools\compiler\ti-cgt-arm_20.2.4.LTS\lib\</path>
         <kind>archive</kind>
         <file>rtsv7M4_T_le_v4SPD16_eabi.lib</file>
         <name>strchr.c.obj</name>
      </input_file>
      <input_file id="fl-f0">
         <path>C:\ti\ccs1031\ccs\tools\compiler\ti-cgt-arm_20.2.4.LTS\lib\</path>
         <kind>archive</kind>
         <file>rtsv7M4_T_le_v4SPD16_eabi.lib</file>
         <name>strcmp.c.obj</name>
      </input_file>
      <input_file id="fl-f1">
         <path>C:\ti\ccs1031\ccs\tools\compiler\ti-cgt-arm_20.2.4.LTS\lib\</path>
         <kind>archive</kind>
         <file>rtsv7M4_T_le_v4SPD16_eabi.lib</file>
         <name>strcpy.c.obj</name>
      </input_file>
      <input_file id="fl-f2">
         <path>C:\ti\ccs1031\ccs\tools\compiler\ti-cgt-arm_20.2.4.LTS\lib\</path>
         <kind>archive</kind>
         <file>rtsv7M4_T_le_v4SPD16_eabi.lib</file>
         <name>strlen.c.obj</name>
      </input_file>
      <input_file id="fl-f3">
         <path>C:\ti\ccs1031\ccs\tools\compiler\ti-cgt-arm_20.2.4.LTS\lib\</path>
         <kind>archive</kind>
         <file>rtsv7M4_T_le_v4SPD16_eabi.lib</file>
         <name>k_rem_pio2.c.obj</name>
      </input_file>
      <input_file id="fl-f4">
         <path>C:\ti\ccs1031\ccs\tools\compiler\ti-cgt-arm_20.2.4.LTS\lib\</path>
         <kind>archive</kind>
         <file>rtsv7M4_T_le_v4SPD16_eabi.lib</file>
         <name>errno.c.obj</name>
      </input_file>
      <input_file id="fl-f5">
         <path>C:\ti\ccs1031\ccs\tools\compiler\ti-cgt-arm_20.2.4.LTS\lib\</path>
         <kind>archive</kind>
         <file>rtsv7M4_T_le_v4SPD16_eabi.lib</file>
         <name>boot_cortex_m.c.obj</name>
      </input_file>
      <input_file id="fl-f6">
         <path>C:\ti\ccs1031\ccs\tools\compiler\ti-cgt-arm_20.2.4.LTS\lib\</path>
         <kind>archive</kind>
         <file>rtsv7M4_T_le_v4SPD16_eabi.lib</file>
         <name>write.c.obj</name>
      </input_file>
      <input_file id="fl-f7">
         <path>C:\ti\ccs1031\ccs\tools\compiler\ti-cgt-arm_20.2.4.LTS\lib\</path>
         <kind>archive</kind>
         <file>rtsv7M4_T_le_v4SPD16_eabi.lib</file>
         <name>host_device.c.obj</name>
      </input_file>
      <input_file id="fl-f8">
         <path>C:\ti\ccs1031\ccs\tools\compiler\ti-cgt-arm_20.2.4.LTS\lib\</path>
         <kind>archive</kind>
         <file>rtsv7M4_T_le_v4SPD16_eabi.lib</file>
         <name>wcslen.c.obj</name>
      </input_file>
      <input_file id="fl-f9">
         <path>C:\ti\ccs1031\ccs\tools\compiler\ti-cgt-arm_20.2.4.LTS\lib\</path>
         <kind>archive</kind>
         <file>rtsv7M4_T_le_v4SPD16_eabi.lib</file>
         <name>fflush.c.obj</name>
      </input_file>
      <input_file id="fl-fa">
         <path>C:\ti\ccs1031\ccs\tools\compiler\ti-cgt-arm_20.2.4.LTS\lib\</path>
         <kind>archive</kind>
         <file>rtsv7M4_T_le_v4SPD16_eabi.lib</file>
         <name>fopen.c.obj</name>
      </input_file>
      <input_file id="fl-fb">
         <path>C:\ti\ccs1031\ccs\tools\compiler\ti-cgt-arm_20.2.4.LTS\lib\</path>
         <kind>archive</kind>
         <file>rtsv7M4_T_le_v4SPD16_eabi.lib</file>
         <name>fseek.c.obj</name>
      </input_file>
      <input_file id="fl-fc">
         <path>C:\ti\ccs1031\ccs\tools\compiler\ti-cgt-arm_20.2.4.LTS\lib\</path>
         <kind>archive</kind>
         <file>rtsv7M4_T_le_v4SPD16_eabi.lib</file>
         <name>k_cos.c.obj</name>
      </input_file>
      <input_file id="fl-fd">
         <path>C:\ti\ccs1031\ccs\tools\compiler\ti-cgt-arm_20.2.4.LTS\lib\</path>
         <kind>archive</kind>
         <file>rtsv7M4_T_le_v4SPD16_eabi.lib</file>
         <name>k_sin.c.obj</name>
      </input_file>
      <input_file id="fl-fe">
         <path>C:\ti\ccs1031\ccs\tools\compiler\ti-cgt-arm_20.2.4.LTS\lib\</path>
         <kind>archive</kind>
         <file>rtsv7M4_T_le_v4SPD16_eabi.lib</file>
         <name>s_floor.c.obj</name>
      </input_file>
      <input_file id="fl-ff">
         <path>C:\ti\ccs1031\ccs\tools\compiler\ti-cgt-arm_20.2.4.LTS\lib\</path>
         <kind>archive</kind>
         <file>rtsv7M4_T_le_v4SPD16_eabi.lib</file>
         <name>div0.asm.obj</name>
      </input_file>
      <input_file id="fl-100">
         <path>C:\ti\ccs1031\ccs\tools\compiler\ti-cgt-arm_20.2.4.LTS\lib\</path>
         <kind>archive</kind>
         <file>rtsv7M4_T_le_v4SPD16_eabi.lib</file>
         <name>autoinit.c.obj</name>
      </input_file>
      <input_file id="fl-101">
         <path>C:\ti\ccs1031\ccs\tools\compiler\ti-cgt-arm_20.2.4.LTS\lib\</path>
         <kind>archive</kind>
         <file>rtsv7M4_T_le_v4SPD16_eabi.lib</file>
         <name>pre_init.c.obj</name>
      </input_file>
      <input_file id="fl-102">
         <path>C:\ti\ccs1031\ccs\tools\compiler\ti-cgt-arm_20.2.4.LTS\lib\</path>
         <kind>archive</kind>
         <file>rtsv7M4_T_le_v4SPD16_eabi.lib</file>
         <name>cpy_tbl.c.obj</name>
      </input_file>
      <input_file id="fl-103">
         <path>C:\ti\ccs1031\ccs\tools\compiler\ti-cgt-arm_20.2.4.LTS\lib\</path>
         <kind>archive</kind>
         <file>rtsv7M4_T_le_v4SPD16_eabi.lib</file>
         <name>args_main.c.obj</name>
      </input_file>
      <input_file id="fl-104">
         <path>C:\ti\ccs1031\ccs\tools\compiler\ti-cgt-arm_20.2.4.LTS\lib\</path>
         <kind>archive</kind>
         <file>rtsv7M4_T_le_v4SPD16_eabi.lib</file>
         <name>hostclose.c.obj</name>
      </input_file>
      <input_file id="fl-105">
         <path>C:\ti\ccs1031\ccs\tools\compiler\ti-cgt-arm_20.2.4.LTS\lib\</path>
         <kind>archive</kind>
         <file>rtsv7M4_T_le_v4SPD16_eabi.lib</file>
         <name>hostlseek.c.obj</name>
      </input_file>
      <input_file id="fl-106">
         <path>C:\ti\ccs1031\ccs\tools\compiler\ti-cgt-arm_20.2.4.LTS\lib\</path>
         <kind>archive</kind>
         <file>rtsv7M4_T_le_v4SPD16_eabi.lib</file>
         <name>hostopen.c.obj</name>
      </input_file>
      <input_file id="fl-107">
         <path>C:\ti\ccs1031\ccs\tools\compiler\ti-cgt-arm_20.2.4.LTS\lib\</path>
         <kind>archive</kind>
         <file>rtsv7M4_T_le_v4SPD16_eabi.lib</file>
         <name>hostread.c.obj</name>
      </input_file>
      <input_file id="fl-108">
         <path>C:\ti\ccs1031\ccs\tools\compiler\ti-cgt-arm_20.2.4.LTS\lib\</path>
         <kind>archive</kind>
         <file>rtsv7M4_T_le_v4SPD16_eabi.lib</file>
         <name>hostrename.c.obj</name>
      </input_file>
      <input_file id="fl-109">
         <path>C:\ti\ccs1031\ccs\tools\compiler\ti-cgt-arm_20.2.4.LTS\lib\</path>
         <kind>archive</kind>
         <file>rtsv7M4_T_le_v4SPD16_eabi.lib</file>
         <name>hostunlink.c.obj</name>
      </input_file>
      <input_file id="fl-10a">
         <path>C:\ti\ccs1031\ccs\tools\compiler\ti-cgt-arm_20.2.4.LTS\lib\</path>
         <kind>archive</kind>
         <file>rtsv7M4_T_le_v4SPD16_eabi.lib</file>
         <name>hostwrite.c.obj</name>
      </input_file>
      <input_file id="fl-10b">
         <path>C:\ti\ccs1031\ccs\tools\compiler\ti-cgt-arm_20.2.4.LTS\lib\</path>
         <kind>archive</kind>
         <file>rtsv7M4_T_le_v4SPD16_eabi.lib</file>
         <name>trgmsg.c.obj</name>
      </input_file>
      <input_file id="fl-10c">
         <path>C:\ti\ccs1031\ccs\tools\compiler\ti-cgt-arm_20.2.4.LTS\lib\</path>
         <kind>archive</kind>
         <file>rtsv7M4_T_le_v4SPD16_eabi.lib</file>
         <name>open.c.obj</name>
      </input_file>
      <input_file id="fl-10d">
         <path>C:\ti\ccs1031\ccs\tools\compiler\ti-cgt-arm_20.2.4.LTS\lib\</path>
         <kind>archive</kind>
         <file>rtsv7M4_T_le_v4SPD16_eabi.lib</file>
         <name>lseek.c.obj</name>
      </input_file>
      <input_file id="fl-10e">
         <path>C:\ti\ccs1031\ccs\tools\compiler\ti-cgt-arm_20.2.4.LTS\lib\</path>
         <kind>archive</kind>
         <file>rtsv7M4_T_le_v4SPD16_eabi.lib</file>
         <name>fclose.c.obj</name>
      </input_file>
      <input_file id="fl-10f">
         <path>C:\ti\ccs1031\ccs\tools\compiler\ti-cgt-arm_20.2.4.LTS\lib\</path>
         <kind>archive</kind>
         <file>rtsv7M4_T_le_v4SPD16_eabi.lib</file>
         <name>getdevice.c.obj</name>
      </input_file>
      <input_file id="fl-110">
         <path>C:\ti\ccs1031\ccs\tools\compiler\ti-cgt-arm_20.2.4.LTS\lib\</path>
         <kind>archive</kind>
         <file>rtsv7M4_T_le_v4SPD16_eabi.lib</file>
         <name>strncpy.c.obj</name>
      </input_file>
      <input_file id="fl-111">
         <path>C:\ti\ccs1031\ccs\tools\compiler\ti-cgt-arm_20.2.4.LTS\lib\</path>
         <kind>archive</kind>
         <file>rtsv7M4_T_le_v4SPD16_eabi.lib</file>
         <name>remove.c.obj</name>
      </input_file>
      <input_file id="fl-112">
         <path>C:\ti\ccs1031\ccs\tools\compiler\ti-cgt-arm_20.2.4.LTS\lib\</path>
         <kind>archive</kind>
         <file>rtsv7M4_T_le_v4SPD16_eabi.lib</file>
         <name>close.c.obj</name>
      </input_file>
      <input_file id="fl-113">
         <path>C:\ti\ccs1031\ccs\tools\compiler\ti-cgt-arm_20.2.4.LTS\lib\</path>
         <kind>archive</kind>
         <file>rtsv7M4_T_le_v4SPD16_eabi.lib</file>
         <name>unlink.c.obj</name>
      </input_file>
      <input_file id="fl-114">
         <path>C:\ti\TivaWare_C_Series-2.1.4.178\driverlib\ccs\Debug\</path>
         <kind>archive</kind>
         <file>driverlib.lib</file>
         <name>interrupt.obj</name>
      </input_file>
      <input_file id="fl-115">
         <path>C:\ti\TivaWare_C_Series-2.1.4.178\driverlib\ccs\Debug\</path>
         <kind>archive</kind>
         <file>driverlib.lib</file>
         <name>cpu.obj</name>
      </input_file>
   </input_file_list>
   <object_component_list>
      <object_component id="oc-12">
         <name>.intvecs</name>
         <load_address>0x0</load_address>
         <run_address>0x0</run_address>
         <size>0x26c</size>
         <input_file_ref idref="fl-c"/>
      </object_component>
      <object_component id="oc-dd">
         <name>.text</name>
         <load_address>0x26c</load_address>
         <run_address>0x26c</run_address>
         <size>0xc20</size>
         <input_file_ref idref="fl-8"/>
      </object_component>
      <object_component id="oc-2a0">
         <name>.text:__TI_printfi</name>
         <load_address>0xe8c</load_address>
         <run_address>0xe8c</run_address>
         <size>0xa4e</size>
         <input_file_ref idref="fl-ca"/>
      </object_component>
      <object_component id="oc-326">
         <name>.text:_nop</name>
         <load_address>0x18da</load_address>
         <run_address>0x18da</run_address>
         <size>0x2</size>
         <input_file_ref idref="fl-e7"/>
      </object_component>
      <object_component id="oc-21b">
         <name>.text:pow</name>
         <load_address>0x18dc</load_address>
         <run_address>0x18dc</run_address>
         <size>0x9c0</size>
         <input_file_ref idref="fl-d0"/>
      </object_component>
      <object_component id="oc-113">
         <name>.text</name>
         <load_address>0x229c</load_address>
         <run_address>0x229c</run_address>
         <size>0x7b0</size>
         <input_file_ref idref="fl-7"/>
      </object_component>
      <object_component id="oc-2f0">
         <name>.text:__kernel_rem_pio2</name>
         <load_address>0x2a4c</load_address>
         <run_address>0x2a4c</run_address>
         <size>0x738</size>
         <input_file_ref idref="fl-f3"/>
      </object_component>
      <object_component id="oc-f5">
         <name>.text</name>
         <load_address>0x3184</load_address>
         <run_address>0x3184</run_address>
         <size>0x610</size>
         <input_file_ref idref="fl-a"/>
      </object_component>
      <object_component id="oc-214">
         <name>.text:sin</name>
         <load_address>0x3794</load_address>
         <run_address>0x3794</run_address>
         <size>0x5c4</size>
         <input_file_ref idref="fl-d4"/>
      </object_component>
      <object_component id="oc-107">
         <name>.text</name>
         <load_address>0x3d58</load_address>
         <run_address>0x3d58</run_address>
         <size>0x554</size>
         <input_file_ref idref="fl-9"/>
      </object_component>
      <object_component id="oc-fb">
         <name>.text</name>
         <load_address>0x42ac</load_address>
         <run_address>0x42ac</run_address>
         <size>0x3bc</size>
         <input_file_ref idref="fl-e"/>
      </object_component>
      <object_component id="oc-10d">
         <name>.text</name>
         <load_address>0x4668</load_address>
         <run_address>0x4668</run_address>
         <size>0x384</size>
         <input_file_ref idref="fl-d"/>
      </object_component>
      <object_component id="oc-ef">
         <name>.text</name>
         <load_address>0x49ec</load_address>
         <run_address>0x49ec</run_address>
         <size>0x328</size>
         <input_file_ref idref="fl-5"/>
      </object_component>
      <object_component id="oc-101">
         <name>.text</name>
         <load_address>0x4d14</load_address>
         <run_address>0x4d14</run_address>
         <size>0x280</size>
         <input_file_ref idref="fl-b"/>
      </object_component>
      <object_component id="oc-375">
         <name>.text:_pconv_a</name>
         <load_address>0x4f94</load_address>
         <run_address>0x4f94</run_address>
         <size>0x270</size>
         <input_file_ref idref="fl-ca"/>
      </object_component>
      <object_component id="oc-d7">
         <name>.text</name>
         <load_address>0x5204</load_address>
         <run_address>0x5204</run_address>
         <size>0x248</size>
         <input_file_ref idref="fl-2"/>
      </object_component>
      <object_component id="oc-363">
         <name>.text:_pconv_g</name>
         <load_address>0x544c</load_address>
         <run_address>0x544c</run_address>
         <size>0x1d0</size>
         <input_file_ref idref="fl-ca"/>
      </object_component>
      <object_component id="oc-a2">
         <name>.text</name>
         <load_address>0x561c</load_address>
         <run_address>0x561c</run_address>
         <size>0x1ca</size>
         <input_file_ref idref="fl-6"/>
      </object_component>
      <object_component id="oc-1a2">
         <name>.text</name>
         <load_address>0x57e6</load_address>
         <run_address>0x57e6</run_address>
         <size>0x1b6</size>
         <input_file_ref idref="fl-d8"/>
      </object_component>
      <object_component id="oc-2ea">
         <name>.text:__kernel_sin</name>
         <load_address>0x599c</load_address>
         <run_address>0x599c</run_address>
         <size>0x174</size>
         <input_file_ref idref="fl-fd"/>
      </object_component>
      <object_component id="oc-2f6">
         <name>.text:__kernel_cos</name>
         <load_address>0x5b10</load_address>
         <run_address>0x5b10</run_address>
         <size>0x16c</size>
         <input_file_ref idref="fl-fc"/>
      </object_component>
      <object_component id="oc-303">
         <name>.text:sqrt</name>
         <load_address>0x5c7c</load_address>
         <run_address>0x5c7c</run_address>
         <size>0x158</size>
         <input_file_ref idref="fl-d1"/>
      </object_component>
      <object_component id="oc-36f">
         <name>.text:_pconv_e</name>
         <load_address>0x5dd4</load_address>
         <run_address>0x5dd4</run_address>
         <size>0x13c</size>
         <input_file_ref idref="fl-ca"/>
      </object_component>
      <object_component id="oc-198">
         <name>.text</name>
         <load_address>0x5f10</load_address>
         <run_address>0x5f10</run_address>
         <size>0x136</size>
         <input_file_ref idref="fl-da"/>
      </object_component>
      <object_component id="oc-487">
         <name>.text</name>
         <load_address>0x6046</load_address>
         <run_address>0x6046</run_address>
         <size>0x2</size>
         <input_file_ref idref="fl-ff"/>
      </object_component>
      <object_component id="oc-419">
         <name>.text:fcvt</name>
         <load_address>0x6048</load_address>
         <run_address>0x6048</run_address>
         <size>0x124</size>
         <input_file_ref idref="fl-ca"/>
      </object_component>
      <object_component id="oc-39d">
         <name>.text:fputs</name>
         <load_address>0x616c</load_address>
         <run_address>0x616c</run_address>
         <size>0x114</size>
         <input_file_ref idref="fl-cd"/>
      </object_component>
      <object_component id="oc-312">
         <name>.text:scalbn</name>
         <load_address>0x6280</load_address>
         <run_address>0x6280</run_address>
         <size>0x110</size>
         <input_file_ref idref="fl-d3"/>
      </object_component>
      <object_component id="oc-2e3">
         <name>.text:aligned_alloc</name>
         <load_address>0x6390</load_address>
         <run_address>0x6390</run_address>
         <size>0x100</size>
         <input_file_ref idref="fl-ee"/>
      </object_component>
      <object_component id="oc-193">
         <name>.text</name>
         <load_address>0x6490</load_address>
         <run_address>0x6490</run_address>
         <size>0xfc</size>
         <input_file_ref idref="fl-db"/>
      </object_component>
      <object_component id="oc-3bb">
         <name>.text:floor</name>
         <load_address>0x658c</load_address>
         <run_address>0x658c</run_address>
         <size>0xf8</size>
         <input_file_ref idref="fl-fe"/>
      </object_component>
      <object_component id="oc-177">
         <name>.text:free</name>
         <load_address>0x6684</load_address>
         <run_address>0x6684</run_address>
         <size>0xe4</size>
         <input_file_ref idref="fl-ee"/>
      </object_component>
      <object_component id="oc-e3">
         <name>.text</name>
         <load_address>0x6768</load_address>
         <run_address>0x6768</run_address>
         <size>0xdc</size>
         <input_file_ref idref="fl-3"/>
      </object_component>
      <object_component id="oc-4ab">
         <name>.text:setvbuf</name>
         <load_address>0x6844</load_address>
         <run_address>0x6844</run_address>
         <size>0xdc</size>
         <input_file_ref idref="fl-cf"/>
      </object_component>
      <object_component id="oc-35d">
         <name>.text:_ltostr</name>
         <load_address>0x6920</load_address>
         <run_address>0x6920</run_address>
         <size>0xb1</size>
         <input_file_ref idref="fl-ca"/>
      </object_component>
      <object_component id="oc-3e">
         <name>.text</name>
         <load_address>0x69d2</load_address>
         <run_address>0x69d2</run_address>
         <size>0x9c</size>
         <input_file_ref idref="fl-e1"/>
      </object_component>
      <object_component id="oc-400">
         <name>.text</name>
         <load_address>0x6a6e</load_address>
         <run_address>0x6a6e</run_address>
         <size>0x96</size>
         <input_file_ref idref="fl-d6"/>
      </object_component>
      <object_component id="oc-3a4">
         <name>.text:fputc</name>
         <load_address>0x6b04</load_address>
         <run_address>0x6b04</run_address>
         <size>0x8c</size>
         <input_file_ref idref="fl-cc"/>
      </object_component>
      <object_component id="oc-1fd">
         <name>.text:__aeabi_cdcmple</name>
         <load_address>0x6b90</load_address>
         <run_address>0x6b90</run_address>
         <size>0x86</size>
         <input_file_ref idref="fl-d9"/>
      </object_component>
      <object_component id="oc-22e">
         <name>.text:__aeabi_cdrcmple</name>
         <load_address>0x6c16</load_address>
         <run_address>0x6c16</run_address>
         <size>0x86</size>
         <input_file_ref idref="fl-d9"/>
      </object_component>
      <object_component id="oc-96">
         <name>.text</name>
         <load_address>0x6c9c</load_address>
         <run_address>0x6c9c</run_address>
         <size>0x7a</size>
         <input_file_ref idref="fl-d7"/>
      </object_component>
      <object_component id="oc-4fc">
         <name>.text:__TI_closefile</name>
         <load_address>0x6d18</load_address>
         <run_address>0x6d18</run_address>
         <size>0x74</size>
         <input_file_ref idref="fl-10e"/>
      </object_component>
      <object_component id="oc-e9">
         <name>.text</name>
         <load_address>0x6d8c</load_address>
         <run_address>0x6d8c</run_address>
         <size>0x74</size>
         <input_file_ref idref="fl-4"/>
      </object_component>
      <object_component id="oc-3b2">
         <name>.text:split</name>
         <load_address>0x6e00</load_address>
         <run_address>0x6e00</run_address>
         <size>0x70</size>
         <input_file_ref idref="fl-ee"/>
      </object_component>
      <object_component id="oc-412">
         <name>.text:_mcpy</name>
         <load_address>0x6e70</load_address>
         <run_address>0x6e70</run_address>
         <size>0x6e</size>
         <input_file_ref idref="fl-ca"/>
      </object_component>
      <object_component id="oc-1aa">
         <name>.text</name>
         <load_address>0x6ede</load_address>
         <run_address>0x6ede</run_address>
         <size>0x6e</size>
         <input_file_ref idref="fl-dd"/>
      </object_component>
      <object_component id="oc-52c">
         <name>.text:HOSTrename</name>
         <load_address>0x6f4c</load_address>
         <run_address>0x6f4c</run_address>
         <size>0x6c</size>
         <input_file_ref idref="fl-108"/>
      </object_component>
      <object_component id="oc-520">
         <name>.text:HOSTlseek</name>
         <load_address>0x6fb8</load_address>
         <run_address>0x6fb8</run_address>
         <size>0x68</size>
         <input_file_ref idref="fl-105"/>
      </object_component>
      <object_component id="oc-15">
         <name>.text:decompress:lzss:__TI_decompress_lzss</name>
         <load_address>0x7020</load_address>
         <run_address>0x7020</run_address>
         <size>0x68</size>
         <input_file_ref idref="fl-e5"/>
      </object_component>
      <object_component id="oc-1ee">
         <name>.text:printf</name>
         <load_address>0x7088</load_address>
         <run_address>0x7088</run_address>
         <size>0x68</size>
         <input_file_ref idref="fl-c9"/>
      </object_component>
      <object_component id="oc-427">
         <name>.text:frexp</name>
         <load_address>0x70f0</load_address>
         <run_address>0x70f0</run_address>
         <size>0x64</size>
         <input_file_ref idref="fl-d2"/>
      </object_component>
      <object_component id="oc-4a5">
         <name>.text:fseek</name>
         <load_address>0x7154</load_address>
         <run_address>0x7154</run_address>
         <size>0x64</size>
         <input_file_ref idref="fl-fb"/>
      </object_component>
      <object_component id="oc-44b">
         <name>.text:__TI_wrt_ok</name>
         <load_address>0x71b8</load_address>
         <run_address>0x71b8</run_address>
         <size>0x62</size>
         <input_file_ref idref="fl-ce"/>
      </object_component>
      <object_component id="oc-508">
         <name>.text:HOSTopen</name>
         <load_address>0x721c</load_address>
         <run_address>0x721c</run_address>
         <size>0x60</size>
         <input_file_ref idref="fl-106"/>
      </object_component>
      <object_component id="oc-538">
         <name>.text:close</name>
         <load_address>0x727c</load_address>
         <run_address>0x727c</run_address>
         <size>0x5c</size>
         <input_file_ref idref="fl-112"/>
      </object_component>
      <object_component id="oc-514">
         <name>.text:HOSTread</name>
         <load_address>0x72d8</load_address>
         <run_address>0x72d8</run_address>
         <size>0x58</size>
         <input_file_ref idref="fl-107"/>
      </object_component>
      <object_component id="oc-51a">
         <name>.text:HOSTwrite</name>
         <load_address>0x7330</load_address>
         <run_address>0x7330</run_address>
         <size>0x58</size>
         <input_file_ref idref="fl-10a"/>
      </object_component>
      <object_component id="oc-369">
         <name>.text:_pconv_f</name>
         <load_address>0x7388</load_address>
         <run_address>0x7388</run_address>
         <size>0x56</size>
         <input_file_ref idref="fl-ca"/>
      </object_component>
      <object_component id="oc-406">
         <name>.text:__TI_ltoa</name>
         <load_address>0x73de</load_address>
         <run_address>0x73de</run_address>
         <size>0x54</size>
         <input_file_ref idref="fl-e8"/>
      </object_component>
      <object_component id="oc-40c">
         <name>.text:_ecpy</name>
         <load_address>0x7432</load_address>
         <run_address>0x7432</run_address>
         <size>0x52</size>
         <input_file_ref idref="fl-ca"/>
      </object_component>
      <object_component id="oc-457">
         <name>.text:__TI_doflush</name>
         <load_address>0x7484</load_address>
         <run_address>0x7484</run_address>
         <size>0x4c</size>
         <input_file_ref idref="fl-f9"/>
      </object_component>
      <object_component id="oc-357">
         <name>.text:atoi</name>
         <load_address>0x74d0</load_address>
         <run_address>0x74d0</run_address>
         <size>0x4c</size>
         <input_file_ref idref="fl-e9"/>
      </object_component>
      <object_component id="oc-12c">
         <name>.text:exit</name>
         <load_address>0x751c</load_address>
         <run_address>0x751c</run_address>
         <size>0x48</size>
         <input_file_ref idref="fl-e6"/>
      </object_component>
      <object_component id="oc-1dc">
         <name>.text</name>
         <load_address>0x7564</load_address>
         <run_address>0x7564</run_address>
         <size>0x48</size>
         <input_file_ref idref="fl-dc"/>
      </object_component>
      <object_component id="oc-50e">
         <name>.text:HOSTclose</name>
         <load_address>0x75ac</load_address>
         <run_address>0x75ac</run_address>
         <size>0x44</size>
         <input_file_ref idref="fl-104"/>
      </object_component>
      <object_component id="oc-526">
         <name>.text:HOSTunlink</name>
         <load_address>0x75f0</load_address>
         <run_address>0x75f0</run_address>
         <size>0x44</size>
         <input_file_ref idref="fl-109"/>
      </object_component>
      <object_component id="oc-132">
         <name>.text:__TI_auto_init_nobinit_nopinit:__TI_auto_init_nobinit_nopinit</name>
         <load_address>0x7634</load_address>
         <run_address>0x7634</run_address>
         <size>0x44</size>
         <input_file_ref idref="fl-100"/>
      </object_component>
      <object_component id="oc-567">
         <name>.text:getdevice</name>
         <load_address>0x7678</load_address>
         <run_address>0x7678</run_address>
         <size>0x44</size>
         <input_file_ref idref="fl-10f"/>
      </object_component>
      <object_component id="oc-1f4">
         <name>.text</name>
         <load_address>0x76bc</load_address>
         <run_address>0x76bc</run_address>
         <size>0x44</size>
         <input_file_ref idref="fl-de"/>
      </object_component>
      <object_component id="oc-1c1">
         <name>.text:vsnprintf</name>
         <load_address>0x7700</load_address>
         <run_address>0x7700</run_address>
         <size>0x40</size>
         <input_file_ref idref="fl-cb"/>
      </object_component>
      <object_component id="oc-41f">
         <name>.text:_fcpy</name>
         <load_address>0x7740</load_address>
         <run_address>0x7740</run_address>
         <size>0x3e</size>
         <input_file_ref idref="fl-ca"/>
      </object_component>
      <object_component id="oc-549">
         <name>.text:__TI_writemsg</name>
         <load_address>0x7780</load_address>
         <run_address>0x7780</run_address>
         <size>0x38</size>
         <input_file_ref idref="fl-10b"/>
      </object_component>
      <object_component id="oc-171">
         <name>.text:calloc</name>
         <load_address>0x77b8</load_address>
         <run_address>0x77b8</run_address>
         <size>0x38</size>
         <input_file_ref idref="fl-ee"/>
      </object_component>
      <object_component id="oc-1af">
         <name>.text</name>
         <load_address>0x77f0</load_address>
         <run_address>0x77f0</run_address>
         <size>0x38</size>
         <input_file_ref idref="fl-df"/>
      </object_component>
      <object_component id="oc-587">
         <name>.text:strncpy</name>
         <load_address>0x7828</load_address>
         <run_address>0x7828</run_address>
         <size>0x36</size>
         <input_file_ref idref="fl-110"/>
      </object_component>
      <object_component id="oc-166">
         <name>.text:IntRegister</name>
         <load_address>0x7860</load_address>
         <run_address>0x7860</run_address>
         <size>0x34</size>
         <input_file_ref idref="fl-114"/>
      </object_component>
      <object_component id="oc-4d3">
         <name>.text:__TI_cleanup</name>
         <load_address>0x7894</load_address>
         <run_address>0x7894</run_address>
         <size>0x34</size>
         <input_file_ref idref="fl-fa"/>
      </object_component>
      <object_component id="oc-54f">
         <name>.text:__TI_readmsg</name>
         <load_address>0x78c8</load_address>
         <run_address>0x78c8</run_address>
         <size>0x34</size>
         <input_file_ref idref="fl-10b"/>
      </object_component>
      <object_component id="oc-5c">
         <name>.text:_c_int00_noargs:_c_int00_noargs</name>
         <load_address>0x78fc</load_address>
         <run_address>0x78fc</run_address>
         <size>0x34</size>
         <input_file_ref idref="fl-f5"/>
      </object_component>
      <object_component id="oc-2a6">
         <name>.text:_outs</name>
         <load_address>0x7930</load_address>
         <run_address>0x7930</run_address>
         <size>0x30</size>
         <input_file_ref idref="fl-cb"/>
      </object_component>
      <object_component id="oc-58d">
         <name>.text:finddevice</name>
         <load_address>0x7960</load_address>
         <run_address>0x7960</run_address>
         <size>0x30</size>
         <input_file_ref idref="fl-10f"/>
      </object_component>
      <object_component id="oc-19d">
         <name>.text</name>
         <load_address>0x7990</load_address>
         <run_address>0x7990</run_address>
         <size>0x2e</size>
         <input_file_ref idref="fl-e0"/>
      </object_component>
      <object_component id="oc-53e">
         <name>.text:unlink</name>
         <load_address>0x79c0</load_address>
         <run_address>0x79c0</run_address>
         <size>0x2c</size>
         <input_file_ref idref="fl-113"/>
      </object_component>
      <object_component id="oc-27f">
         <name>.text:free_list_insert</name>
         <load_address>0x79ec</load_address>
         <run_address>0x79ec</run_address>
         <size>0x28</size>
         <input_file_ref idref="fl-ee"/>
      </object_component>
      <object_component id="oc-4cb">
         <name>.text:lseek</name>
         <load_address>0x7a14</load_address>
         <run_address>0x7a14</run_address>
         <size>0x28</size>
         <input_file_ref idref="fl-10d"/>
      </object_component>
      <object_component id="oc-45d">
         <name>.text:write</name>
         <load_address>0x7a3c</load_address>
         <run_address>0x7a3c</run_address>
         <size>0x28</size>
         <input_file_ref idref="fl-f6"/>
      </object_component>
      <object_component id="oc-451">
         <name>.text:memchr</name>
         <load_address>0x7a64</load_address>
         <run_address>0x7a64</run_address>
         <size>0x20</size>
         <input_file_ref idref="fl-ed"/>
      </object_component>
      <object_component id="oc-1d7">
         <name>.text</name>
         <load_address>0x7a84</load_address>
         <run_address>0x7a84</run_address>
         <size>0x20</size>
         <input_file_ref idref="fl-e2"/>
      </object_component>
      <object_component id="oc-279">
         <name>.text:free_list_remove</name>
         <load_address>0x7aa4</load_address>
         <run_address>0x7aa4</run_address>
         <size>0x1c</size>
         <input_file_ref idref="fl-ee"/>
      </object_component>
      <object_component id="oc-37b">
         <name>.text:memccpy</name>
         <load_address>0x7ac0</load_address>
         <run_address>0x7ac0</run_address>
         <size>0x1c</size>
         <input_file_ref idref="fl-ec"/>
      </object_component>
      <object_component id="oc-3de">
         <name>.text:copysign</name>
         <load_address>0x7adc</load_address>
         <run_address>0x7adc</run_address>
         <size>0x1a</size>
         <input_file_ref idref="fl-d5"/>
      </object_component>
      <object_component id="oc-2ac">
         <name>.text:_outc</name>
         <load_address>0x7af6</load_address>
         <run_address>0x7af6</run_address>
         <size>0x18</size>
         <input_file_ref idref="fl-cb"/>
      </object_component>
      <object_component id="oc-17d">
         <name>.text:oi_parseInt</name>
         <load_address>0x7b0e</load_address>
         <run_address>0x7b0e</run_address>
         <size>0x18</size>
         <input_file_ref idref="fl-8"/>
      </object_component>
      <object_component id="oc-184">
         <name>.text:strcmp</name>
         <load_address>0x7b26</load_address>
         <run_address>0x7b26</run_address>
         <size>0x18</size>
         <input_file_ref idref="fl-f0"/>
      </object_component>
      <object_component id="oc-42d">
         <name>.text:strchr</name>
         <load_address>0x7b3e</load_address>
         <run_address>0x7b3e</run_address>
         <size>0x16</size>
         <input_file_ref idref="fl-ef"/>
      </object_component>
      <object_component id="oc-1c7">
         <name>.text:strcpy</name>
         <load_address>0x7b54</load_address>
         <run_address>0x7b54</run_address>
         <size>0x14</size>
         <input_file_ref idref="fl-f1"/>
      </object_component>
      <object_component id="oc-351">
         <name>.text:strlen</name>
         <load_address>0x7b68</load_address>
         <run_address>0x7b68</run_address>
         <size>0x14</size>
         <input_file_ref idref="fl-f2"/>
      </object_component>
      <object_component id="oc-381">
         <name>.text:wcslen</name>
         <load_address>0x7b7c</load_address>
         <run_address>0x7b7c</run_address>
         <size>0x12</size>
         <input_file_ref idref="fl-f8"/>
      </object_component>
      <object_component id="oc-18a">
         <name>.text:IntMasterEnable</name>
         <load_address>0x7b8e</load_address>
         <run_address>0x7b8e</run_address>
         <size>0x10</size>
         <input_file_ref idref="fl-114"/>
      </object_component>
      <object_component id="oc-1ba">
         <name>.text:lcd_clear</name>
         <load_address>0x7b9e</load_address>
         <run_address>0x7b9e</run_address>
         <size>0x10</size>
         <input_file_ref idref="fl-5"/>
      </object_component>
      <object_component id="oc-1b">
         <name>.text:decompress:none:__TI_decompress_none</name>
         <load_address>0x7bae</load_address>
         <run_address>0x7bae</run_address>
         <size>0xe</size>
         <input_file_ref idref="fl-e4"/>
      </object_component>
      <object_component id="oc-288">
         <name>.text:CPUcpsie</name>
         <load_address>0x7bbc</load_address>
         <run_address>0x7bbc</run_address>
         <size>0xc</size>
         <input_file_ref idref="fl-115"/>
      </object_component>
      <object_component id="oc-50">
         <name>.text:decompress:ZI:__TI_zero_init</name>
         <load_address>0x7bc8</load_address>
         <run_address>0x7bc8</run_address>
         <size>0xc</size>
         <input_file_ref idref="fl-e3"/>
      </object_component>
      <object_component id="oc-2a">
         <name>.text</name>
         <load_address>0x7bd4</load_address>
         <run_address>0x7bd4</run_address>
         <size>0xc</size>
         <input_file_ref idref="fl-c"/>
      </object_component>
      <object_component id="oc-309">
         <name>.text:__aeabi_errno_addr</name>
         <load_address>0x7be0</load_address>
         <run_address>0x7be0</run_address>
         <size>0x8</size>
         <input_file_ref idref="fl-f4"/>
      </object_component>
      <object_component id="oc-20d">
         <name>.text:malloc</name>
         <load_address>0x7be8</load_address>
         <run_address>0x7be8</run_address>
         <size>0x8</size>
         <input_file_ref idref="fl-ee"/>
      </object_component>
      <object_component id="oc-2d1">
         <name>.text:_outc</name>
         <load_address>0x7bf0</load_address>
         <run_address>0x7bf0</run_address>
         <size>0x4</size>
         <input_file_ref idref="fl-c9"/>
      </object_component>
      <object_component id="oc-2cb">
         <name>.text:_outs</name>
         <load_address>0x7bf4</load_address>
         <run_address>0x7bf4</run_address>
         <size>0x4</size>
         <input_file_ref idref="fl-c9"/>
      </object_component>
      <object_component id="oc-9c">
         <name>.text:_system_pre_init</name>
         <load_address>0x7bf8</load_address>
         <run_address>0x7bf8</run_address>
         <size>0x4</size>
         <input_file_ref idref="fl-101"/>
      </object_component>
      <object_component id="oc-126">
         <name>.text:abort:abort</name>
         <load_address>0x7bfc</load_address>
         <run_address>0x7bfc</run_address>
         <size>0x4</size>
         <input_file_ref idref="fl-e6"/>
      </object_component>
      <object_component id="oc-3c1">
         <name>.const:$O1$$</name>
         <load_address>0x7c00</load_address>
         <run_address>0x7c00</run_address>
         <size>0x158</size>
         <input_file_ref idref="fl-f3"/>
      </object_component>
      <object_component id="oc-3fb">
         <name>.const:.string:_ctypes_</name>
         <load_address>0x7d58</load_address>
         <run_address>0x7d58</run_address>
         <size>0x101</size>
         <input_file_ref idref="fl-ea"/>
      </object_component>
      <object_component id="oc-1cd">
         <name>.const:.string:lineAddress$1</name>
         <load_address>0x7e59</load_address>
         <run_address>0x7e59</run_address>
         <size>0x4</size>
         <input_file_ref idref="fl-5"/>
      </object_component>
      <object_component id="oc-239">
         <name>.const:$P$T0$1</name>
         <load_address>0x7e60</load_address>
         <run_address>0x7e60</run_address>
         <size>0x38</size>
         <input_file_ref idref="fl-7"/>
      </object_component>
      <object_component id="oc-23c">
         <name>.const:$P$T1$2</name>
         <load_address>0x7e98</load_address>
         <run_address>0x7e98</run_address>
         <size>0x38</size>
         <input_file_ref idref="fl-7"/>
      </object_component>
      <object_component id="oc-30f">
         <name>.const:$O1$$</name>
         <load_address>0x7ed0</load_address>
         <run_address>0x7ed0</run_address>
         <size>0x30</size>
         <input_file_ref idref="fl-d0"/>
      </object_component>
      <object_component id="oc-1a7">
         <name>.const:.string:$P$T0$3</name>
         <load_address>0x7f00</load_address>
         <run_address>0x7f00</run_address>
         <size>0xf</size>
         <input_file_ref idref="fl-8"/>
      </object_component>
      <object_component id="oc-1ce">
         <name>.const:.string:lineAddresses$2</name>
         <load_address>0x7f0f</load_address>
         <run_address>0x7f0f</run_address>
         <size>0x4</size>
         <input_file_ref idref="fl-5"/>
      </object_component>
      <object_component id="oc-5d3">
         <name>.cinit..data.load</name>
         <load_address>0x7f18</load_address>
         <run_address>0x7f18</run_address>
         <size>0x81</size>
      </object_component>
      <object_component id="oc-5d0">
         <name>__TI_handler_table</name>
         <load_address>0x7f9c</load_address>
         <run_address>0x7f9c</run_address>
         <size>0xc</size>
      </object_component>
      <object_component id="oc-5d4">
         <name>.cinit..bss.load</name>
         <load_address>0x7fa8</load_address>
         <run_address>0x7fa8</run_address>
         <size>0x8</size>
      </object_component>
      <object_component id="oc-5d2">
         <name>.cinit..vtable.load</name>
         <load_address>0x7fb0</load_address>
         <run_address>0x7fb0</run_address>
         <size>0x8</size>
      </object_component>
      <object_component id="oc-5d1">
         <name>__TI_cinit_table</name>
         <load_address>0x7fb8</load_address>
         <run_address>0x7fb8</run_address>
         <size>0x18</size>
      </object_component>
      <object_component id="oc-26c">
         <name>.vtable</name>
         <uninitialized>true</uninitialized>
         <run_address>0x20000000</run_address>
         <size>0x26c</size>
         <input_file_ref idref="fl-114"/>
      </object_component>
      <object_component id="oc-16c">
         <name>.data</name>
         <load_address>0x20001f18</load_address>
         <run_address>0x20001f18</run_address>
         <size>0x1</size>
         <input_file_ref idref="fl-2"/>
      </object_component>
      <object_component id="oc-1b8">
         <name>.data</name>
         <load_address>0x20001f19</load_address>
         <run_address>0x20001f19</run_address>
         <size>0x1</size>
         <input_file_ref idref="fl-4"/>
      </object_component>
      <object_component id="oc-233">
         <name>.data</name>
         <load_address>0x20001ed0</load_address>
         <run_address>0x20001ed0</run_address>
         <size>0x10</size>
         <input_file_ref idref="fl-7"/>
      </object_component>
      <object_component id="oc-190">
         <name>.data</name>
         <load_address>0x20001eb0</load_address>
         <run_address>0x20001eb0</run_address>
         <size>0x20</size>
         <input_file_ref idref="fl-8"/>
      </object_component>
      <object_component id="oc-1e1">
         <name>.data</name>
         <load_address>0x20001f0c</load_address>
         <run_address>0x20001f0c</run_address>
         <size>0x8</size>
         <input_file_ref idref="fl-a"/>
      </object_component>
      <object_component id="oc-1e5">
         <name>.data</name>
         <load_address>0x20001f1a</load_address>
         <run_address>0x20001f1a</run_address>
         <size>0x1</size>
         <input_file_ref idref="fl-e"/>
      </object_component>
      <object_component id="oc-24d">
         <name>.data:$O1$$</name>
         <load_address>0x20001ef0</load_address>
         <run_address>0x20001ef0</run_address>
         <size>0xc</size>
         <input_file_ref idref="fl-e6"/>
      </object_component>
      <object_component id="oc-250">
         <name>.data:$O1$$</name>
         <load_address>0x20001efc</load_address>
         <run_address>0x20001efc</run_address>
         <size>0x8</size>
         <input_file_ref idref="fl-e7"/>
      </object_component>
      <object_component id="oc-2c8">
         <name>.data:_ftable</name>
         <load_address>0x20001cf8</load_address>
         <run_address>0x20001cf8</run_address>
         <size>0xf0</size>
         <input_file_ref idref="fl-eb"/>
      </object_component>
      <object_component id="oc-502">
         <name>.data</name>
         <load_address>0x20001ee0</load_address>
         <run_address>0x20001ee0</run_address>
         <size>0x10</size>
         <input_file_ref idref="fl-eb"/>
      </object_component>
      <object_component id="oc-349">
         <name>.data:$O1$$</name>
         <load_address>0x20001f04</load_address>
         <run_address>0x20001f04</run_address>
         <size>0x8</size>
         <input_file_ref idref="fl-ee"/>
      </object_component>
      <object_component id="oc-3d7">
         <name>.data</name>
         <load_address>0x20001f14</load_address>
         <run_address>0x20001f14</run_address>
         <size>0x4</size>
         <input_file_ref idref="fl-f4"/>
      </object_component>
      <object_component id="oc-4e6">
         <name>.data:_device</name>
         <load_address>0x20001de8</load_address>
         <run_address>0x20001de8</run_address>
         <size>0x78</size>
         <input_file_ref idref="fl-f7"/>
      </object_component>
      <object_component id="oc-4b7">
         <name>.data:_stream</name>
         <load_address>0x20001e60</load_address>
         <run_address>0x20001e60</run_address>
         <size>0x50</size>
         <input_file_ref idref="fl-f7"/>
      </object_component>
      <object_component id="oc-1cf">
         <name>.bss:lastbuffer$3</name>
         <uninitialized>true</uninitialized>
         <run_address>0x2000105c</run_address>
         <size>0x54</size>
         <input_file_ref idref="fl-5"/>
      </object_component>
      <object_component id="oc-1b4">
         <name>.bss:firmware$2</name>
         <uninitialized>true</uninitialized>
         <run_address>0x200010b0</run_address>
         <size>0x18</size>
         <input_file_ref idref="fl-8"/>
      </object_component>
      <object_component id="oc-1e4">
         <name>.bss</name>
         <uninitialized>true</uninitialized>
         <run_address>0x200010e0</run_address>
         <size>0x4</size>
         <input_file_ref idref="fl-a"/>
      </object_component>
      <object_component id="oc-571">
         <name>.bss:_CIOBUF_</name>
         <uninitialized>true</uninitialized>
         <run_address>0x20000e9c</run_address>
         <size>0x120</size>
         <input_file_ref idref="fl-10b"/>
      </object_component>
      <object_component id="oc-16f">
         <name>.common:_timeout_ticks</name>
         <uninitialized>true</uninitialized>
         <run_address>0x200010e8</run_address>
         <size>0x4</size>
      </object_component>
      <object_component id="oc-202">
         <name>.common:high</name>
         <uninitialized>true</uninitialized>
         <run_address>0x200010f6</run_address>
         <size>0x1</size>
      </object_component>
      <object_component id="oc-20a">
         <name>.common:done</name>
         <uninitialized>true</uninitialized>
         <run_address>0x200010f5</run_address>
         <size>0x1</size>
      </object_component>
      <object_component id="oc-20b">
         <name>.common:risingTime</name>
         <uninitialized>true</uninitialized>
         <run_address>0x200010f0</run_address>
         <size>0x4</size>
      </object_component>
      <object_component id="oc-209">
         <name>.common:fallingTime</name>
         <uninitialized>true</uninitialized>
         <run_address>0x200010ec</run_address>
         <size>0x4</size>
      </object_component>
      <object_component id="oc-236">
         <name>.common:FieldEdgeFound</name>
         <uninitialized>true</uninitialized>
         <run_address>0x200010e4</run_address>
         <size>0x4</size>
      </object_component>
      <object_component id="oc-227">
         <name>.common:front_objects</name>
         <uninitialized>true</uninitialized>
         <run_address>0x20000adc</run_address>
         <size>0x3c0</size>
      </object_component>
      <object_component id="oc-21a">
         <name>.common:all_scans</name>
         <uninitialized>true</uninitialized>
         <run_address>0x2000026c</run_address>
         <size>0x870</size>
      </object_component>
      <object_component id="oc-213">
         <name>.common:num_objs_list</name>
         <uninitialized>true</uninitialized>
         <run_address>0x200010c8</run_address>
         <size>0x10</size>
      </object_component>
      <object_component id="oc-1f9">
         <name>.common:data_received</name>
         <uninitialized>true</uninitialized>
         <run_address>0x200010f4</run_address>
         <size>0x1</size>
      </object_component>
      <object_component id="oc-544">
         <name>.common:__TI_tmpnams</name>
         <uninitialized>true</uninitialized>
         <run_address>0x20000fbc</run_address>
         <size>0xa0</size>
      </object_component>
      <object_component id="oc-555">
         <name>.common:parmbuf</name>
         <uninitialized>true</uninitialized>
         <run_address>0x200010d8</run_address>
         <size>0x8</size>
      </object_component>
      <object_component id="oc-24">
         <name>.sysmem</name>
         <uninitialized>true</uninitialized>
         <run_address>0x200018f8</run_address>
         <size>0x10</size>
         <input_file_ref idref="fl-ee"/>
      </object_component>
      <object_component id="oc-5d7">
         <name>.sysmem</name>
         <uninitialized>true</uninitialized>
         <run_address>0x200018f8</run_address>
         <size>0x0</size>
      </object_component>
      <object_component id="oc-27">
         <name>.stack</name>
         <uninitialized>true</uninitialized>
         <run_address>0x200010f8</run_address>
         <size>0x4</size>
         <input_file_ref idref="fl-f5"/>
      </object_component>
      <object_component id="oc-5d6">
         <name>.stack</name>
         <uninitialized>true</uninitialized>
         <run_address>0x200010f8</run_address>
         <size>0x0</size>
      </object_component>
      <object_component id="oc-c5">
         <name>.debug_info</name>
         <load_address>0x0</load_address>
         <run_address>0x0</run_address>
         <size>0x2a8</size>
         <input_file_ref idref="fl-2"/>
      </object_component>
      <object_component id="oc-16d">
         <name>.debug_info</name>
         <load_address>0x2a8</load_address>
         <run_address>0x2a8</run_address>
         <size>0xb6</size>
         <input_file_ref idref="fl-2"/>
      </object_component>
      <object_component id="oc-d8">
         <name>.debug_info</name>
         <load_address>0x35e</load_address>
         <run_address>0x35e</run_address>
         <size>0x4fe</size>
         <input_file_ref idref="fl-2"/>
      </object_component>
      <object_component id="oc-77">
         <name>.debug_info</name>
         <load_address>0x85c</load_address>
         <run_address>0x85c</run_address>
         <size>0x26b</size>
         <input_file_ref idref="fl-2"/>
      </object_component>
      <object_component id="oc-39">
         <name>.debug_info</name>
         <load_address>0xac7</load_address>
         <run_address>0xac7</run_address>
         <size>0x84</size>
         <input_file_ref idref="fl-2"/>
      </object_component>
      <object_component id="oc-c0">
         <name>.debug_info</name>
         <load_address>0xb4b</load_address>
         <run_address>0xb4b</run_address>
         <size>0x2a4</size>
         <input_file_ref idref="fl-2"/>
      </object_component>
      <object_component id="oc-7c">
         <name>.debug_info</name>
         <load_address>0xdef</load_address>
         <run_address>0xdef</run_address>
         <size>0xbb</size>
         <input_file_ref idref="fl-2"/>
      </object_component>
      <object_component id="oc-e4">
         <name>.debug_info</name>
         <load_address>0xeaa</load_address>
         <run_address>0xeaa</run_address>
         <size>0x131</size>
         <input_file_ref idref="fl-3"/>
      </object_component>
      <object_component id="oc-ea">
         <name>.debug_info</name>
         <load_address>0xfdb</load_address>
         <run_address>0xfdb</run_address>
         <size>0x16b</size>
         <input_file_ref idref="fl-4"/>
      </object_component>
      <object_component id="oc-1d1">
         <name>.debug_info</name>
         <load_address>0x1146</load_address>
         <run_address>0x1146</run_address>
         <size>0x370</size>
         <input_file_ref idref="fl-5"/>
      </object_component>
      <object_component id="oc-1bb">
         <name>.debug_info</name>
         <load_address>0x14b6</load_address>
         <run_address>0x14b6</run_address>
         <size>0x10b</size>
         <input_file_ref idref="fl-5"/>
      </object_component>
      <object_component id="oc-f1">
         <name>.debug_info</name>
         <load_address>0x15c1</load_address>
         <run_address>0x15c1</run_address>
         <size>0x897</size>
         <input_file_ref idref="fl-5"/>
      </object_component>
      <object_component id="oc-29b">
         <name>.debug_info</name>
         <load_address>0x1e58</load_address>
         <run_address>0x1e58</run_address>
         <size>0xcc</size>
         <input_file_ref idref="fl-5"/>
      </object_component>
      <object_component id="oc-1d2">
         <name>.debug_info</name>
         <load_address>0x1f24</load_address>
         <run_address>0x1f24</run_address>
         <size>0x2c</size>
         <input_file_ref idref="fl-5"/>
      </object_component>
      <object_component id="oc-11f">
         <name>.debug_info</name>
         <load_address>0x1f50</load_address>
         <run_address>0x1f50</run_address>
         <size>0x672</size>
         <input_file_ref idref="fl-6"/>
      </object_component>
      <object_component id="oc-a4">
         <name>.debug_info</name>
         <load_address>0x25c2</load_address>
         <run_address>0x25c2</run_address>
         <size>0x367</size>
         <input_file_ref idref="fl-6"/>
      </object_component>
      <object_component id="oc-247">
         <name>.debug_info</name>
         <load_address>0x2929</load_address>
         <run_address>0x2929</run_address>
         <size>0x5aa</size>
         <input_file_ref idref="fl-6"/>
      </object_component>
      <object_component id="oc-121">
         <name>.debug_info</name>
         <load_address>0x2ed3</load_address>
         <run_address>0x2ed3</run_address>
         <size>0x105</size>
         <input_file_ref idref="fl-6"/>
      </object_component>
      <object_component id="oc-222">
         <name>.debug_info</name>
         <load_address>0x2fd8</load_address>
         <run_address>0x2fd8</run_address>
         <size>0x8a</size>
         <input_file_ref idref="fl-6"/>
      </object_component>
      <object_component id="oc-11a">
         <name>.debug_info</name>
         <load_address>0x3062</load_address>
         <run_address>0x3062</run_address>
         <size>0x8b</size>
         <input_file_ref idref="fl-6"/>
      </object_component>
      <object_component id="oc-240">
         <name>.debug_info</name>
         <load_address>0x30ed</load_address>
         <run_address>0x30ed</run_address>
         <size>0xc6</size>
         <input_file_ref idref="fl-6"/>
      </object_component>
      <object_component id="oc-237">
         <name>.debug_info</name>
         <load_address>0x31b3</load_address>
         <run_address>0x31b3</run_address>
         <size>0x3bb</size>
         <input_file_ref idref="fl-7"/>
      </object_component>
      <object_component id="oc-234">
         <name>.debug_info</name>
         <load_address>0x356e</load_address>
         <run_address>0x356e</run_address>
         <size>0xe7</size>
         <input_file_ref idref="fl-7"/>
      </object_component>
      <object_component id="oc-23a">
         <name>.debug_info</name>
         <load_address>0x3655</load_address>
         <run_address>0x3655</run_address>
         <size>0xb6</size>
         <input_file_ref idref="fl-7"/>
      </object_component>
      <object_component id="oc-23d">
         <name>.debug_info</name>
         <load_address>0x370b</load_address>
         <run_address>0x370b</run_address>
         <size>0xb7</size>
         <input_file_ref idref="fl-7"/>
      </object_component>
      <object_component id="oc-115">
         <name>.debug_info</name>
         <load_address>0x37c2</load_address>
         <run_address>0x37c2</run_address>
         <size>0x12b5</size>
         <input_file_ref idref="fl-7"/>
      </object_component>
      <object_component id="oc-1b6">
         <name>.debug_info</name>
         <load_address>0x4a77</load_address>
         <run_address>0x4a77</run_address>
         <size>0x3ed</size>
         <input_file_ref idref="fl-8"/>
      </object_component>
      <object_component id="oc-191">
         <name>.debug_info</name>
         <load_address>0x4e64</load_address>
         <run_address>0x4e64</run_address>
         <size>0x108</size>
         <input_file_ref idref="fl-8"/>
      </object_component>
      <object_component id="oc-1a8">
         <name>.debug_info</name>
         <load_address>0x4f6c</load_address>
         <run_address>0x4f6c</run_address>
         <size>0xbd</size>
         <input_file_ref idref="fl-8"/>
      </object_component>
      <object_component id="oc-17e">
         <name>.debug_info</name>
         <load_address>0x5029</load_address>
         <run_address>0x5029</run_address>
         <size>0x135</size>
         <input_file_ref idref="fl-8"/>
      </object_component>
      <object_component id="oc-de">
         <name>.debug_info</name>
         <load_address>0x515e</load_address>
         <run_address>0x515e</run_address>
         <size>0x197f</size>
         <input_file_ref idref="fl-8"/>
      </object_component>
      <object_component id="oc-203">
         <name>.debug_info</name>
         <load_address>0x6add</load_address>
         <run_address>0x6add</run_address>
         <size>0x4d1</size>
         <input_file_ref idref="fl-9"/>
      </object_component>
      <object_component id="oc-10a">
         <name>.debug_info</name>
         <load_address>0x6fae</load_address>
         <run_address>0x6fae</run_address>
         <size>0xb42</size>
         <input_file_ref idref="fl-9"/>
      </object_component>
      <object_component id="oc-1e2">
         <name>.debug_info</name>
         <load_address>0x7af0</load_address>
         <run_address>0x7af0</run_address>
         <size>0xdd</size>
         <input_file_ref idref="fl-a"/>
      </object_component>
      <object_component id="oc-f6">
         <name>.debug_info</name>
         <load_address>0x7bcd</load_address>
         <run_address>0x7bcd</run_address>
         <size>0x8bf</size>
         <input_file_ref idref="fl-a"/>
      </object_component>
      <object_component id="oc-1e9">
         <name>.debug_info</name>
         <load_address>0x848c</load_address>
         <run_address>0x848c</run_address>
         <size>0x71</size>
         <input_file_ref idref="fl-a"/>
      </object_component>
      <object_component id="oc-205">
         <name>.debug_info</name>
         <load_address>0x84fd</load_address>
         <run_address>0x84fd</run_address>
         <size>0x33b</size>
         <input_file_ref idref="fl-b"/>
      </object_component>
      <object_component id="oc-103">
         <name>.debug_info</name>
         <load_address>0x8838</load_address>
         <run_address>0x8838</run_address>
         <size>0x3a8</size>
         <input_file_ref idref="fl-b"/>
      </object_component>
      <object_component id="oc-32">
         <name>.debug_info</name>
         <load_address>0x8be0</load_address>
         <run_address>0x8be0</run_address>
         <size>0x292</size>
         <input_file_ref idref="fl-c"/>
      </object_component>
      <object_component id="oc-13">
         <name>.debug_info</name>
         <load_address>0x8e72</load_address>
         <run_address>0x8e72</run_address>
         <size>0xd1</size>
         <input_file_ref idref="fl-c"/>
      </object_component>
      <object_component id="oc-2d">
         <name>.debug_info</name>
         <load_address>0x8f43</load_address>
         <run_address>0x8f43</run_address>
         <size>0x24d</size>
         <input_file_ref idref="fl-c"/>
      </object_component>
      <object_component id="oc-207">
         <name>.debug_info</name>
         <load_address>0x9190</load_address>
         <run_address>0x9190</run_address>
         <size>0x51f</size>
         <input_file_ref idref="fl-d"/>
      </object_component>
      <object_component id="oc-10e">
         <name>.debug_info</name>
         <load_address>0x96af</load_address>
         <run_address>0x96af</run_address>
         <size>0xa98</size>
         <input_file_ref idref="fl-d"/>
      </object_component>
      <object_component id="oc-229">
         <name>.debug_info</name>
         <load_address>0xa147</load_address>
         <run_address>0xa147</run_address>
         <size>0x51</size>
         <input_file_ref idref="fl-d"/>
      </object_component>
      <object_component id="oc-1fa">
         <name>.debug_info</name>
         <load_address>0xa198</load_address>
         <run_address>0xa198</run_address>
         <size>0x35b</size>
         <input_file_ref idref="fl-e"/>
      </object_component>
      <object_component id="oc-1e6">
         <name>.debug_info</name>
         <load_address>0xa4f3</load_address>
         <run_address>0xa4f3</run_address>
         <size>0xc9</size>
         <input_file_ref idref="fl-e"/>
      </object_component>
      <object_component id="oc-fc">
         <name>.debug_info</name>
         <load_address>0xa5bc</load_address>
         <run_address>0xa5bc</run_address>
         <size>0x79f</size>
         <input_file_ref idref="fl-e"/>
      </object_component>
      <object_component id="oc-2d8">
         <name>.debug_info</name>
         <load_address>0xad5b</load_address>
         <run_address>0xad5b</run_address>
         <size>0x3e5</size>
         <input_file_ref idref="fl-c9"/>
      </object_component>
      <object_component id="oc-2d2">
         <name>.debug_info</name>
         <load_address>0xb140</load_address>
         <run_address>0xb140</run_address>
         <size>0x157</size>
         <input_file_ref idref="fl-c9"/>
      </object_component>
      <object_component id="oc-2cd">
         <name>.debug_info</name>
         <load_address>0xb297</load_address>
         <run_address>0xb297</run_address>
         <size>0x166</size>
         <input_file_ref idref="fl-c9"/>
      </object_component>
      <object_component id="oc-1ef">
         <name>.debug_info</name>
         <load_address>0xb3fd</load_address>
         <run_address>0xb3fd</run_address>
         <size>0x1ac</size>
         <input_file_ref idref="fl-c9"/>
      </object_component>
      <object_component id="oc-3ad">
         <name>.debug_info</name>
         <load_address>0xb5a9</load_address>
         <run_address>0xb5a9</run_address>
         <size>0xb2</size>
         <input_file_ref idref="fl-c9"/>
      </object_component>
      <object_component id="oc-388">
         <name>.debug_info</name>
         <load_address>0xb65b</load_address>
         <run_address>0xb65b</run_address>
         <size>0x590</size>
         <input_file_ref idref="fl-ca"/>
      </object_component>
      <object_component id="oc-35e">
         <name>.debug_info</name>
         <load_address>0xbbeb</load_address>
         <run_address>0xbbeb</run_address>
         <size>0x21e</size>
         <input_file_ref idref="fl-ca"/>
      </object_component>
      <object_component id="oc-40d">
         <name>.debug_info</name>
         <load_address>0xbe09</load_address>
         <run_address>0xbe09</run_address>
         <size>0x1b3</size>
         <input_file_ref idref="fl-ca"/>
      </object_component>
      <object_component id="oc-413">
         <name>.debug_info</name>
         <load_address>0xbfbc</load_address>
         <run_address>0xbfbc</run_address>
         <size>0x21b</size>
         <input_file_ref idref="fl-ca"/>
      </object_component>
      <object_component id="oc-364">
         <name>.debug_info</name>
         <load_address>0xc1d7</load_address>
         <run_address>0xc1d7</run_address>
         <size>0x3c0</size>
         <input_file_ref idref="fl-ca"/>
      </object_component>
      <object_component id="oc-41a">
         <name>.debug_info</name>
         <load_address>0xc597</load_address>
         <run_address>0xc597</run_address>
         <size>0x30a</size>
         <input_file_ref idref="fl-ca"/>
      </object_component>
      <object_component id="oc-420">
         <name>.debug_info</name>
         <load_address>0xc8a1</load_address>
         <run_address>0xc8a1</run_address>
         <size>0x215</size>
         <input_file_ref idref="fl-ca"/>
      </object_component>
      <object_component id="oc-36a">
         <name>.debug_info</name>
         <load_address>0xcab6</load_address>
         <run_address>0xcab6</run_address>
         <size>0x215</size>
         <input_file_ref idref="fl-ca"/>
      </object_component>
      <object_component id="oc-370">
         <name>.debug_info</name>
         <load_address>0xcccb</load_address>
         <run_address>0xcccb</run_address>
         <size>0x304</size>
         <input_file_ref idref="fl-ca"/>
      </object_component>
      <object_component id="oc-377">
         <name>.debug_info</name>
         <load_address>0xcfcf</load_address>
         <run_address>0xcfcf</run_address>
         <size>0x4b5</size>
         <input_file_ref idref="fl-ca"/>
      </object_component>
      <object_component id="oc-2a2">
         <name>.debug_info</name>
         <load_address>0xd484</load_address>
         <run_address>0xd484</run_address>
         <size>0x5f4</size>
         <input_file_ref idref="fl-ca"/>
      </object_component>
      <object_component id="oc-389">
         <name>.debug_info</name>
         <load_address>0xda78</load_address>
         <run_address>0xda78</run_address>
         <size>0x86</size>
         <input_file_ref idref="fl-ca"/>
      </object_component>
      <object_component id="oc-43f">
         <name>.debug_info</name>
         <load_address>0xdafe</load_address>
         <run_address>0xdafe</run_address>
         <size>0x39</size>
         <input_file_ref idref="fl-ca"/>
      </object_component>
      <object_component id="oc-4a0">
         <name>.debug_info</name>
         <load_address>0xdb37</load_address>
         <run_address>0xdb37</run_address>
         <size>0xb6</size>
         <input_file_ref idref="fl-ca"/>
      </object_component>
      <object_component id="oc-444">
         <name>.debug_info</name>
         <load_address>0xdbed</load_address>
         <run_address>0xdbed</run_address>
         <size>0x46</size>
         <input_file_ref idref="fl-ca"/>
      </object_component>
      <object_component id="oc-38e">
         <name>.debug_info</name>
         <load_address>0xdc33</load_address>
         <run_address>0xdc33</run_address>
         <size>0x46</size>
         <input_file_ref idref="fl-ca"/>
      </object_component>
      <object_component id="oc-2b4">
         <name>.debug_info</name>
         <load_address>0xdc79</load_address>
         <run_address>0xdc79</run_address>
         <size>0x2c</size>
         <input_file_ref idref="fl-ca"/>
      </object_component>
      <object_component id="oc-2b3">
         <name>.debug_info</name>
         <load_address>0xdca5</load_address>
         <run_address>0xdca5</run_address>
         <size>0x340</size>
         <input_file_ref idref="fl-cb"/>
      </object_component>
      <object_component id="oc-1c3">
         <name>.debug_info</name>
         <load_address>0xdfe5</load_address>
         <run_address>0xdfe5</run_address>
         <size>0x208</size>
         <input_file_ref idref="fl-cb"/>
      </object_component>
      <object_component id="oc-2aa">
         <name>.debug_info</name>
         <load_address>0xe1ed</load_address>
         <run_address>0xe1ed</run_address>
[...]
      </symbol>
      <symbol id="sm-47a">
         <name>is_input</name>
         <value>0x4575</value>
         <object_component_ref idref="oc-fb"/>
      </symbol>
      <symbol id="sm-47b">
         <name>uart_receive</name>
         <value>0x445f</value>
         <object_component_ref idref="oc-fb"/>
      </symbol>
      <symbol id="sm-47c">
         <name>uart_sendStr</name>
         <value>0x44ab</value>
         <object_component_ref idref="oc-fb"/>
      </symbol>
      <symbol id="sm-4a8">
         <name>printf</name>
         <value>0x7089</value>
         <object_component_ref idref="oc-1ee"/>
      </symbol>
      <symbol id="sm-612">
         <name>__TI_printfi</name>
         <value>0xe8d</value>
         <object_component_ref idref="oc-2a0"/>
      </symbol>
      <symbol id="sm-63c">
         <name>vsnprintf</name>
         <value>0x7701</value>
         <object_component_ref idref="oc-1c1"/>
      </symbol>
      <symbol id="sm-651">
         <name>putc</name>
         <value>0x6b05</value>
         <object_component_ref idref="oc-3a4"/>
      </symbol>
      <symbol id="sm-652">
         <name>fputc</name>
         <value>0x6b05</value>
         <object_component_ref idref="oc-3a4"/>
      </symbol>
      <symbol id="sm-675">
         <name>fputs</name>
         <value>0x616d</value>
         <object_component_ref idref="oc-39d"/>
      </symbol>
      <symbol id="sm-68d">
         <name>__TI_wrt_ok</name>
         <value>0x71b9</value>
         <object_component_ref idref="oc-44b"/>
      </symbol>
      <symbol id="sm-6a9">
         <name>setvbuf</name>
         <value>0x6845</value>
         <object_component_ref idref="oc-4ab"/>
      </symbol>
      <symbol id="sm-740">
         <name>pow</name>
         <value>0x18dd</value>
         <object_component_ref idref="oc-21b"/>
      </symbol>
      <symbol id="sm-741">
         <name>powl</name>
         <value>0x18dd</value>
         <object_component_ref idref="oc-21b"/>
      </symbol>
      <symbol id="sm-763">
         <name>sqrtl</name>
         <value>0x5c7d</value>
         <object_component_ref idref="oc-303"/>
      </symbol>
      <symbol id="sm-764">
         <name>sqrt</name>
         <value>0x5c7d</value>
         <object_component_ref idref="oc-303"/>
      </symbol>
      <symbol id="sm-784">
         <name>frexpl</name>
         <value>0x70f1</value>
         <object_component_ref idref="oc-427"/>
      </symbol>
      <symbol id="sm-785">
         <name>frexp</name>
         <value>0x70f1</value>
         <object_component_ref idref="oc-427"/>
      </symbol>
      <symbol id="sm-7a2">
         <name>scalbn</name>
         <value>0x6281</value>
         <object_component_ref idref="oc-312"/>
      </symbol>
      <symbol id="sm-7a3">
         <name>scalbnl</name>
         <value>0x6281</value>
         <object_component_ref idref="oc-312"/>
      </symbol>
      <symbol id="sm-7a4">
         <name>ldexpl</name>
         <value>0x6281</value>
         <object_component_ref idref="oc-312"/>
      </symbol>
      <symbol id="sm-7a5">
         <name>ldexp</name>
         <value>0x6281</value>
         <object_component_ref idref="oc-312"/>
      </symbol>
      <symbol id="sm-7f1">
         <name>sin</name>
         <value>0x3795</value>
         <object_component_ref idref="oc-214"/>
      </symbol>
      <symbol id="sm-7f2">
         <name>sinl</name>
         <value>0x3795</value>
         <object_component_ref idref="oc-214"/>
      </symbol>
      <symbol id="sm-7fc">
         <name>copysign</name>
         <value>0x7add</value>
         <object_component_ref idref="oc-3de"/>
      </symbol>
      <symbol id="sm-7fd">
         <name>copysignl</name>
         <value>0x7add</value>
         <object_component_ref idref="oc-3de"/>
      </symbol>
      <symbol id="sm-80a">
         <name>__aeabi_uldivmod</name>
         <value>0x6a6f</value>
         <object_component_ref idref="oc-400"/>
      </symbol>
      <symbol id="sm-819">
         <name>__aeabi_memset</name>
         <value>0x6c9f</value>
         <object_component_ref idref="oc-96"/>
      </symbol>
      <symbol id="sm-81a">
         <name>memset</name>
         <value>0x6ca5</value>
         <object_component_ref idref="oc-96"/>
      </symbol>
      <symbol id="sm-81b">
         <name>__aeabi_memset8</name>
         <value>0x6c9f</value>
         <object_component_ref idref="oc-96"/>
      </symbol>
      <symbol id="sm-81c">
         <name>__aeabi_memset4</name>
         <value>0x6c9f</value>
         <object_component_ref idref="oc-96"/>
      </symbol>
      <symbol id="sm-81d">
         <name>__aeabi_memclr8</name>
         <value>0x6c9d</value>
         <object_component_ref idref="oc-96"/>
      </symbol>
      <symbol id="sm-81e">
         <name>__aeabi_memclr4</name>
         <value>0x6c9d</value>
         <object_component_ref idref="oc-96"/>
      </symbol>
      <symbol id="sm-81f">
         <name>__aeabi_memclr</name>
         <value>0x6c9d</value>
         <object_component_ref idref="oc-96"/>
      </symbol>
      <symbol id="sm-836">
         <name>__aeabi_dsub</name>
         <value>0x57e7</value>
         <object_component_ref idref="oc-1a2"/>
      </symbol>
      <symbol id="sm-837">
         <name>__aeabi_dadd</name>
         <value>0x57f1</value>
         <object_component_ref idref="oc-1a2"/>
      </symbol>
      <symbol id="sm-859">
         <name>__aeabi_cdcmpeq</name>
         <value>0x6b91</value>
         <object_component_ref idref="oc-1fd"/>
      </symbol>
      <symbol id="sm-85a">
         <name>__aeabi_cdcmple</name>
         <value>0x6b91</value>
         <object_component_ref idref="oc-1fd"/>
      </symbol>
      <symbol id="sm-85b">
         <name>__aeabi_cdrcmple</name>
         <value>0x6c17</value>
         <object_component_ref idref="oc-22e"/>
      </symbol>
      <symbol id="sm-86f">
         <name>__aeabi_ddiv</name>
         <value>0x5f11</value>
         <object_component_ref idref="oc-198"/>
      </symbol>
      <symbol id="sm-87a">
         <name>__aeabi_dmul</name>
         <value>0x6491</value>
         <object_component_ref idref="oc-193"/>
      </symbol>
      <symbol id="sm-884">
         <name>__aeabi_d2iz</name>
         <value>0x7565</value>
         <object_component_ref idref="oc-1dc"/>
      </symbol>
      <symbol id="sm-890">
         <name>__aeabi_d2f</name>
         <value>0x6edf</value>
         <object_component_ref idref="oc-1aa"/>
      </symbol>
      <symbol id="sm-89a">
         <name>__aeabi_d2uiz</name>
         <value>0x76bd</value>
         <object_component_ref idref="oc-1f4"/>
      </symbol>
      <symbol id="sm-8a5">
         <name>__aeabi_f2d</name>
         <value>0x77f1</value>
         <object_component_ref idref="oc-1af"/>
      </symbol>
      <symbol id="sm-8af">
         <name>__aeabi_i2d</name>
         <value>0x7991</value>
         <object_component_ref idref="oc-19d"/>
      </symbol>
      <symbol id="sm-8ca">
         <name>memcpy</name>
         <value>0x69d3</value>
         <object_component_ref idref="oc-3e"/>
      </symbol>
      <symbol id="sm-8cb">
         <name>__aeabi_memcpy</name>
         <value>0x69d3</value>
         <object_component_ref idref="oc-3e"/>
      </symbol>
      <symbol id="sm-8cc">
         <name>__aeabi_memcpy8</name>
         <value>0x69d3</value>
         <object_component_ref idref="oc-3e"/>
      </symbol>
      <symbol id="sm-8cd">
         <name>__aeabi_memcpy4</name>
         <value>0x69d3</value>
         <object_component_ref idref="oc-3e"/>
      </symbol>
      <symbol id="sm-8d7">
         <name>__aeabi_ui2d</name>
         <value>0x7a85</value>
         <object_component_ref idref="oc-1d7"/>
      </symbol>
      <symbol id="sm-8e9">
         <name>__TI_zero_init</name>
         <value>0x7bc9</value>
         <object_component_ref idref="oc-50"/>
      </symbol>
      <symbol id="sm-900">
         <name>__TI_decompress_none</name>
         <value>0x7baf</value>
         <object_component_ref idref="oc-1b"/>
      </symbol>
      <symbol id="sm-923">
         <name>__TI_decompress_lzss</name>
         <value>0x7021</value>
         <object_component_ref idref="oc-15"/>
      </symbol>
      <symbol id="sm-949">
         <name>C$$EXIT</name>
         <value>0x7bfd</value>
         <object_component_ref idref="oc-126"/>
      </symbol>
      <symbol id="sm-94a">
         <name>abort</name>
         <value>0x7bfd</value>
         <object_component_ref idref="oc-126"/>
      </symbol>
      <symbol id="sm-94b">
         <name>__TI_dtors_ptr</name>
         <value>0x20001ef4</value>
         <object_component_ref idref="oc-24d"/>
      </symbol>
      <symbol id="sm-94c">
         <name>__TI_cleanup_ptr</name>
         <value>0x20001ef0</value>
         <object_component_ref idref="oc-24d"/>
      </symbol>
      <symbol id="sm-94d">
         <name>__TI_enable_exit_profile_output</name>
         <value>0x20001ef8</value>
         <object_component_ref idref="oc-24d"/>
      </symbol>
      <symbol id="sm-94e">
         <name>exit</name>
         <value>0x751d</value>
         <object_component_ref idref="oc-12c"/>
      </symbol>
      <symbol id="sm-963">
         <name>_nop</name>
         <value>0x18db</value>
         <object_component_ref idref="oc-326"/>
      </symbol>
      <symbol id="sm-964">
         <name>_lock</name>
         <value>0x20001efc</value>
         <object_component_ref idref="oc-250"/>
      </symbol>
      <symbol id="sm-965">
         <name>_unlock</name>
         <value>0x20001f00</value>
         <object_component_ref idref="oc-250"/>
      </symbol>
      <symbol id="sm-974">
         <name>__TI_ltoa</name>
         <value>0x73df</value>
         <object_component_ref idref="oc-406"/>
      </symbol>
      <symbol id="sm-98a">
         <name>atoi</name>
         <value>0x74d1</value>
         <object_component_ref idref="oc-357"/>
      </symbol>
      <symbol id="sm-995">
         <name>_ctypes_</name>
         <value>0x7d58</value>
         <object_component_ref idref="oc-3fb"/>
      </symbol>
      <symbol id="sm-9aa">
         <name>__TI_tmpnams</name>
         <value>0x20000fbc</value>
      </symbol>
      <symbol id="sm-9ab">
         <name>__aeabi_stdout</name>
         <value>0x20001ee8</value>
         <object_component_ref idref="oc-502"/>
      </symbol>
      <symbol id="sm-9ac">
         <name>__aeabi_stderr</name>
         <value>0x20001eec</value>
         <object_component_ref idref="oc-502"/>
      </symbol>
      <symbol id="sm-9ad">
         <name>__aeabi_stdin</name>
         <value>0x20001ee4</value>
         <object_component_ref idref="oc-502"/>
      </symbol>
      <symbol id="sm-9ae">
         <name>_ftable</name>
         <value>0x20001cf8</value>
         <object_component_ref idref="oc-2c8"/>
      </symbol>
      <symbol id="sm-9af">
         <name>__TI_ft_end</name>
         <value>0x20001ee0</value>
         <object_component_ref idref="oc-502"/>
      </symbol>
      <symbol id="sm-9bf">
         <name>memccpy</name>
         <value>0x7ac1</value>
         <object_component_ref idref="oc-37b"/>
      </symbol>
      <symbol id="sm-9cf">
         <name>memchr</name>
         <value>0x7a65</value>
         <object_component_ref idref="oc-451"/>
      </symbol>
      <symbol id="sm-a64">
         <name>_sys_memory</name>
         <value>0x200018f8</value>
         <object_component_ref idref="oc-24"/>
      </symbol>
      <symbol id="sm-a65">
         <name>free</name>
         <value>0x6685</value>
         <object_component_ref idref="oc-177"/>
      </symbol>
      <symbol id="sm-a66">
         <name>memalign</name>
         <value>0x6391</value>
         <object_component_ref idref="oc-2e3"/>
      </symbol>
      <symbol id="sm-a67">
         <name>calloc</name>
         <value>0x77b9</value>
         <object_component_ref idref="oc-171"/>
      </symbol>
      <symbol id="sm-a68">
         <name>malloc</name>
         <value>0x7be9</value>
         <object_component_ref idref="oc-20d"/>
      </symbol>
      <symbol id="sm-a69">
         <name>aligned_alloc</name>
         <value>0x6391</value>
         <object_component_ref idref="oc-2e3"/>
      </symbol>
      <symbol id="sm-a79">
         <name>strchr</name>
         <value>0x7b3f</value>
         <object_component_ref idref="oc-42d"/>
      </symbol>
      <symbol id="sm-a88">
         <name>strcmp</name>
         <value>0x7b27</value>
         <object_component_ref idref="oc-184"/>
      </symbol>
      <symbol id="sm-a96">
         <name>strcpy</name>
         <value>0x7b55</value>
         <object_component_ref idref="oc-1c7"/>
      </symbol>
      <symbol id="sm-aa4">
         <name>strlen</name>
         <value>0x7b69</value>
         <object_component_ref idref="oc-351"/>
      </symbol>
      <symbol id="sm-b0a">
         <name>__kernel_rem_pio2</name>
         <value>0x2a4d</value>
         <object_component_ref idref="oc-2f0"/>
      </symbol>
      <symbol id="sm-b20">
         <name>__aeabi_errno_addr</name>
         <value>0x7be1</value>
         <object_component_ref idref="oc-309"/>
      </symbol>
      <symbol id="sm-b21">
         <name>errno</name>
         <value>0x20001f14</value>
         <object_component_ref idref="oc-3d7"/>
      </symbol>
      <symbol id="sm-b34">
         <name>__stack</name>
         <value>0x200010f8</value>
         <object_component_ref idref="oc-27"/>
      </symbol>
      <symbol id="sm-b35">
         <name>_c_int00_noargs</name>
         <value>0x78fd</value>
         <object_component_ref idref="oc-5c"/>
      </symbol>
      <symbol id="sm-b4f">
         <name>write</name>
         <value>0x7a3d</value>
         <object_component_ref idref="oc-45d"/>
      </symbol>
      <symbol id="sm-b60">
         <name>_stream</name>
         <value>0x20001e60</value>
         <object_component_ref idref="oc-4b7"/>
      </symbol>
      <symbol id="sm-b61">
         <name>_device</name>
         <value>0x20001de8</value>
         <object_component_ref idref="oc-4e6"/>
      </symbol>
      <symbol id="sm-b7a">
         <name>wcslen</name>
         <value>0x7b7d</value>
         <object_component_ref idref="oc-381"/>
      </symbol>
      <symbol id="sm-b8a">
         <name>__TI_doflush</name>
         <value>0x7485</value>
         <object_component_ref idref="oc-457"/>
      </symbol>
      <symbol id="sm-b9a">
         <name>__TI_cleanup</name>
         <value>0x7895</value>
         <object_component_ref idref="oc-4d3"/>
      </symbol>
      <symbol id="sm-bac">
         <name>fseek</name>
         <value>0x7155</value>
         <object_component_ref idref="oc-4a5"/>
      </symbol>
      <symbol id="sm-bc2">
         <name>__kernel_cos</name>
         <value>0x5b11</value>
         <object_component_ref idref="oc-2f6"/>
      </symbol>
      <symbol id="sm-bd9">
         <name>__kernel_sin</name>
         <value>0x599d</value>
         <object_component_ref idref="oc-2ea"/>
      </symbol>
      <symbol id="sm-bf6">
         <name>floorl</name>
         <value>0x658d</value>
         <object_component_ref idref="oc-3bb"/>
      </symbol>
      <symbol id="sm-bf7">
         <name>floor</name>
         <value>0x658d</value>
         <object_component_ref idref="oc-3bb"/>
      </symbol>
      <symbol id="sm-c01">
         <name>__aeabi_idiv0</name>
         <value>0x6047</value>
         <object_component_ref idref="oc-487"/>
      </symbol>
      <symbol id="sm-c02">
         <name>__aeabi_ldiv0</name>
         <value>0x6047</value>
         <object_component_ref idref="oc-487"/>
      </symbol>
      <symbol id="sm-c2a">
         <name>__TI_auto_init_nobinit_nopinit</name>
         <value>0x7635</value>
         <object_component_ref idref="oc-132"/>
      </symbol>
      <symbol id="sm-c34">
         <name>_system_pre_init</name>
         <value>0x7bf9</value>
         <object_component_ref idref="oc-9c"/>
      </symbol>
      <symbol id="sm-c47">
         <name>HOSTclose</name>
         <value>0x75ad</value>
         <object_component_ref idref="oc-50e"/>
      </symbol>
      <symbol id="sm-c58">
         <name>HOSTlseek</name>
         <value>0x6fb9</value>
         <object_component_ref idref="oc-520"/>
      </symbol>
      <symbol id="sm-c6a">
         <name>parmbuf</name>
         <value>0x200010d8</value>
      </symbol>
      <symbol id="sm-c6b">
         <name>HOSTopen</name>
         <value>0x721d</value>
         <object_component_ref idref="oc-508"/>
      </symbol>
      <symbol id="sm-c7c">
         <name>HOSTread</name>
         <value>0x72d9</value>
         <object_component_ref idref="oc-514"/>
      </symbol>
      <symbol id="sm-c8d">
         <name>HOSTrename</name>
         <value>0x6f4d</value>
         <object_component_ref idref="oc-52c"/>
      </symbol>
      <symbol id="sm-c9e">
         <name>HOSTunlink</name>
         <value>0x75f1</value>
         <object_component_ref idref="oc-526"/>
      </symbol>
      <symbol id="sm-caf">
         <name>HOSTwrite</name>
         <value>0x7331</value>
         <object_component_ref idref="oc-51a"/>
      </symbol>
      <symbol id="sm-cd3">
         <name>__TI_readmsg</name>
         <value>0x78c9</value>
         <object_component_ref idref="oc-54f"/>
      </symbol>
      <symbol id="sm-cd4">
         <name>C$$IO$$</name>
         <value>0x77af</value>
         <object_component_ref idref="oc-549"/>
      </symbol>
      <symbol id="sm-cd5">
         <name>__CIOBUF_</name>
         <value>0x20000e9c</value>
         <object_component_ref idref="oc-571"/>
      </symbol>
      <symbol id="sm-cd6">
         <name>__TI_writemsg</name>
         <value>0x7781</value>
         <object_component_ref idref="oc-549"/>
      </symbol>
      <symbol id="sm-ce7">
         <name>lseek</name>
         <value>0x7a15</value>
         <object_component_ref idref="oc-4cb"/>
      </symbol>
      <symbol id="sm-cfc">
         <name>__TI_closefile</name>
         <value>0x6d19</value>
         <object_component_ref idref="oc-4fc"/>
      </symbol>
      <symbol id="sm-d1f">
         <name>finddevice</name>
         <value>0x7961</value>
         <object_component_ref idref="oc-58d"/>
      </symbol>
      <symbol id="sm-d20">
         <name>getdevice</name>
         <value>0x7679</value>
         <object_component_ref idref="oc-567"/>
      </symbol>
      <symbol id="sm-d30">
         <name>strncpy</name>
         <value>0x7829</value>
         <object_component_ref idref="oc-587"/>
      </symbol>
      <symbol id="sm-d45">
         <name>close</name>
         <value>0x727d</value>
         <object_component_ref idref="oc-538"/>
      </symbol>
      <symbol id="sm-d55">
         <name>unlink</name>
         <value>0x79c1</value>
         <object_component_ref idref="oc-53e"/>
      </symbol>
      <symbol id="sm-d7a">
         <name>IntRegister</name>
         <value>0x7861</value>
         <object_component_ref idref="oc-166"/>
      </symbol>
      <symbol id="sm-d7b">
         <name>g_pfnRAMVectors</name>
         <value>0x20000000</value>
         <object_component_ref idref="oc-26c"/>
      </symbol>
      <symbol id="sm-d7c">
         <name>IntMasterEnable</name>
         <value>0x7b8f</value>
         <object_component_ref idref="oc-18a"/>
      </symbol>
      <symbol id="sm-d86">
         <name>CPUcpsie</name>
         <value>0x7bbd</value>
         <object_component_ref idref="oc-288"/>
      </symbol>
      <symbol id="sm-d87">
         <name>__TI_static_base__</name>
         <value>0x0</value>
      </symbol>
      <symbol id="sm-d8a">
         <name>__mpu_init</name>
         <value>0x0</value>
      </symbol>
      <symbol id="sm-d8b">
         <name>_system_post_cinit</name>
         <value>0x0</value>
      </symbol>
      <symbol id="sm-d8c">
         <name>remove</name>
         <value>0x79c1</value>
      </symbol>
   </symbol_table>
   <title>Link successful</title>
</link_info>
